################################################################################
#                                                                              #
#      IAR Universal Linker V4.61L/W32                                         #
#                                                                              #
#           Link time     =  09/Dec/2009  14:56:41                             #
#           Target CPU    =  A90                                               #
#           List file     =  D:\avr\LM_Finial_Test\Release\List\Final_Test.map #
#           Output file 1 =  D:\avr\LM_Finial_Test\Release\Exe\Final_Test.hex  #
#                            Format: intel-extended, variant: -y(CODE)         #
#           Output file 2 =  D:\avr\LM_Finial_Test\Release\Exe\LM077.eep       #
#                            Format: intel-extended, variant: -y(XDATA)        #
#           Command line  =  -y(CODE)                                          #
#                            -Ointel-extended,(XDATA)=D:\avr\LM_Finial_Test\Re #
#                            lease\Exe\LM077.eep                               #
#                            D:\avr\LM_Finial_Test\Release\Obj\DRI_LCD.r90     #
#                            D:\avr\LM_Finial_Test\Release\Obj\DRI_LCDCHARACTE #
#                            RS.r90                                            #
#                            D:\avr\LM_Finial_Test\Release\Obj\DRI_TOUCH.r90   #
#                            D:\avr\LM_Finial_Test\Release\Obj\IR.r90          #
#                            D:\avr\LM_Finial_Test\Release\Obj\PIR.r90         #
#                            D:\avr\LM_Finial_Test\Release\Obj\US.r90          #
#                            D:\avr\LM_Finial_Test\Release\Obj\application.r90 #
#                            D:\avr\LM_Finial_Test\Release\Obj\board.r90       #
#                            D:\avr\LM_Finial_Test\Release\Obj\configuration.r #
#                            90                                                #
#                            D:\avr\LM_Finial_Test\Release\Obj\decode_scs.r90  #
#                            D:\avr\LM_Finial_Test\Release\Obj\decode_scs_next #
#                            .r90                                              #
#                            D:\avr\LM_Finial_Test\Release\Obj\font.r90        #
#                            D:\avr\LM_Finial_Test\Release\Obj\function_modali #
#                            ty.r90                                            #
#                            D:\avr\LM_Finial_Test\Release\Obj\function_servic #
#                            e.r90                                             #
#                            D:\avr\LM_Finial_Test\Release\Obj\global_variable #
#                            .r90                                              #
#                            D:\avr\LM_Finial_Test\Release\Obj\main.r90        #
#                            D:\avr\LM_Finial_Test\Release\Obj\printer.r90     #
#                            D:\avr\LM_Finial_Test\Release\Obj\usart.r90 -o    #
#                            D:\avr\LM_Finial_Test\Release\Exe\Final_Test.hex  #
#                            -Fintel-extended -l                               #
#                            D:\avr\LM_Finial_Test\Release\List\Final_Test.map #
#                            -xms                                              #
#                            "-IC:\Program Files\IAR Systems\Embedded Workbenc #
#                            h 5.3\avr\LIB\"                                   #
#                            -f                                                #
#                            "C:\Program Files\IAR Systems\Embedded Workbench  #
#                            5.3\avr\config\lnkm644ps.xcl"                     #
#                            (-D_..X_INTVEC_SIZE=7C -D_..X_FLASH_TEND=FF       #
#                            -D_..X_FLASH_NEND=FFFF -D_..X_FLASH_END=FFFF      #
#                            -D_..X_SRAM_BASE=100 -D_..X_SRAM_TEND=100         #
#                            -D_..X_SRAM_END=10FF -D_..X_EEPROM_END=7FF        #
#                            -D_..X_CSTACK_SIZE=100 -D_..X_RSTACK_SIZE=40      #
#                            -D_..X_HEAP_SIZE=80 -D_..X_NEAR_HEAP_SIZE=80      #
#                            -ca90 -Z(CODE)INTVEC=0-(_..X_INTVEC_SIZE-1)       #
#                            -H1895 -h(CODE)0-_..X_INTVEC_SIZE                 #
#                            -Z(CODE)TINY_F=_..X_INTVEC_SIZE-_..X_FLASH_TEND   #
#                            -Z(CODE)NEAR_F,SWITCH,INITTAB,DIFUNCT=_..X_INTVEC #
#                            _SIZE-_..X_FLASH_END                              #
#                            -Z(CODE)CODE=_..X_INTVEC_SIZE-_..X_FLASH_END      #
#                            -Z(CODE)TINY_ID,NEAR_ID=_..X_INTVEC_SIZE-_..X_FLA #
#                            SH_END                                            #
#                            -Z(CODE)CHECKSUM#_..X_FLASH_END                   #
#                            -Z(DATA)TINY_I,TINY_Z,TINY_N=_..X_SRAM_BASE-_..X_ #
#                            SRAM_TEND                                         #
#                            -Z(DATA)NEAR_I,NEAR_Z,NEAR_N=_..X_SRAM_BASE-_..X_ #
#                            SRAM_END                                          #
#                            -Z(DATA)RSTACK+_..X_RSTACK_SIZE=_..X_SRAM_BASE-_. #
#                            .X_SRAM_END                                       #
#                            -Z(DATA)CSTACK+_..X_CSTACK_SIZE=_..X_SRAM_BASE-_. #
#                            .X_SRAM_END                                       #
#                            -Z(DATA)HEAP+_..X_HEAP_SIZE=_..X_SRAM_BASE-_..X_S #
#                            RAM_END                                           #
#                            -Z(DATA)IOSTREAM_N#_..X_SRAM_BASE-_..X_SRAM_END   #
#                            -Z(DATA)NEAR_HEAP+_..X_NEAR_HEAP_SIZE=_..X_SRAM_B #
#                            ASE-_..X_SRAM_END                                 #
#                            -Z(XDATA)EEPROM_I,EEPROM_N=0-_..X_EEPROM_END      #
#                            -e_PrintfSmall=_Printf                            #
#                            -e_small_write=_formatted_write                   #
#                            -e_small_write_P=_formatted_write_P               #
#                            -e_ScanfSmall=_Scanf                              #
#                            -e_medium_read=_formatted_read                    #
#                            -e_medium_read_P=_formatted_read_P -w29) -s       #
#                            __program_start                                   #
#                            "C:\Program Files\IAR Systems\Embedded Workbench  #
#                            5.3\avr\LIB\CLIB\cl3s-ec_mul-sf.r90"              #
#                                                                              #
#                           Copyright (C) 1987-2009 IAR Systems AB.            #
################################################################################





                ****************************************
                *                                      *
                *           CROSS REFERENCE            *
                *                                      *
                ****************************************

       Program entry at : CODE      00000000  Relocatable, from module : ?RESET




                ****************************************
                *                                      *
                *            RUNTIME MODEL             *
                *                                      *
                ****************************************

  EEPROM_SIZE     = 2
  R10             = REG
  R11             = REG
  R12             = REG
  R13             = REG
  R14             = REG
  R15             = REG
  R4              = REG
  R5              = REG
  R6              = REG
  R7              = REG
  R8              = REG
  R9              = REG
  __64bit_doubles = disabled
  __cpu           = 3
  __cpu_name      = ATmega644P
  __enhanced_core = enabled
  __has_elpm      = false
  __memory_model  = 2
  __rt_version    = 3



                ****************************************
                *                                      *
                *              MODULE MAP              *
                *                                      *
                ****************************************


  DEFINED ABSOLUTE ENTRIES
  PROGRAM MODULE, NAME : ?ABS_ENTRY_MOD

Absolute parts
           ENTRY                   ADDRESS         REF BY
           =====                   =======         ======
           _..X_NEAR_HEAP_SIZE     00000080 
           _..X_HEAP_SIZE          00000080 
           _..X_RSTACK_SIZE        00000040 
           _..X_CSTACK_SIZE        00000100 
           _..X_EEPROM_END         000007FF 
           _..X_SRAM_END           000010FF 
           _..X_SRAM_TEND          00000100 
           _..X_SRAM_BASE          00000100 
           _..X_FLASH_END          0000FFFF 
           _..X_FLASH_NEND         0000FFFF 
           _..X_FLASH_TEND         000000FF 
           _..X_INTVEC_SIZE        0000007C 
    *************************************************************************

  FILE NAME : D:\avr\LM_Finial_Test\Release\Obj\DRI_LCD.r90
  PROGRAM MODULE, NAME : DRI_LCD

  SEGMENTS IN THE MODULE
  ======================
ABSOLUTE
  Relative segment, address: DATA 000000B3 - 000000B3 (0x1 bytes), align: 0
  Segment part 1. ROOT.       Intra module refs:   light_adj
                                                   timer2_enable (application)
           ENTRY                   ADDRESS         REF BY
           =====                   =======         ======
           _A_OCR2A                000000B3 
    -------------------------------------------------------------------------
ABSOLUTE
  Relative segment, address: DATA 00000028 - 00000028 (0x1 bytes), align: 0
  Segment part 2. ROOT.       Intra module refs:   IO_Initial (board)
                                                   LCD_init
                                                   TOUCH_CAIJI1 (DRI_TOUCH)
                                                   start_conf (application)
                                                   timer0_ovf_ser (board)
           ENTRY                   ADDRESS         REF BY
           =====                   =======         ======
           _A_PORTC                00000028 
    -------------------------------------------------------------------------
ABSOLUTE
  Relative segment, address: DATA 00000025 - 00000025 (0x1 bytes), align: 0
  Segment part 3. ROOT.       Intra module refs:   IO_Initial (board)
                                                   LCD_init
                                                   LCD_wr_command
                                                   LCD_wr_data
                                                   TOUCH_CAIJI1 (DRI_TOUCH)
                                                   TOUCH_READ1 (DRI_TOUCH)
                                                   TOUCH_WRITE1 (DRI_TOUCH)
                                                   timer2_ovf_ser (board)
           ENTRY                   ADDRESS         REF BY
           =====                   =======         ======
           _A_PORTB                00000025 
    -------------------------------------------------------------------------
ABSOLUTE
  Relative segment, address: DATA 00000022 - 00000022 (0x1 bytes), align: 0
  Segment part 4. ROOT.       Intra module refs:   IO_Initial (board)
                                                   LCD_wr_command
                                                   LCD_wr_data
           ENTRY                   ADDRESS         REF BY
           =====                   =======         ======
           _A_PORTA                00000022 
    -------------------------------------------------------------------------
ABSOLUTE
  Relative segment, address: DATA 00000021 - 00000021 (0x1 bytes), align: 0
  Segment part 5. ROOT.       Intra module refs:   IO_Initial (board)
                                                   LCD_init
           ENTRY                   ADDRESS         REF BY
           =====                   =======         ======
           _A_DDRA                 00000021 
    -------------------------------------------------------------------------
EEPROM_I
  Relative segment, address: XDATA 00000000 - 00000000 (0x1 bytes), align: 0
  Segment part 12.            Intra module refs:   light_adj
           ENTRY                   ADDRESS         REF BY
           =====                   =======         ======
           ee_back_light_duty      00000000        timer2_enable (application)
    -------------------------------------------------------------------------
NEAR_Z
  Relative segment, address: DATA 000005FE - 00000607 (0xa bytes), align: 0
  Segment part 13.            Intra module refs:   LCD_dischar0811
                                                   LCD_disdatatrans
           ENTRY                   ADDRESS         REF BY
           =====                   =======         ======
           Lcd_dis_data            000005FE 
    -------------------------------------------------------------------------
CODE
  Relative segment, address: CODE 00000A1A - 00000AB3 (0x9a bytes), align: 1
  Segment part 15.
           ENTRY                   ADDRESS         REF BY
           =====                   =======         ======
           LCD_init                00000A1A        main (main)
               calls direct
               RSTACK = 00000000 ( 00000002 )
    -------------------------------------------------------------------------
CODE
  Relative segment, address: CODE 00000AB4 - 00000AC5 (0x12 bytes), align: 1
  Segment part 16.            Intra module refs:   LCD_RAM_ADDRESS
                                                   LCD_dischar0811
                                                   LCD_init
           ENTRY                   ADDRESS         REF BY
           =====                   =======         ======
           LCD_wr_command          00000AB4 
               calls direct
               RSTACK = 00000000 ( 00000002 )
    -------------------------------------------------------------------------
CODE
  Relative segment, address: CODE 00000AC6 - 00000AD7 (0x12 bytes), align: 1
  Segment part 17.            Intra module refs:   LCD_Clr
                                                   LCD_dischar0811
           ENTRY                   ADDRESS         REF BY
           =====                   =======         ======
           LCD_wr_data             00000AC6 
               calls direct
               RSTACK = 00000000 ( 00000002 )
    -------------------------------------------------------------------------
CODE
  Relative segment, address: CODE 00000AD8 - 00000AD9 (0x2 bytes), align: 1
  Segment part 19.            Intra module refs:   LCD_wr_command
                                                   LCD_wr_data
           ENTRY                   ADDRESS         REF BY
           =====                   =======         ======
           byte_reverse            00000AD8 
               RSTACK = 00000000 ( 00000002 )
    -------------------------------------------------------------------------
CODE
  Relative segment, address: CODE 00000ADA - 00000B0F (0x36 bytes), align: 1
  Segment part 20.            Intra module refs:   LCD_Clr
           ENTRY                   ADDRESS         REF BY
           =====                   =======         ======
           LCD_RAM_ADDRESS         00000ADA 
               calls direct
               RSTACK = 00000000 ( 00000002 )
    -------------------------------------------------------------------------
CODE
  Relative segment, address: CODE 00000B10 - 00000B3F (0x30 bytes), align: 1
  Segment part 22.            Intra module refs:   LCD_dischar0811
           ENTRY                   ADDRESS         REF BY
           =====                   =======         ======
           LCD_disdatatrans        00000B10 
               RSTACK = 00000000 ( 00000002 )
    -------------------------------------------------------------------------
CODE
  Relative segment, address: CODE 00000B40 - 00000B63 (0x24 bytes), align: 1
  Segment part 25.            Intra module refs:   LCD_init
           ENTRY                   ADDRESS         REF BY
           =====                   =======         ======
           LCD_Clr                 00000B40        input_screen (printer)
                                                   main (main)
                                                   test_screen (printer)
               calls direct
               RSTACK = 00000000 ( 00000002 )
               CSTACK = 00000000 ( 00000002 )
    -------------------------------------------------------------------------
CODE
  Relative segment, address: CODE 00000B64 - 00000BBF (0x5c bytes), align: 1
  Segment part 32.
           ENTRY                   ADDRESS         REF BY
           =====                   =======         ======
           LCD_distring            00000B64        input_screen (printer)
                                                   menu_00 (printer)
                                                   menu_01 (printer)
                                                   menu_02 (printer)
                                                   test_screen (printer)
                                                   touch_key_blink (printer)
                                                   touch_key_blink_01 (printer)
                                                   touch_key_blink_02 (printer)
               calls direct
               RSTACK = 00000000 ( 00000004 )
               CSTACK = 00000000 ( 00000006 )
    -------------------------------------------------------------------------
CODE
  Relative segment, address: CODE 00000BC0 - 00000C23 (0x64 bytes), align: 1
  Segment part 33.
           ENTRY                   ADDRESS         REF BY
           =====                   =======         ======
           LCD_distring_V2         00000BC0        menu_00 (printer)
                                                   menu_01 (printer)
                                                   menu_02 (printer)
               calls direct
               RSTACK = 00000000 ( 00000004 )
               CSTACK = 00000000 ( 00000006 )
    -------------------------------------------------------------------------
CODE
  Relative segment, address: CODE 00000C24 - 00000C85 (0x62 bytes), align: 1
  Segment part 34.
           ENTRY                   ADDRESS         REF BY
           =====                   =======         ======
           LCD_distring_ee         00000C24        input_screen (printer)
                                                   menu_02 (printer)
               calls direct
               RSTACK = 00000000 ( 00000004 )
               CSTACK = 00000000 ( 00000006 )
    -------------------------------------------------------------------------
CODE
  Relative segment, address: CODE 00000C86 - 00000D2F (0xaa bytes), align: 1
  Segment part 35.            Intra module refs:   LCD_distring
                                                   LCD_distring_V2
                                                   LCD_distring_ee
           ENTRY                   ADDRESS         REF BY
           =====                   =======         ======
           LCD_dischar0811         00000C86 
               calls direct
               RSTACK = 00000000 ( 00000004 )
               CSTACK = 00000000 ( 00000008 )
    -------------------------------------------------------------------------
CODE
  Relative segment, address: CODE 00000D30 - 00000D75 (0x46 bytes), align: 1
  Segment part 36.
           ENTRY                   ADDRESS         REF BY
           =====                   =======         ======
           light_adj               00000D30        input_screen (printer)
                                                   main (main)
                                                   menu_01 (printer)
                                                   menu_02 (printer)
                                                   test_screen (printer)
               calls direct
               RSTACK = 00000000 ( 00000004 )
    -------------------------------------------------------------------------
ABSOLUTE
  Relative segment, address: DATA 0000001F, align: 0
  Segment part 6. ROOT.
           ENTRY                   ADDRESS         REF BY
           =====                   =======         ======
           __?EECR                 0000001F        Segment part 0 (?EEPROM_16)
                                                   Segment part 1 (?EEPROM_16)
                                                   Segment part 8 (?EEPROM_16)
    -------------------------------------------------------------------------
ABSOLUTE
  Relative segment, address: DATA 00000020, align: 0
  Segment part 7. ROOT.
           ENTRY                   ADDRESS         REF BY
           =====                   =======         ======
           __?EEDR                 00000020        __eeget16_16 (?EEPROM_16)
                                                   __eeget32_16 (?EEPROM_16)
                                                   __eeget8_16 (?EEPROM_16)
                                                   __eeput16_16 (?EEPROM_16)
                                                   __eeput8_16 (?EEPROM_16)
    -------------------------------------------------------------------------
ABSOLUTE
  Relative segment, address: DATA 00000021, align: 0
  Segment part 8. ROOT.
           ENTRY                   ADDRESS         REF BY
           =====                   =======         ======
           __?EEARL                00000021        Segment part 1 (?EEPROM_16)
                                                   Segment part 8 (?EEPROM_16)
    -------------------------------------------------------------------------
ABSOLUTE
  Relative segment, address: DATA 00000022, align: 0
  Segment part 9. ROOT.
           ENTRY                   ADDRESS         REF BY
           =====                   =======         ======
           __?EEARH                00000022        Segment part 1 (?EEPROM_16)
                                                   Segment part 8 (?EEPROM_16)
    -------------------------------------------------------------------------
INITTAB
  Relative segment, address: CODE 00000A0E - 00000A13 (0x6 bytes), align: 0
  Segment part 14.            Intra module refs:   Configurators (global_variable)
                                                   DLL (global_variable)
                                                   KO (global_variable)
                                                   KO_conf (global_variable)
                                                   Lcd_dis_data
                                                   M2_timer_count (global_variable)
                                                   Menu_status (global_variable)
                                                   PIR_detection_en (global_variable)
                                                   SCS_received (global_variable)
                                                   Segment part 20 (usart)
                                                   Segment part 33 (global_variable)
                                                   Segment part 39 (printer)
                                                   Segment part 42 (printer)
                                                   Segment part 43 (printer)
                                                   Segment part 44 (printer)
                                                   Time_delay (global_variable)
                                                   US_detection_en (global_variable)
                                                   avg_x (global_variable)
                                                   avg_y (global_variable)
                                                   error (DRI_TOUCH)
                                                   g_asc_reception_buffer (global_variable)
                                                   g_asc_short_buffer (global_variable)
                                                   g_lux (global_variable)
                                                   g_reception_buffer (global_variable)
                                                   g_short_buffer (global_variable)
                                                   g_slope (global_variable)
                                                   g_temp (global_variable)
                                                   g_timer2_flag (global_variable)
                                                   g_touched (printer)
                                                   modality0_delay_ms (global_variable)
                                                   motion_total (global_variable)
                                                   product_information (global_variable)
                                                   scs_frame (global_variable)
                                                   state2 (main)
                                                   tx1_buffer (global_variable)
                                                   tx1_counter (global_variable)
                                                   tx1_rd_index (global_variable)
                                                   vx (global_variable)
                                                   vy (global_variable)
           ENTRY                   ADDRESS         REF BY
           =====                   =======         ======
           ?<Segment init: NEAR_Z>
                                   00000A0E 

    *************************************************************************

  FILE NAME : D:\avr\LM_Finial_Test\Release\Obj\DRI_LCDCHARACTERS.r90
  PROGRAM MODULE, NAME : DRI_LCDCHARACTERS

  SEGMENTS IN THE MODULE
  ======================
NEAR_F
  Relative segment, address: CODE 0000007C - 000004E8 (0x46d bytes), align: 0
  Segment part 8.
           ENTRY                   ADDRESS         REF BY
           =====                   =======         ======
           ASC0811                 0000007C        LCD_distring (DRI_LCD)
                                                   LCD_distring_V2 (DRI_LCD)
                                                   LCD_distring_ee (DRI_LCD)

    *************************************************************************

  FILE NAME : D:\avr\LM_Finial_Test\Release\Obj\DRI_TOUCH.r90
  PROGRAM MODULE, NAME : DRI_TOUCH

  SEGMENTS IN THE MODULE
  ======================
ABSOLUTE
  Relative segment, address: DATA 00000029 - 00000029 (0x1 bytes), align: 0
  Segment part 1. ROOT.       Intra module refs:   average1
                                                   input_screen (printer)
                                                   main (main)
                                                   menu_01 (printer)
                                                   menu_02 (printer)
                                                   test_screen (printer)
           ENTRY                   ADDRESS         REF BY
           =====                   =======         ======
           _A_PIND                 00000029 
    -------------------------------------------------------------------------
ABSOLUTE
  Relative segment, address: DATA 00000023 - 00000023 (0x1 bytes), align: 0
  Segment part 4. ROOT.       Intra module refs:   TOUCH_READ1
                                                   get_key (board)
           ENTRY                   ADDRESS         REF BY
           =====                   =======         ======
           _A_PINB                 00000023 
    -------------------------------------------------------------------------
NEAR_Z
  Relative segment, address: DATA 00000608 - 00000608 (0x1 bytes), align: 0
  Segment part 11.            Intra module refs:   average1
           ENTRY                   ADDRESS         REF BY
           =====                   =======         ======
           error                   00000608 
    -------------------------------------------------------------------------
CODE
  Relative segment, address: CODE 00000D76 - 00000D79 (0x4 bytes), align: 1
  Segment part 14.
           ENTRY                   ADDRESS         REF BY
           =====                   =======         ======
           TOUCH_getdata           00000D76        input_screen (printer)
                                                   main (main)
                                                   menu_01 (printer)
                                                   menu_02 (printer)
                                                   test_screen (printer)
               calls direct
               RSTACK = 00000000 ( 00000002 )
    -------------------------------------------------------------------------
CODE
  Relative segment, address: CODE 00000D7A - 00000EEF (0x176 bytes), align: 1
  Segment part 15.            Intra module refs:   TOUCH_getdata
           ENTRY                   ADDRESS         REF BY
           =====                   =======         ======
           average1                00000D7A 
               calls direct
               RSTACK = 00000000 ( 00000004 )
               CSTACK = 00000000 ( 0000002E )
    -------------------------------------------------------------------------
CODE
  Relative segment, address: CODE 00000EF0 - 00000F1B (0x2c bytes), align: 1
  Segment part 17.            Intra module refs:   average1
           ENTRY                   ADDRESS         REF BY
           =====                   =======         ======
           TOUCH_CAIJI1            00000EF0 
               calls direct
               RSTACK = 00000000 ( 00000002 )
    -------------------------------------------------------------------------
CODE
  Relative segment, address: CODE 00000F1C - 00000F4B (0x30 bytes), align: 1
  Segment part 18.            Intra module refs:   TOUCH_CAIJI1
           ENTRY                   ADDRESS         REF BY
           =====                   =======         ======
           TOUCH_WRITE1            00000F1C 
               calls direct
               RSTACK = 00000000 ( 00000002 )
               CSTACK = 00000000 ( 00000002 )
    -------------------------------------------------------------------------
CODE
  Relative segment, address: CODE 00000F4C - 00000F7B (0x30 bytes), align: 1
  Segment part 19.            Intra module refs:   TOUCH_CAIJI1
           ENTRY                   ADDRESS         REF BY
           =====                   =======         ======
           TOUCH_READ1             00000F4C 
               calls direct
               RSTACK = 00000000 ( 00000002 )
               CSTACK = 00000000 ( 00000004 )

    *************************************************************************

  FILE NAME : D:\avr\LM_Finial_Test\Release\Obj\IR.r90
  PROGRAM MODULE, NAME : IR

  SEGMENTS IN THE MODULE
  ======================
ABSOLUTE
  Relative segment, address: DATA 000000CE - 000000CE (0x1 bytes), align: 0
  Segment part 1. ROOT.       Intra module refs:   print_out (printer)
                                                   print_out_flash (printer)
                                                   usart1_rx_ser
                                                   usart_tx_ser
           ENTRY                   ADDRESS         REF BY
           =====                   =======         ======
           _A_UDR1                 000000CE 
    -------------------------------------------------------------------------
ABSOLUTE
  Relative segment, address: DATA 000000CC - 000000CD (0x2 bytes), align: 0
  Segment part 2. ROOT.       Intra module refs:   print_initial (printer)
           ENTRY                   ADDRESS         REF BY
           =====                   =======         ======
           _A_UBRR1                000000CC 
    -------------------------------------------------------------------------
ABSOLUTE
  Relative segment, address: DATA 000000CA - 000000CA (0x1 bytes), align: 0
  Segment part 3. ROOT.       Intra module refs:   print_initial (printer)
           ENTRY                   ADDRESS         REF BY
           =====                   =======         ======
           _A_UCSR1C               000000CA 
    -------------------------------------------------------------------------
ABSOLUTE
  Relative segment, address: DATA 000000C9 - 000000C9 (0x1 bytes), align: 0
  Segment part 4. ROOT.       Intra module refs:   print_initial (printer)
           ENTRY                   ADDRESS         REF BY
           =====                   =======         ======
           _A_UCSR1B               000000C9 
    -------------------------------------------------------------------------
ABSOLUTE
  Relative segment, address: DATA 000000C8 - 000000C8 (0x1 bytes), align: 0
  Segment part 5. ROOT.       Intra module refs:   print_initial (printer)
                                                   print_out (printer)
                                                   print_out_flash (printer)
           ENTRY                   ADDRESS         REF BY
           =====                   =======         ======
           _A_UCSR1A               000000C8 
    -------------------------------------------------------------------------
ABSOLUTE
  Relative segment, address: DATA 0000008A - 0000008B (0x2 bytes), align: 0
  Segment part 6. ROOT.
           ENTRY                   ADDRESS         REF BY
           =====                   =======         ======
           _A_OCR1B                0000008A 
    -------------------------------------------------------------------------
ABSOLUTE
  Relative segment, address: DATA 00000088 - 00000089 (0x2 bytes), align: 0
  Segment part 7. ROOT.
           ENTRY                   ADDRESS         REF BY
           =====                   =======         ======
           _A_OCR1A                00000088 
    -------------------------------------------------------------------------
ABSOLUTE
  Relative segment, address: DATA 00000086 - 00000087 (0x2 bytes), align: 0
  Segment part 8. ROOT.
           ENTRY                   ADDRESS         REF BY
           =====                   =======         ======
           _A_ICR1                 00000086 
    -------------------------------------------------------------------------
ABSOLUTE
  Relative segment, address: DATA 00000081 - 00000081 (0x1 bytes), align: 0
  Segment part 9. ROOT.
           ENTRY                   ADDRESS         REF BY
           =====                   =======         ======
           _A_TCCR1B               00000081 
    -------------------------------------------------------------------------
ABSOLUTE
  Relative segment, address: DATA 00000080 - 00000080 (0x1 bytes), align: 0
  Segment part 10. ROOT.
           ENTRY                   ADDRESS         REF BY
           =====                   =======         ======
           _A_TCCR1A               00000080 
    -------------------------------------------------------------------------
CODE
  Relative segment, address: CODE 00000F7C - 0000102D (0xb2 bytes), align: 1
  Segment part 25.            Intra module refs:   usart1_rx_ser::??INTVEC 112
           ENTRY                   ADDRESS         REF BY
           =====                   =======         ======
           usart1_rx_ser           00000F7C 
               interrupt function
               RSTACK = 00000000 ( 00000002 )
               CSTACK = 00000000 ( 00000009 )
    -------------------------------------------------------------------------
CODE
  Relative segment, address: CODE 0000102E - 0000107D (0x50 bytes), align: 1
  Segment part 26.            Intra module refs:   usart_tx_ser::??INTVEC 120
           ENTRY                   ADDRESS         REF BY
           =====                   =======         ======
           usart_tx_ser            0000102E 
               interrupt function
               RSTACK = 00000000 ( 00000002 )
               CSTACK = 00000000 ( 00000005 )
    -------------------------------------------------------------------------
INTVEC
  Common segment, address: CODE 00000000 - 00000073 (0x74 bytes), align: 1
  Segment part 15. ROOT.
           ENTRY                   ADDRESS         REF BY
           =====                   =======         ======
           usart1_rx_ser::??INTVEC 112
                                   00000070 
    -------------------------------------------------------------------------
INTVEC
  Common segment, address: CODE 00000000 - 0000007B (0x7c bytes), align: 1
  Segment part 16. ROOT.
           ENTRY                   ADDRESS         REF BY
           =====                   =======         ======
           usart_tx_ser::??INTVEC 120
                                   00000078 
    -------------------------------------------------------------------------
INITTAB
  Relative segment, address: CODE 00000A14 - 00000A19 (0x6 bytes), align: 0
  Segment part 21.            Intra module refs:   Segment part 19 (printer)
                                                   Segment part 22 (printer)
                                                   Segment part 24 (application)
                                                   Segment part 24 (printer)
                                                   Segment part 26 (printer)
                                                   Segment part 27 (application)
                                                   Segment part 30 (printer)
                                                   Segment part 32 (printer)
                                                   Segment part 37 (printer)
                                                   Segment part 8 (main)
                                                   g_buffer_tx (printer)
                                                   g_hard (global_variable)
                                                   g_model (global_variable)
                                                   g_soft (global_variable)
                                                   g_week (global_variable)
                                                   g_year (global_variable)
           ENTRY                   ADDRESS         REF BY
           =====                   =======         ======
           ?<Segment init: NEAR_I>
                                   00000A14 

    *************************************************************************

  FILE NAME : D:\avr\LM_Finial_Test\Release\Obj\PIR.r90
    *************************************************************************

  FILE NAME : D:\avr\LM_Finial_Test\Release\Obj\US.r90
    *************************************************************************

  FILE NAME : D:\avr\LM_Finial_Test\Release\Obj\application.r90
  PROGRAM MODULE, NAME : application

  SEGMENTS IN THE MODULE
  ======================
ABSOLUTE
  Relative segment, address: DATA 000000B6 - 000000B6 (0x1 bytes), align: 0
  Segment part 1. ROOT.       Intra module refs:   timer0_enable
           ENTRY                   ADDRESS         REF BY
           =====                   =======         ======
           _A_ASSR                 000000B6 
    -------------------------------------------------------------------------
ABSOLUTE
  Relative segment, address: DATA 000000B1 - 000000B1 (0x1 bytes), align: 0
  Segment part 3. ROOT.       Intra module refs:   timer2_enable
           ENTRY                   ADDRESS         REF BY
           =====                   =======         ======
           _A_TCCR2B               000000B1 
    -------------------------------------------------------------------------
ABSOLUTE
  Relative segment, address: DATA 000000B0 - 000000B0 (0x1 bytes), align: 0
  Segment part 4. ROOT.       Intra module refs:   timer2_enable
           ENTRY                   ADDRESS         REF BY
           =====                   =======         ======
           _A_TCCR2A               000000B0 
    -------------------------------------------------------------------------
ABSOLUTE
  Relative segment, address: DATA 0000006E - 0000006E (0x1 bytes), align: 0
  Segment part 5. ROOT.       Intra module refs:   timer0_enable
           ENTRY                   ADDRESS         REF BY
           =====                   =======         ======
           _A_TIMSK0               0000006E 
    -------------------------------------------------------------------------
ABSOLUTE
  Relative segment, address: DATA 00000048 - 00000048 (0x1 bytes), align: 0
  Segment part 6. ROOT.       Intra module refs:   timer0_enable
           ENTRY                   ADDRESS         REF BY
           =====                   =======         ======
           _A_OCR0B                00000048 
    -------------------------------------------------------------------------
ABSOLUTE
  Relative segment, address: DATA 00000047 - 00000047 (0x1 bytes), align: 0
  Segment part 7. ROOT.       Intra module refs:   timer0_enable
           ENTRY                   ADDRESS         REF BY
           =====                   =======         ======
           _A_OCR0A                00000047 
    -------------------------------------------------------------------------
ABSOLUTE
  Relative segment, address: DATA 00000046 - 00000046 (0x1 bytes), align: 0
  Segment part 8. ROOT.       Intra module refs:   timer0_enable
                                                   timer0_ovf_ser (board)
           ENTRY                   ADDRESS         REF BY
           =====                   =======         ======
           _A_TCNT0                00000046 
    -------------------------------------------------------------------------
ABSOLUTE
  Relative segment, address: DATA 00000045 - 00000045 (0x1 bytes), align: 0
  Segment part 9. ROOT.       Intra module refs:   timer0_enable
           ENTRY                   ADDRESS         REF BY
           =====                   =======         ======
           _A_TCCR0B               00000045 
    -------------------------------------------------------------------------
ABSOLUTE
  Relative segment, address: DATA 00000044 - 00000044 (0x1 bytes), align: 0
  Segment part 10. ROOT.      Intra module refs:   timer0_enable
           ENTRY                   ADDRESS         REF BY
           =====                   =======         ======
           _A_TCCR0A               00000044 
    -------------------------------------------------------------------------
ABSOLUTE
  Relative segment, address: DATA 0000002B - 0000002B (0x1 bytes), align: 0
  Segment part 11. ROOT.      Intra module refs:   IO_Initial (board)
                                                   led_blinking_disable
                                                   timer0_ovf_ser (board)
           ENTRY                   ADDRESS         REF BY
           =====                   =======         ======
           _A_PORTD                0000002B 
    -------------------------------------------------------------------------
CODE
  Relative segment, address: CODE 0000107E - 0000109F (0x22 bytes), align: 1
  Segment part 52.
           ENTRY                   ADDRESS         REF BY
           =====                   =======         ======
           timer0_enable           0000107E        main (main)
               RSTACK = 00000000 ( 00000002 )
    -------------------------------------------------------------------------
CODE
  Relative segment, address: CODE 000010A0 - 000010B7 (0x18 bytes), align: 1
  Segment part 53.
           ENTRY                   ADDRESS         REF BY
           =====                   =======         ======
           timer2_enable           000010A0        main (main)
               RSTACK = 00000000 ( 00000004 )
    -------------------------------------------------------------------------
CODE
  Relative segment, address: CODE 000010B8 - 000010F9 (0x42 bytes), align: 1
  Segment part 67.            Intra module refs:   led_blinking_normal
                                                   start_conf
           ENTRY                   ADDRESS         REF BY
           =====                   =======         ======
           led_blinking            000010B8        menu_02 (printer)
                                                   test_screen (printer)
               RSTACK = 00000000 ( 00000002 )
               CSTACK = 00000000 ( 00000004 )
    -------------------------------------------------------------------------
CODE
  Relative segment, address: CODE 000010FA - 00001113 (0x1a bytes), align: 1
  Segment part 70.            Intra module refs:   PnL_ad_end
                                                   led_blinking_normal
           ENTRY                   ADDRESS         REF BY
           =====                   =======         ======
           led_blinking_disable    000010FA        main (main)
                                                   menu_02 (printer)
                                                   test_screen (printer)
                                                   timer0_ovf_ser (board)
               RSTACK = 00000000 ( 00000002 )
    -------------------------------------------------------------------------
CODE
  Relative segment, address: CODE 00001114 - 0000113D (0x2a bytes), align: 1
  Segment part 71.
           ENTRY                   ADDRESS         REF BY
           =====                   =======         ======
           timer_flex_initial      00001114        average1 (DRI_TOUCH)
                                                   menu_02 (printer)
                                                   test_screen (printer)
               RSTACK = 00000000 ( 00000002 )
    -------------------------------------------------------------------------
CODE
  Relative segment, address: CODE 0000113E - 00001167 (0x2a bytes), align: 1
  Segment part 72.
           ENTRY                   ADDRESS         REF BY
           =====                   =======         ======
           timer_flex2_initial     0000113E        input_screen (printer)
                                                   menu_01 (printer)
                                                   menu_02 (printer)
                                                   test_screen (printer)
               RSTACK = 00000000 ( 00000002 )
    -------------------------------------------------------------------------
CODE
  Relative segment, address: CODE 00001168 - 00001197 (0x30 bytes), align: 1
  Segment part 74.
           ENTRY                   ADDRESS         REF BY
           =====                   =======         ======
           all_reception_buffer_clear
                                   00001168        menu_02 (printer)
                                                   test_screen (printer)
               calls direct
               RSTACK = 00000000 ( 00000004 )
    -------------------------------------------------------------------------
CODE
  Relative segment, address: CODE 00001198 - 000014AF (0x318 bytes), align: 1
  Segment part 76.
           ENTRY                   ADDRESS         REF BY
           =====                   =======         ======
           start_conf              00001198        main (main)
               calls direct
               RSTACK = 00000000 ( 00000004 )
               CSTACK = 00000000 ( 0000000C )
    -------------------------------------------------------------------------
CODE
  Relative segment, address: CODE 000014B0 - 00001623 (0x174 bytes), align: 1
  Segment part 78.            Intra module refs:   Segment part 95
           ENTRY                   ADDRESS         REF BY
           =====                   =======         ======
           configurator_to_KO      000014B0        load_parameter (configuration)
               RSTACK = 00000000 ( 00000004 )
    -------------------------------------------------------------------------
CODE
  Relative segment, address: CODE 00001624 - 00001631 (0xe bytes), align: 1
  Segment part 82.            Intra module refs:   PnL_NONE_end
           ENTRY                   ADDRESS         REF BY
           =====                   =======         ======
           frame_send_enable_automatic_control
                                   00001624 
               calls direct
               RSTACK = 00000000 ( 00000002 )
    -------------------------------------------------------------------------
CODE
  Relative segment, address: CODE 00001632 - 0000163F (0xe bytes), align: 1
  Segment part 85.            Intra module refs:   PnL_NONE_end
           ENTRY                   ADDRESS         REF BY
           =====                   =======         ======
           frame_send_end_pnl      00001632 
               calls direct
               RSTACK = 00000000 ( 00000002 )
    -------------------------------------------------------------------------
CODE
  Relative segment, address: CODE 00001640 - 000016B5 (0x76 bytes), align: 1
  Segment part 87.            Intra module refs:   PnL_NONE_end
                                                   start_conf
           ENTRY                   ADDRESS         REF BY
           =====                   =======         ======
           led_blinking_normal     00001640 
               calls direct
               RSTACK = 00000000 ( 00000004 )
    -------------------------------------------------------------------------
CODE
  Relative segment, address: CODE 000016B6 - 0000171B (0x66 bytes), align: 1
  Segment part 90.
           ENTRY                   ADDRESS         REF BY
           =====                   =======         ======
           PnL_ad_end              000016B6        timer0_ovf_ser (board)
               calls direct
               RSTACK = 00000000 ( 00000002 )
               CSTACK = 00000000 ( 00000014 )
    -------------------------------------------------------------------------
CODE
  Relative segment, address: CODE 0000171C - 0000172F (0x14 bytes), align: 1
  Segment part 91.
           ENTRY                   ADDRESS         REF BY
           =====                   =======         ======
           PnL_NONE_end            0000171C        timer0_ovf_ser (board)
               calls direct
               RSTACK = 00000000 ( 00000002 )
    -------------------------------------------------------------------------
CODE
  Relative segment, address: CODE 00001730 - 00001765 (0x36 bytes), align: 1
  Segment part 94.
           ENTRY                   ADDRESS         REF BY
           =====                   =======         ======
           test_ID_assigned        00001730        main (main)
               RSTACK = 00000000 ( 00000004 )
    -------------------------------------------------------------------------
NEAR_ID
  Relative segment, address: CODE 00004DEA - 00004E48 (0x5f bytes), align: 0
  Segment part 25.            Intra module refs:   Segment part 24
    -------------------------------------------------------------------------
NEAR_ID
  Relative segment, address: CODE 00004E49 - 00004E5F (0x17 bytes), align: 0
  Segment part 28.            Intra module refs:   Segment part 27
    -------------------------------------------------------------------------
SWITCH
  Relative segment, address: CODE 00000948 - 00000961 (0x1a bytes), align: 1
  Segment part 95.            Intra module refs:   configurator_to_KO
    -------------------------------------------------------------------------
NEAR_I
  Relative segment, address: DATA 00000100 - 0000015E (0x5f bytes), align: 0
  Segment part 24.            Intra module refs:   PnL_ad_end
                                                   frame_send_enable_automatic_control
                                                   frame_send_end_pnl
    -------------------------------------------------------------------------
NEAR_I
  Relative segment, address: DATA 0000015F - 00000175 (0x17 bytes), align: 0
  Segment part 27.            Intra module refs:   start_conf

    *************************************************************************

  FILE NAME : D:\avr\LM_Finial_Test\Release\Obj\board.r90
  PROGRAM MODULE, NAME : board

  SEGMENTS IN THE MODULE
  ======================
ABSOLUTE
  Relative segment, address: DATA 000000B2 - 000000B2 (0x1 bytes), align: 0
  Segment part 1. ROOT.       Intra module refs:   timer2_ovf_ser
           ENTRY                   ADDRESS         REF BY
           =====                   =======         ======
           _A_TCNT2                000000B2 
    -------------------------------------------------------------------------
ABSOLUTE
  Relative segment, address: DATA 00000084 - 00000085 (0x2 bytes), align: 0
  Segment part 5. ROOT.
           ENTRY                   ADDRESS         REF BY
           =====                   =======         ======
           _A_TCNT1                00000084 
    -------------------------------------------------------------------------
ABSOLUTE
  Relative segment, address: DATA 0000007E - 0000007E (0x1 bytes), align: 0
  Segment part 8. ROOT.
           ENTRY                   ADDRESS         REF BY
           =====                   =======         ======
           _A_DIDR0                0000007E 
    -------------------------------------------------------------------------
ABSOLUTE
  Relative segment, address: DATA 0000007C - 0000007C (0x1 bytes), align: 0
  Segment part 9. ROOT.
           ENTRY                   ADDRESS         REF BY
           =====                   =======         ======
           _A_ADMUX                0000007C 
    -------------------------------------------------------------------------
ABSOLUTE
  Relative segment, address: DATA 0000007A - 0000007A (0x1 bytes), align: 0
  Segment part 10. ROOT.
           ENTRY                   ADDRESS         REF BY
           =====                   =======         ======
           _A_ADCSRA               0000007A 
    -------------------------------------------------------------------------
ABSOLUTE
  Relative segment, address: DATA 00000078 - 00000079 (0x2 bytes), align: 0
  Segment part 11. ROOT.
           ENTRY                   ADDRESS         REF BY
           =====                   =======         ======
           _A_ADC                  00000078 
    -------------------------------------------------------------------------
ABSOLUTE
  Relative segment, address: DATA 00000064 - 00000064 (0x1 bytes), align: 0
  Segment part 12. ROOT.
           ENTRY                   ADDRESS         REF BY
           =====                   =======         ======
           _A_PRR                  00000064 
    -------------------------------------------------------------------------
ABSOLUTE
  Relative segment, address: DATA 00000060 - 00000060 (0x1 bytes), align: 0
  Segment part 13. ROOT.      Intra module refs:   WDT_off
           ENTRY                   ADDRESS         REF BY
           =====                   =======         ======
           _A_WDTCSR               00000060 
    -------------------------------------------------------------------------
ABSOLUTE
  Relative segment, address: DATA 00000054 - 00000054 (0x1 bytes), align: 0
  Segment part 14. ROOT.      Intra module refs:   WDT_off
           ENTRY                   ADDRESS         REF BY
           =====                   =======         ======
           _A_MCUSR                00000054 
    -------------------------------------------------------------------------
ABSOLUTE
  Relative segment, address: DATA 0000002A - 0000002A (0x1 bytes), align: 0
  Segment part 17. ROOT.      Intra module refs:   IO_Initial
           ENTRY                   ADDRESS         REF BY
           =====                   =======         ======
           _A_DDRD                 0000002A 
    -------------------------------------------------------------------------
ABSOLUTE
  Relative segment, address: DATA 00000027 - 00000027 (0x1 bytes), align: 0
  Segment part 19. ROOT.      Intra module refs:   IO_Initial
           ENTRY                   ADDRESS         REF BY
           =====                   =======         ======
           _A_DDRC                 00000027 
    -------------------------------------------------------------------------
ABSOLUTE
  Relative segment, address: DATA 00000024 - 00000024 (0x1 bytes), align: 0
  Segment part 21. ROOT.      Intra module refs:   IO_Initial
           ENTRY                   ADDRESS         REF BY
           =====                   =======         ======
           _A_DDRB                 00000024 
    -------------------------------------------------------------------------
CODE
  Relative segment, address: CODE 00001766 - 00001FA3 (0x83e bytes), align: 1
  Segment part 34.            Intra module refs:   timer0_ovf_ser::??INTVEC 72
           ENTRY                   ADDRESS         REF BY
           =====                   =======         ======
           timer0_ovf_ser          00001766 
               interrupt function
               calls direct
               RSTACK = 00000000 ( 00000002 )
               CSTACK = 00000000 ( 00000013 )
    -------------------------------------------------------------------------
CODE
  Relative segment, address: CODE 00001FA4 - 00001FCF (0x2c bytes), align: 1
  Segment part 35.            Intra module refs:   timer2_ovf_ser::??INTVEC 44
           ENTRY                   ADDRESS         REF BY
           =====                   =======         ======
           timer2_ovf_ser          00001FA4 
               interrupt function
               RSTACK = 00000000 ( 00000002 )
               CSTACK = 00000000 ( 00000002 )
    -------------------------------------------------------------------------
CODE
  Relative segment, address: CODE 00001FD0 - 00001FFD (0x2e bytes), align: 1
  Segment part 36.
           ENTRY                   ADDRESS         REF BY
           =====                   =======         ======
           IO_Initial              00001FD0        main (main)
               RSTACK = 00000000 ( 00000002 )
    -------------------------------------------------------------------------
CODE
  Relative segment, address: CODE 00001FFE - 0000201F (0x22 bytes), align: 1
  Segment part 37.
           ENTRY                   ADDRESS         REF BY
           =====                   =======         ======
           delay_ms                00001FFE        light_adj (DRI_LCD)
                                                   menu_02 (printer)
                                                   send_frame_pp_broad (decode_scs_next)
                                                   send_frame_pp_ext_broad (decode_scs_next)
                                                   start_conf (application)
                                                   touch_key_blink (printer)
                                                   touch_key_blink_01 (printer)
                                                   touch_key_blink_02 (printer)
               RSTACK = 00000000 ( 00000002 )
    -------------------------------------------------------------------------
CODE
  Relative segment, address: CODE 00002020 - 0000203F (0x20 bytes), align: 1
  Segment part 38.
           ENTRY                   ADDRESS         REF BY
           =====                   =======         ======
           delay_us                00002020        LCD_init (DRI_LCD)
                                                   TOUCH_READ1 (DRI_TOUCH)
                                                   TOUCH_WRITE1 (DRI_TOUCH)
                                                   average1 (DRI_TOUCH)
               RSTACK = 00000000 ( 00000002 )
    -------------------------------------------------------------------------
CODE
  Relative segment, address: CODE 00002040 - 0000208D (0x4e bytes), align: 1
  Segment part 42.
           ENTRY                   ADDRESS         REF BY
           =====                   =======         ======
           StrToChar               00002040        decode_SCS (decode_scs)
                                                   is_gateway_busy (decode_scs)
                                                   load_parameter (configuration)
                                                   menu_02 (printer)
                                                   print_label (printer)
                                                   start_conf (application)
                                                   test_screen (printer)
               RSTACK = 00000000 ( 00000002 )
    -------------------------------------------------------------------------
CODE
  Relative segment, address: CODE 0000208E - 000020D3 (0x46 bytes), align: 1
  Segment part 43.
           ENTRY                   ADDRESS         REF BY
           =====                   =======         ======
           CharToStr               0000208E        PnL_ad_end (application)
                                                   menu_01 (printer)
                                                   menu_02 (printer)
                                                   send_frame_pp_ext_broad (decode_scs_next)
                                                   send_group_pnl_frame (decode_scs_next)
                                                   setting_parameter (printer)
               RSTACK = 00000000 ( 00000002 )
               CSTACK = 00000000 ( 00000002 )
    -------------------------------------------------------------------------
CODE
  Relative segment, address: CODE 000020D4 - 000020D5 (0x2 bytes), align: 1
  Segment part 44.
           ENTRY                   ADDRESS         REF BY
           =====                   =======         ======
           buzzer_ms               000020D4        load_parameter (configuration)
               RSTACK = 00000000 ( 00000002 )
    -------------------------------------------------------------------------
CODE
  Relative segment, address: CODE 000020D6 - 000020E1 (0xc bytes), align: 1
  Segment part 45.
           ENTRY                   ADDRESS         REF BY
           =====                   =======         ======
           get_key                 000020D6        light_adj (DRI_LCD)
                                                   start_conf (application)
               RSTACK = 00000000 ( 00000002 )
    -------------------------------------------------------------------------
CODE
  Relative segment, address: CODE 000020E2 - 000020E3 (0x2 bytes), align: 1
  Segment part 46.            Intra module refs:   timer1_ovf_ser::??INTVEC 60
           ENTRY                   ADDRESS         REF BY
           =====                   =======         ======
           timer1_ovf_ser          000020E2 
               interrupt function
               RSTACK = 00000000 ( 00000002 )
               CSTACK = 00000000 ( 00000001 )
    -------------------------------------------------------------------------
CODE
  Relative segment, address: CODE 000020E4 - 000020FB (0x18 bytes), align: 1
  Segment part 54.
           ENTRY                   ADDRESS         REF BY
           =====                   =======         ======
           WDT_off                 000020E4        main (main)
               RSTACK = 00000000 ( 00000002 )
    -------------------------------------------------------------------------
INTVEC
  Common segment, address: CODE 00000000 - 0000002F (0x30 bytes), align: 1
  Segment part 29. ROOT.
           ENTRY                   ADDRESS         REF BY
           =====                   =======         ======
           timer2_ovf_ser::??INTVEC 44
                                   0000002C 
    -------------------------------------------------------------------------
INTVEC
  Common segment, address: CODE 00000000 - 0000003F (0x40 bytes), align: 1
  Segment part 30. ROOT.
           ENTRY                   ADDRESS         REF BY
           =====                   =======         ======
           timer1_ovf_ser::??INTVEC 60
                                   0000003C 
    -------------------------------------------------------------------------
INTVEC
  Common segment, address: CODE 00000000 - 0000004B (0x4c bytes), align: 1
  Segment part 31. ROOT.
           ENTRY                   ADDRESS         REF BY
           =====                   =======         ======
           timer0_ovf_ser::??INTVEC 72
                                   00000048 

    *************************************************************************

  FILE NAME : D:\avr\LM_Finial_Test\Release\Obj\configuration.r90
  PROGRAM MODULE, NAME : configuration

  SEGMENTS IN THE MODULE
  ======================
CODE
  Relative segment, address: CODE 000020FC - 000022B7 (0x1bc bytes), align: 1
  Segment part 13.
           ENTRY                   ADDRESS         REF BY
           =====                   =======         ======
           load_parameter          000020FC        main (main)
               calls direct
               RSTACK = 00000000 ( 00000004 )
               CSTACK = 00000000 ( 00000005 )
    -------------------------------------------------------------------------
CODE
  Relative segment, address: CODE 000022B8 - 00002391 (0xda bytes), align: 1
  Segment part 20.            Intra module refs:   load_parameter
           ENTRY                   ADDRESS         REF BY
           =====                   =======         ======
           KO_parameter_initial    000022B8 
               calls direct
               RSTACK = 00000000 ( 00000004 )
               CSTACK = 00000000 ( 00000002 )
    -------------------------------------------------------------------------
CODE
  Relative segment, address: CODE 00002392 - 00002439 (0xa8 bytes), align: 1
  Segment part 22.            Intra module refs:   KO_parameter_initial
           ENTRY                   ADDRESS         REF BY
           =====                   =======         ======
           write_moudle_parameter
                                   00002392 
               RSTACK = 00000000 ( 00000004 )

    *************************************************************************

  FILE NAME : D:\avr\LM_Finial_Test\Release\Obj\decode_scs.r90
  PROGRAM MODULE, NAME : decode_scs

  SEGMENTS IN THE MODULE
  ======================
CODE
  Relative segment, address: CODE 0000243A - 00002493 (0x5a bytes), align: 1
  Segment part 10.
           ENTRY                   ADDRESS         REF BY
           =====                   =======         ======
           reception_buffer_clear
                                   0000243A        all_reception_buffer_clear (application)
               RSTACK = 00000000 ( 00000002 )
    -------------------------------------------------------------------------
CODE
  Relative segment, address: CODE 00002494 - 0000261B (0x188 bytes), align: 1
  Segment part 12.
           ENTRY                   ADDRESS         REF BY
           =====                   =======         ======
           decode_SCS              00002494        menu_02 (printer)
                                                   test_screen (printer)
               calls direct
               RSTACK = 00000000 ( 00000004 )
               CSTACK = 00000000 ( 00000008 )
    -------------------------------------------------------------------------
CODE
  Relative segment, address: CODE 0000261C - 0000269D (0x82 bytes), align: 1
  Segment part 13.
           ENTRY                   ADDRESS         REF BY
           =====                   =======         ======
           is_gateway_busy         0000261C        send_frame_pp_broad (decode_scs_next)
                                                   send_frame_pp_ext_broad (decode_scs_next)
                                                   start_conf (application)
               calls direct
               RSTACK = 00000000 ( 00000004 )
               CSTACK = 00000000 ( 00000004 )

    *************************************************************************

  FILE NAME : D:\avr\LM_Finial_Test\Release\Obj\decode_scs_next.r90
  PROGRAM MODULE, NAME : decode_scs_next

  SEGMENTS IN THE MODULE
  ======================
CODE
  Relative segment, address: CODE 0000269E - 00002709 (0x6c bytes), align: 1
  Segment part 34.
           ENTRY                   ADDRESS         REF BY
           =====                   =======         ======
           send_frame_pp_broad     0000269E        PnL_ad_end (application)
                                                   frame_send_enable_automatic_control (application)
               calls direct
               RSTACK = 00000000 ( 00000002 )
               CSTACK = 00000000 ( 00000011 )
    -------------------------------------------------------------------------
CODE
  Relative segment, address: CODE 0000270A - 000027D9 (0xd0 bytes), align: 1
  Segment part 36.            Intra module refs:   send_group_pnl_frame
           ENTRY                   ADDRESS         REF BY
           =====                   =======         ======
           send_frame_pp_ext_broad
                                   0000270A        PnG_048820 (printer)
                                                   PnL_ad_end (application)
                                                   frame_send_end_pnl (application)
                                                   id_setting (printer)
                                                   menu_01 (printer)
                                                   menu_02 (printer)
                                                   setting_parameter (printer)
                                                   test_screen (printer)
               calls direct
               RSTACK = 00000000 ( 00000004 )
               CSTACK = 00000000 ( 0000001C )
    -------------------------------------------------------------------------
CODE
  Relative segment, address: CODE 000027DA - 0000283F (0x66 bytes), align: 1
  Segment part 52.
           ENTRY                   ADDRESS         REF BY
           =====                   =======         ======
           send_group_pnl_frame    000027DA        PnL_ad_end (application)
               calls direct
               RSTACK = 00000000 ( 00000004 )
               CSTACK = 00000000 ( 00000018 )
    -------------------------------------------------------------------------
NEAR_F
  Relative segment, address: CODE 000004E9 - 000004F9 (0x11 bytes), align: 0
  Segment part 23.            Intra module refs:   send_group_pnl_frame

    *************************************************************************

  FILE NAME : D:\avr\LM_Finial_Test\Release\Obj\font.r90
    *************************************************************************

  FILE NAME : D:\avr\LM_Finial_Test\Release\Obj\function_modality.r90
    *************************************************************************

  FILE NAME : D:\avr\LM_Finial_Test\Release\Obj\function_service.r90
    *************************************************************************

  FILE NAME : D:\avr\LM_Finial_Test\Release\Obj\global_variable.r90
  PROGRAM MODULE, NAME : global_variable

  SEGMENTS IN THE MODULE
  ======================
NEAR_I
  Relative segment, address: DATA 00000176 - 0000017C (0x7 bytes), align: 0
  Segment part 7.
           ENTRY                   ADDRESS         REF BY
           =====                   =======         ======
           g_soft                  00000176        input_screen (printer)
                                                   main (main)
                                                   menu_02 (printer)
    -------------------------------------------------------------------------
NEAR_I
  Relative segment, address: DATA 0000017D - 0000017F (0x3 bytes), align: 0
  Segment part 10.
           ENTRY                   ADDRESS         REF BY
           =====                   =======         ======
           g_hard                  0000017D        input_screen (printer)
                                                   main (main)
                                                   menu_02 (printer)
    -------------------------------------------------------------------------
NEAR_I
  Relative segment, address: DATA 00000180 - 00000182 (0x3 bytes), align: 0
  Segment part 12.
           ENTRY                   ADDRESS         REF BY
           =====                   =======         ======
           g_year                  00000180        input_screen (printer)
                                                   main (main)
                                                   menu_02 (printer)
    -------------------------------------------------------------------------
NEAR_I
  Relative segment, address: DATA 00000183 - 00000185 (0x3 bytes), align: 0
  Segment part 14.
           ENTRY                   ADDRESS         REF BY
           =====                   =======         ======
           g_week                  00000183        input_screen (printer)
                                                   main (main)
                                                   menu_02 (printer)
    -------------------------------------------------------------------------
NEAR_I
  Relative segment, address: DATA 00000186 - 0000018E (0x9 bytes), align: 0
  Segment part 16.
           ENTRY                   ADDRESS         REF BY
           =====                   =======         ======
           g_model                 00000186        input_screen (printer)
                                                   main (main)
                                                   menu_02 (printer)
                                                   print_label (printer)
                                                   print_model (printer)
                                                   test_screen (printer)
    -------------------------------------------------------------------------
EEPROM_I
  Relative segment, address: XDATA 00000001 - 00000007 (0x7 bytes), align: 0
  Segment part 18.
           ENTRY                   ADDRESS         REF BY
           =====                   =======         ======
           ee_soft                 00000001        input_screen (printer)
    -------------------------------------------------------------------------
EEPROM_I
  Relative segment, address: XDATA 00000008 - 0000000A (0x3 bytes), align: 0
  Segment part 19.
           ENTRY                   ADDRESS         REF BY
           =====                   =======         ======
           ee_hard                 00000008        input_screen (printer)
    -------------------------------------------------------------------------
EEPROM_I
  Relative segment, address: XDATA 0000000B - 0000000D (0x3 bytes), align: 0
  Segment part 20.
           ENTRY                   ADDRESS         REF BY
           =====                   =======         ======
           ee_year                 0000000B        input_screen (printer)
    -------------------------------------------------------------------------
EEPROM_I
  Relative segment, address: XDATA 0000000E - 00000010 (0x3 bytes), align: 0
  Segment part 21.
           ENTRY                   ADDRESS         REF BY
           =====                   =======         ======
           ee_week                 0000000E        input_screen (printer)
    -------------------------------------------------------------------------
EEPROM_I
  Relative segment, address: XDATA 00000011 - 00000019 (0x9 bytes), align: 0
  Segment part 22.
           ENTRY                   ADDRESS         REF BY
           =====                   =======         ======
           ee_model                00000011        input_screen (printer)
    -------------------------------------------------------------------------
EEPROM_I
  Relative segment, address: XDATA 0000001A - 00000022 (0x9 bytes), align: 0
  Segment part 23.
           ENTRY                   ADDRESS         REF BY
           =====                   =======         ======
           ee_printed_id           0000001A        menu_02 (printer)
    -------------------------------------------------------------------------
NEAR_F
  Relative segment, address: CODE 000004FA - 00000507 (0xe bytes), align: 0
  Segment part 24.
           ENTRY                   ADDRESS         REF BY
           =====                   =======         ======
           error_109               000004FA        menu_02 (printer)
    -------------------------------------------------------------------------
NEAR_Z
  Relative segment, address: DATA 00000609 - 0000060D (0x5 bytes), align: 0
  Segment part 25.
           ENTRY                   ADDRESS         REF BY
           =====                   =======         ======
           g_lux                   00000609        input_screen (printer)
                                                   menu_01 (printer)
                                                   test_screen (printer)
    -------------------------------------------------------------------------
NEAR_Z
  Relative segment, address: DATA 0000060E - 0000060E (0x1 bytes), align: 0
  Segment part 27.
           ENTRY                   ADDRESS         REF BY
           =====                   =======         ======
           g_timer2_flag           0000060E        timer2_ovf_ser (board)
    -------------------------------------------------------------------------
NEAR_Z
  Relative segment, address: DATA 0000060F - 0000060F (0x1 bytes), align: 0
  Segment part 28.
           ENTRY                   ADDRESS         REF BY
           =====                   =======         ======
           g_temp                  0000060F        LCD_distring_V2 (DRI_LCD)
    -------------------------------------------------------------------------
NEAR_Z
  Relative segment, address: DATA 00000610 - 0000090F (0x300 bytes), align: 0
  Segment part 29.            Intra module refs:   global_variable_initial
           ENTRY                   ADDRESS         REF BY
           =====                   =======         ======
           scs_frame               00000610        all_reception_buffer_clear (application)
                                                   decode_SCS (decode_scs)
                                                   is_gateway_busy (decode_scs)
                                                   usart0_rx_ser (usart)
    -------------------------------------------------------------------------
NEAR_Z
[...]
           ENTRY                   ADDRESS         REF BY
           =====                   =======         ======
           ?EPILOGUE_B6_L09        00004D12        LCD_distring (DRI_LCD)
                                                   LCD_distring_V2 (DRI_LCD)
                                                   LCD_distring_ee (DRI_LCD)
                                                   average1 (DRI_TOUCH)
    -------------------------------------------------------------------------
CODE
  Relative segment, address: CODE 00004D14 - 00004D15 (0x2 bytes), align: 1
  Segment part 11.            Intra module refs:   ?EPILOGUE_B6_L09
           ENTRY                   ADDRESS         REF BY
           =====                   =======         ======
           ?EPILOGUE_B5_L09        00004D14 
    -------------------------------------------------------------------------
CODE
  Relative segment, address: CODE 00004D16 - 00004D17 (0x2 bytes), align: 1
  Segment part 12.            Intra module refs:   ?EPILOGUE_B5_L09
           ENTRY                   ADDRESS         REF BY
           =====                   =======         ======
           ?EPILOGUE_B4_L09        00004D16        TOUCH_READ1 (DRI_TOUCH)
                                                   is_gateway_busy (decode_scs)
                                                   send_frame_pp_broad (decode_scs_next)
                                                   send_frame_pp_ext_broad (decode_scs_next)
                                                   send_group_pnl_frame (decode_scs_next)
    -------------------------------------------------------------------------
CODE
  Relative segment, address: CODE 00004D18 - 00004D19 (0x2 bytes), align: 1
  Segment part 13.            Intra module refs:   ?EPILOGUE_B4_L09
           ENTRY                   ADDRESS         REF BY
           =====                   =======         ======
           ?EPILOGUE_B3_L09        00004D18 
    -------------------------------------------------------------------------
CODE
  Relative segment, address: CODE 00004D1A - 00004D1B (0x2 bytes), align: 1
  Segment part 14.            Intra module refs:   ?EPILOGUE_B3_L09
           ENTRY                   ADDRESS         REF BY
           =====                   =======         ======
           ?EPILOGUE_B2_L09        00004D1A 
    -------------------------------------------------------------------------
CODE
  Relative segment, address: CODE 00004D1C - 00004D1D (0x2 bytes), align: 1
  Segment part 15.            Intra module refs:   ?EPILOGUE_B2_L09
           ENTRY                   ADDRESS         REF BY
           =====                   =======         ======
           ?EPILOGUE_B1_L09        00004D1C 
    -------------------------------------------------------------------------
CODE
  Relative segment, address: CODE 00004D1E - 00004D27 (0xa bytes), align: 1
  Segment part 16.            Intra module refs:   ?EPILOGUE_B1_L09
           ENTRY                   ADDRESS         REF BY
           =====                   =======         ======
           ?EPILOGUE_B0_L09        00004D1E 

    -------------------------------------------------------------------------
  LIBRARY MODULE, NAME : ?REGISTER_CGREGR4_L10

  SEGMENTS IN THE MODULE
  ======================
CODE
  Relative segment, address: CODE 00004D28, align: 1
  Segment part 0.
           ENTRY                   ADDRESS         REF BY
           =====                   =======         ======
           ?Register_R4_is_cg_reg
                                   00004D28        LCD_dischar0811 (DRI_LCD)
                                                   LCD_distring (DRI_LCD)
                                                   LCD_distring_V2 (DRI_LCD)
                                                   LCD_distring_ee (DRI_LCD)
                                                   average1 (DRI_TOUCH)
                                                   get_touch_key (printer)
                                                   input_screen (printer)
                                                   key_parameter_initial (printer)
                                                   menu_02 (printer)
                                                   print_label (printer)
                                                   test_screen (printer)
                                                   timer0_ovf_ser (board)

    -------------------------------------------------------------------------
  LIBRARY MODULE, NAME : ?REGISTER_CGREGR5_L10

  SEGMENTS IN THE MODULE
  ======================
CODE
  Relative segment, address: CODE 00004D28, align: 1
  Segment part 0.
           ENTRY                   ADDRESS         REF BY
           =====                   =======         ======
           ?Register_R5_is_cg_reg
                                   00004D28        LCD_dischar0811 (DRI_LCD)
                                                   LCD_distring (DRI_LCD)
                                                   LCD_distring_V2 (DRI_LCD)
                                                   LCD_distring_ee (DRI_LCD)
                                                   average1 (DRI_TOUCH)
                                                   get_touch_key (printer)
                                                   input_screen (printer)
                                                   key_parameter_initial (printer)
                                                   menu_02 (printer)
                                                   print_label (printer)

    -------------------------------------------------------------------------
  LIBRARY MODULE, NAME : ?REGISTER_CGREGR6_L10

  SEGMENTS IN THE MODULE
  ======================
CODE
  Relative segment, address: CODE 00004D28, align: 1
  Segment part 0.
           ENTRY                   ADDRESS         REF BY
           =====                   =======         ======
           ?Register_R6_is_cg_reg
                                   00004D28        LCD_dischar0811 (DRI_LCD)
                                                   get_touch_key (printer)
                                                   input_screen (printer)
                                                   key_parameter_initial (printer)
                                                   print_label (printer)
                                                   test_screen (printer)

    -------------------------------------------------------------------------
  LIBRARY MODULE, NAME : ?REGISTER_CGREGR7_L10

  SEGMENTS IN THE MODULE
  ======================
CODE
  Relative segment, address: CODE 00004D28, align: 1
  Segment part 0.
           ENTRY                   ADDRESS         REF BY
           =====                   =======         ======
           ?Register_R7_is_cg_reg
                                   00004D28        LCD_dischar0811 (DRI_LCD)
                                                   get_touch_key (printer)
                                                   key_parameter_initial (printer)
                                                   print_label (printer)
                                                   test_screen (printer)

    -------------------------------------------------------------------------
  LIBRARY MODULE, NAME : ?REGISTER_CGREGR8_L10

  SEGMENTS IN THE MODULE
  ======================
CODE
  Relative segment, address: CODE 00004D28, align: 1
  Segment part 0.
           ENTRY                   ADDRESS         REF BY
           =====                   =======         ======
           ?Register_R8_is_cg_reg
                                   00004D28        key_parameter_initial (printer)
                                                   print_label (printer)

    -------------------------------------------------------------------------
  LIBRARY MODULE, NAME : ?REGISTER_CGREGR9_L10

  SEGMENTS IN THE MODULE
  ======================
CODE
  Relative segment, address: CODE 00004D28, align: 1
  Segment part 0.
           ENTRY                   ADDRESS         REF BY
           =====                   =======         ======
           ?Register_R9_is_cg_reg
                                   00004D28        key_parameter_initial (printer)
                                                   print_label (printer)

    -------------------------------------------------------------------------
  LIBRARY MODULE, NAME : ?REGISTER_CGREGR10_L10

  SEGMENTS IN THE MODULE
  ======================
CODE
  Relative segment, address: CODE 00004D28, align: 1
  Segment part 0.
           ENTRY                   ADDRESS         REF BY
           =====                   =======         ======
           ?Register_R10_is_cg_reg
                                   00004D28        key_parameter_initial (printer)

    -------------------------------------------------------------------------
  LIBRARY MODULE, NAME : ?REGISTER_CGREGR11_L10

  SEGMENTS IN THE MODULE
  ======================
CODE
  Relative segment, address: CODE 00004D28, align: 1
  Segment part 0.
           ENTRY                   ADDRESS         REF BY
           =====                   =======         ======
           ?Register_R11_is_cg_reg
                                   00004D28        key_parameter_initial (printer)

    -------------------------------------------------------------------------
  LIBRARY MODULE, NAME : ?REGISTER_CGREGR12_L10

  SEGMENTS IN THE MODULE
  ======================
CODE
  Relative segment, address: CODE 00004D28, align: 1
  Segment part 0.
           ENTRY                   ADDRESS         REF BY
           =====                   =======         ======
           ?Register_R12_is_cg_reg
                                   00004D28        key_parameter_initial (printer)

    -------------------------------------------------------------------------
  LIBRARY MODULE, NAME : ?REGISTER_CGREGR13_L10

  SEGMENTS IN THE MODULE
  ======================
CODE
  Relative segment, address: CODE 00004D28, align: 1
  Segment part 0.
           ENTRY                   ADDRESS         REF BY
           =====                   =======         ======
           ?Register_R13_is_cg_reg
                                   00004D28        key_parameter_initial (printer)

    -------------------------------------------------------------------------
  LIBRARY MODULE, NAME : ?REGISTER_CGREGR14_L10

  SEGMENTS IN THE MODULE
  ======================
CODE
  Relative segment, address: CODE 00004D28, align: 1
  Segment part 0.
           ENTRY                   ADDRESS         REF BY
           =====                   =======         ======
           ?Register_R14_is_cg_reg
                                   00004D28        key_parameter_initial (printer)

    -------------------------------------------------------------------------
  LIBRARY MODULE, NAME : ?REGISTER_CGREGR15_L10

  SEGMENTS IN THE MODULE
  ======================
CODE
  Relative segment, address: CODE 00004D28, align: 1
  Segment part 0.
           ENTRY                   ADDRESS         REF BY
           =====                   =======         ======
           ?Register_R15_is_cg_reg
                                   00004D28        key_parameter_initial (printer)

    -------------------------------------------------------------------------
  LIBRARY MODULE, NAME : ?low_level_init

  SEGMENTS IN THE MODULE
  ======================
CODE
  Relative segment, address: CODE 00004D28 - 00004D2B (0x4 bytes), align: 1
  Segment part 3.
           ENTRY                   ADDRESS         REF BY
           =====                   =======         ======
           __low_level_init        00004D28        ?call_low_level_init (?C_STARTUP)
               RSTACK = 00000000 ( 00000002 )

    -------------------------------------------------------------------------
  LIBRARY MODULE, NAME : ?segment_init

  SEGMENTS IN THE MODULE
  ======================
CODE
  Relative segment, address: CODE 00004D2C - 00004D33 (0x8 bytes), align: 1
  Segment part 3.             Intra module refs:   __segment_init
           LOCAL                   ADDRESS         
           =====                   =======         
           __memclr                00004D2C 
               RSTACK = 00000000 ( 00000002 )
    -------------------------------------------------------------------------
CODE
  Relative segment, address: CODE 00004D34 - 00004D3B (0x8 bytes), align: 1
  Segment part 4.             Intra module refs:   __segment_init
           LOCAL                   ADDRESS         
           =====                   =======         
           __flashcpy              00004D34 
               RSTACK = 00000000 ( 00000002 )
    -------------------------------------------------------------------------
CODE
  Relative segment, address: CODE 00004D3C - 00004D47 (0xc bytes), align: 1
  Segment part 5.             Intra module refs:   __flashcpy
                                                   __memclr
    -------------------------------------------------------------------------
CODE
  Relative segment, address: CODE 00004D48 - 00004D7B (0x34 bytes), align: 1
  Segment part 6.
           ENTRY                   ADDRESS         REF BY
           =====                   =======         ======
           __segment_init          00004D48        ?need_segment_init (?C_STARTUP)
               calls direct
               RSTACK = 00000000 ( 00000002 )

    -------------------------------------------------------------------------
  LIBRARY MODULE, NAME : ?strcmp

  SEGMENTS IN THE MODULE
  ======================
CODE
  Relative segment, address: CODE 00004D7C - 00004DA7 (0x2c bytes), align: 1
  Segment part 3.
           ENTRY                   ADDRESS         REF BY
           =====                   =======         ======
           strcmp                  00004D7C        menu_02 (printer)
                                                   test_screen (printer)
                                                   usart0_rx_ser (usart)
               RSTACK = 00000000 ( 00000002 )

    -------------------------------------------------------------------------
  LIBRARY MODULE, NAME : ?strlen

  SEGMENTS IN THE MODULE
  ======================
CODE
  Relative segment, address: CODE 00004DA8 - 00004DBB (0x14 bytes), align: 1
  Segment part 3.
           ENTRY                   ADDRESS         REF BY
           =====                   =======         ======
           strlen                  00004DA8        input_screen (printer)
                                                   test_screen (printer)
               RSTACK = 00000000 ( 00000002 )

    -------------------------------------------------------------------------
  LIBRARY MODULE, NAME : ?strncpy

  SEGMENTS IN THE MODULE
  ======================
CODE
  Relative segment, address: CODE 00004DBC - 00004DDF (0x24 bytes), align: 1
  Segment part 3.
           ENTRY                   ADDRESS         REF BY
           =====                   =======         ======
           strncpy                 00004DBC        PnL_ad_end (application)
                                                   id_setting (printer)
                                                   menu_01 (printer)
                                                   menu_02 (printer)
                                                   setting_parameter (printer)
                                                   test_screen (printer)
               RSTACK = 00000000 ( 00000002 )
               CSTACK = 00000000 ( 00000004 )
    -------------------------------------------------------------------------
CODE
  Relative segment, address: CODE 00004DE0 - 00004DE9 (0xa bytes), align: 1
  Segment part 4.             Intra module refs:   strncpy

    *************************************************************************

  DEFINED ABSOLUTE ENTRIES
  PROGRAM MODULE, NAME : ?FILLER_BYTES

  SEGMENTS IN THE MODULE
  ======================
INTVEC
  Common segment, address: CODE 00000000 - 0000007B (0x7c bytes), align: 0
  Segment part 0.




                ****************************************
                *                                      *
                *      SEGMENTS IN ADDRESS ORDER       *
                *                                      *
                ****************************************


SEGMENT              SPACE    START ADDRESS   END ADDRESS     SIZE  TYPE  ALIGN
=======              =====    =============   ===========     ====  ====  =====
INTVEC               CODE          00000000 - 0000007B          7C   com    1
NEAR_F               CODE          0000007C - 00000946         8CB   rel    0
SWITCH               CODE          00000948 - 00000A0D          C6   rel    1
INITTAB              CODE          00000A0E - 00000A19           C   rel    0
CODE                 CODE          00000A1A - 00004DE9        43D0   rel    1
TINY_ID              CODE               00004DEA                     dse    0
NEAR_ID              CODE          00004DEA - 000052E7         4FE   rel    0
ABSOLUTE             DATA               0000001F                     rel    0
                     DATA               00000020                   
                     DATA               00000021                   
                     DATA          00000027 - 0000002B           5 
                     DATA          0000003B - 0000003B           1 
                     DATA          0000003D - 0000003D           1 
                     DATA          00000044 - 00000048           5 
                     DATA          00000054 - 00000054           1 
                     DATA          00000060 - 00000060           1 
                     DATA          00000064 - 00000064           1 
                     DATA          00000068 - 00000069           2 
                     DATA          0000006E - 0000006E           1 
                     DATA          00000073 - 00000073           1 
                     DATA          00000078 - 0000007A           3 
                     DATA          0000007C - 0000007C           1 
                     DATA          0000007E - 0000007E           1 
                     DATA          00000080 - 00000081           2 
                     DATA          00000084 - 0000008B           8 
                     DATA          000000B0 - 000000B3           4 
                     DATA          000000B6 - 000000B6           1 
                     DATA          000000C0 - 000000C2           3 
                     DATA          000000C4 - 000000C6           3 
                     DATA          000000C8 - 000000CA           3 
                     DATA          000000CC - 000000CE           3 
NEAR_I               DATA          00000100 - 000005FD         4FE   rel    0
NEAR_Z               DATA          000005FE - 00000D06         709   rel    0
RSTACK               DATA          00000D07 - 00000D46          40   dse    0
CSTACK               DATA          00000D47 - 00000E46         100   dse    0
EEPROM_I             XDATA         00000000 - 000000E1          E2   rel    0

                ****************************************
                *                                      *
                *        END OF CROSS REFERENCE        *
                *                                      *
                ****************************************

 21 223 bytes of CODE  memory
  3 399 bytes of DATA  memory (+ 56 absolute )
    226 bytes of XDATA memory

Errors: none
Warnings: none

