################################################################################
#                                                                              #
#      IAR Universal Linker V4.61B/386                                         #
#                                                                              #
#           Link time     =  05/Aug/2009  16:57:18                             #
#           Target CPU    =  A90                                               #
#           List file     =  D:\avr\Uart_Interrupt\LM_Universal\LM_IAR_V5.0\Al #
#                            an\Release\List\LM057.map                         #
#           Output file 1 =  D:\avr\Uart_Interrupt\LM_Universal\LM_IAR_V5.0\Al #
#                            an\Release\Exe\LM057.hex                          #
#                            Format: intel-extended, variant: -y(CODE)         #
#           Output file 2 =  D:\avr\Uart_Interrupt\LM_Universal\LM_IAR_V5.0\Al #
#                            an\Release\Exe\LM057.eep                          #
#                            Format: intel-extended, variant: -y(XDATA)        #
#           Command line  =  -y(CODE)                                          #
#                            -Ointel-extended,(XDATA)=D:\avr\Uart_Interrupt\LM #
#                            _Universal\LM_IAR_V5.0\Alan\Release\Exe\LM057.eep #
#                            D:\avr\Uart_Interrupt\LM_Universal\LM_IAR_V5.0\Al #
#                            an\Release\Obj\IR.r90                             #
#                            D:\avr\Uart_Interrupt\LM_Universal\LM_IAR_V5.0\Al #
#                            an\Release\Obj\PIR.r90                            #
#                            D:\avr\Uart_Interrupt\LM_Universal\LM_IAR_V5.0\Al #
#                            an\Release\Obj\US.r90                             #
#                            D:\avr\Uart_Interrupt\LM_Universal\LM_IAR_V5.0\Al #
#                            an\Release\Obj\application.r90                    #
#                            D:\avr\Uart_Interrupt\LM_Universal\LM_IAR_V5.0\Al #
#                            an\Release\Obj\board.r90                          #
#                            D:\avr\Uart_Interrupt\LM_Universal\LM_IAR_V5.0\Al #
#                            an\Release\Obj\configuration.r90                  #
#                            D:\avr\Uart_Interrupt\LM_Universal\LM_IAR_V5.0\Al #
#                            an\Release\Obj\decode_scs.r90                     #
#                            D:\avr\Uart_Interrupt\LM_Universal\LM_IAR_V5.0\Al #
#                            an\Release\Obj\decode_scs_next.r90                #
#                            D:\avr\Uart_Interrupt\LM_Universal\LM_IAR_V5.0\Al #
#                            an\Release\Obj\function_modality.r90              #
#                            D:\avr\Uart_Interrupt\LM_Universal\LM_IAR_V5.0\Al #
#                            an\Release\Obj\function_service.r90               #
#                            D:\avr\Uart_Interrupt\LM_Universal\LM_IAR_V5.0\Al #
#                            an\Release\Obj\global_variable.r90                #
#                            D:\avr\Uart_Interrupt\LM_Universal\LM_IAR_V5.0\Al #
#                            an\Release\Obj\main.r90                           #
#                            D:\avr\Uart_Interrupt\LM_Universal\LM_IAR_V5.0\Al #
#                            an\Release\Obj\usart.r90                          #
#                            -o                                                #
#                            D:\avr\Uart_Interrupt\LM_Universal\LM_IAR_V5.0\Al #
#                            an\Release\Exe\LM057.hex                          #
#                            -Fintel-extended -B -z -l                         #
#                            D:\avr\Uart_Interrupt\LM_Universal\LM_IAR_V5.0\Al #
#                            an\Release\List\LM057.map                         #
#                            -xmsnio                                           #
#                            "-IC:\Program Files\IAR Systems\Embedded Workbenc #
#                            h 5.0 Evaluation\avr\LIB\"                        #
#                            -f                                                #
#                            "C:\Program Files\IAR Systems\Embedded Workbench  #
#                            5.0 Evaluation\avr\config\lnkm644ps.xcl"          #
#                            (-D_..X_INTVEC_SIZE=7C -D_..X_FLASH_TEND=FF       #
#                            -D_..X_FLASH_NEND=FFFF -D_..X_FLASH_END=FFFF      #
#                            -D_..X_SRAM_BASE=100 -D_..X_SRAM_TEND=100         #
#                            -D_..X_SRAM_END=10FF -D_..X_EEPROM_END=7FF        #
#                            -D_..X_CSTACK_SIZE=100 -D_..X_RSTACK_SIZE=40      #
#                            -D_..X_HEAP_SIZE=80 -D_..X_NEAR_HEAP_SIZE=80      #
#                            -ca90 -Z(CODE)INTVEC=0-(_..X_INTVEC_SIZE-1)       #
#                            -H1895 -h(CODE)0-_..X_INTVEC_SIZE                 #
#                            -Z(CODE)TINY_F=_..X_INTVEC_SIZE-_..X_FLASH_TEND   #
#                            -Z(CODE)NEAR_F,SWITCH,INITTAB,DIFUNCT=_..X_INTVEC #
#                            _SIZE-_..X_FLASH_END                              #
#                            -Z(CODE)CODE=_..X_INTVEC_SIZE-_..X_FLASH_END      #
#                            -Z(CODE)TINY_ID,NEAR_ID=_..X_INTVEC_SIZE-_..X_FLA #
#                            SH_END                                            #
#                            -Z(CODE)CHECKSUM#_..X_FLASH_END                   #
#                            -Z(DATA)TINY_I,TINY_Z,TINY_N=_..X_SRAM_BASE-_..X_ #
#                            SRAM_TEND                                         #
#                            -Z(DATA)NEAR_I,NEAR_Z,NEAR_N=_..X_SRAM_BASE-_..X_ #
#                            SRAM_END                                          #
#                            -Z(DATA)RSTACK+_..X_RSTACK_SIZE=_..X_SRAM_BASE-_. #
#                            .X_SRAM_END                                       #
#                            -Z(DATA)CSTACK+_..X_CSTACK_SIZE=_..X_SRAM_BASE-_. #
#                            .X_SRAM_END                                       #
#                            -Z(DATA)HEAP+_..X_HEAP_SIZE=_..X_SRAM_BASE-_..X_S #
#                            RAM_END                                           #
#                            -Z(DATA)IOSTREAM_N#_..X_SRAM_BASE-_..X_SRAM_END   #
#                            -Z(DATA)NEAR_HEAP+_..X_NEAR_HEAP_SIZE=_..X_SRAM_B #
#                            ASE-_..X_SRAM_END                                 #
#                            -Z(XDATA)EEPROM_I,EEPROM_N=0-_..X_EEPROM_END      #
#                            -e_PrintfSmall=_Printf                            #
#                            -e_small_write=_formatted_write                   #
#                            -e_small_write_P=_formatted_write_P               #
#                            -e_ScanfSmall=_Scanf                              #
#                            -e_medium_read=_formatted_read                    #
#                            -e_medium_read_P=_formatted_read_P -w29) -s       #
#                            __program_start                                   #
#                            "C:\Program Files\IAR Systems\Embedded Workbench  #
#                            5.0 Evaluation\avr\LIB\CLIB\cl3s-ec_mul-sf.r90"   #
#                                                                              #
#                        Copyright 1987-2008 IAR Systems. All rights reserved. #
################################################################################





                ****************************************
                *                                      *
                *           CROSS REFERENCE            *
                *                                      *
                ****************************************

       Program entry at : CODE      00000000  Relocatable, from module : ?RESET




                ****************************************
                *                                      *
                *            RUNTIME MODEL             *
                *                                      *
                ****************************************

  EEPROM_SIZE     = 2
  R10             = REG
  R11             = REG
  R12             = REG
  R4              = REG
  R5              = REG
  R6              = REG
  R7              = REG
  R8              = REG
  R9              = REG
  __64bit_doubles = disabled
  __cpu           = 3
  __cpu_name      = ATmega644P
  __enhanced_core = enabled
  __has_elpm      = false
  __memory_model  = 2
  __rt_version    = 3



                ****************************************
                *                                      *
                *              MODULE MAP              *
                *                                      *
                ****************************************


  DEFINED ABSOLUTE ENTRIES
  PROGRAM MODULE, NAME : ?ABS_ENTRY_MOD

Absolute parts
           ENTRY                   ADDRESS         REF BY
           =====                   =======         ======
           _..X_NEAR_HEAP_SIZE     00000080 
           _..X_HEAP_SIZE          00000080 
           _..X_RSTACK_SIZE        00000040 
           _..X_CSTACK_SIZE        00000100 
           _..X_EEPROM_END         000007FF 
           _..X_SRAM_END           000010FF 
           _..X_SRAM_TEND          00000100 
           _..X_SRAM_BASE          00000100 
           _..X_FLASH_END          0000FFFF 
           _..X_FLASH_NEND         0000FFFF 
           _..X_FLASH_TEND         000000FF 
           _..X_INTVEC_SIZE        0000007C 
    *************************************************************************

  FILE NAME : D:\avr\Uart_Interrupt\LM_Universal\LM_IAR_V5.0\Alan\Release\Obj\IR.r90
  PROGRAM MODULE, NAME : IR

  SEGMENTS IN THE MODULE
  ======================
ABSOLUTE
  Relative segment, address: DATA 000000CE - 000000CE (0x1 bytes), align: 0
  Segment part 1.             Intra module refs:   put_c1
                                                   usart1_rx_ser
                                                   usart_tx_ser
           ENTRY                   ADDRESS         REF BY
           =====                   =======         ======
           _A_UDR1                 000000CE 
    -------------------------------------------------------------------------
ABSOLUTE
  Relative segment, address: DATA 000000CC - 000000CD (0x2 bytes), align: 0
  Segment part 2.             Intra module refs:   init_USART1
           ENTRY                   ADDRESS         REF BY
           =====                   =======         ======
           _A_UBRR1                000000CC 
    -------------------------------------------------------------------------
ABSOLUTE
  Relative segment, address: DATA 000000CA - 000000CA (0x1 bytes), align: 0
  Segment part 3.             Intra module refs:   init_USART1
           ENTRY                   ADDRESS         REF BY
           =====                   =======         ======
           _A_UCSR1C               000000CA 
    -------------------------------------------------------------------------
ABSOLUTE
  Relative segment, address: DATA 000000C9 - 000000C9 (0x1 bytes), align: 0
  Segment part 4.             Intra module refs:   init_USART1
           ENTRY                   ADDRESS         REF BY
           =====                   =======         ======
           _A_UCSR1B               000000C9 
    -------------------------------------------------------------------------
ABSOLUTE
  Relative segment, address: DATA 000000C8 - 000000C8 (0x1 bytes), align: 0
  Segment part 5.             Intra module refs:   init_USART1
                                                   put_c1
           ENTRY                   ADDRESS         REF BY
           =====                   =======         ======
           _A_UCSR1A               000000C8 
    -------------------------------------------------------------------------
ABSOLUTE
  Relative segment, address: DATA 0000008A - 0000008B (0x2 bytes), align: 0
  Segment part 6.             Intra module refs:   IR_36kHz
           ENTRY                   ADDRESS         REF BY
           =====                   =======         ======
           _A_OCR1B                0000008A 
    -------------------------------------------------------------------------
ABSOLUTE
  Relative segment, address: DATA 00000088 - 00000089 (0x2 bytes), align: 0
  Segment part 7.             Intra module refs:   IR_36kHz
           ENTRY                   ADDRESS         REF BY
           =====                   =======         ======
           _A_OCR1A                00000088 
    -------------------------------------------------------------------------
ABSOLUTE
  Relative segment, address: DATA 00000086 - 00000087 (0x2 bytes), align: 0
  Segment part 8.             Intra module refs:   IR_36kHz
           ENTRY                   ADDRESS         REF BY
           =====                   =======         ======
           _A_ICR1                 00000086 
    -------------------------------------------------------------------------
ABSOLUTE
  Relative segment, address: DATA 00000081 - 00000081 (0x1 bytes), align: 0
  Segment part 9.             Intra module refs:   PWM_output_init
           ENTRY                   ADDRESS         REF BY
           =====                   =======         ======
           _A_TCCR1B               00000081 
    -------------------------------------------------------------------------
ABSOLUTE
  Relative segment, address: DATA 00000080 - 00000080 (0x1 bytes), align: 0
  Segment part 10.            Intra module refs:   PWM_output_init
           ENTRY                   ADDRESS         REF BY
           =====                   =======         ======
           _A_TCCR1A               00000080 
    -------------------------------------------------------------------------
CODE
  Relative segment, address: CODE 00000514 - 000005DF (0xcc bytes), align: 1
  Segment part 25.            Intra module refs:   usart1_rx_ser::??INTVEC 112
           ENTRY                   ADDRESS         REF BY
           =====                   =======         ======
           usart1_rx_ser           00000514 
               interrupt function
               stack 1 = 00000000 ( 00000007 )
               stack 2 = 00000000 ( 00000002 )
    -------------------------------------------------------------------------
CODE
  Relative segment, address: CODE 000005E0 - 0000062F (0x50 bytes), align: 1
  Segment part 26.            Intra module refs:   usart_tx_ser::??INTVEC 120
           ENTRY                   ADDRESS         REF BY
           =====                   =======         ======
           usart_tx_ser            000005E0 
               interrupt function
               stack 1 = 00000000 ( 00000005 )
               stack 2 = 00000000 ( 00000002 )
    -------------------------------------------------------------------------
CODE
  Relative segment, address: CODE 00000630 - 0000067F (0x50 bytes), align: 1
  Segment part 27.            Intra module refs:   put_s1
           ENTRY                   ADDRESS         REF BY
           =====                   =======         ======
           put_c1                  00000630 
               stack 1 = 00000000 ( 00000000 )
               stack 2 = 00000000 ( 00000002 )
    -------------------------------------------------------------------------
CODE
  Relative segment, address: CODE 00000680 - 000006DF (0x60 bytes), align: 1
  Segment part 28.            Intra module refs:   decode_IR
           ENTRY                   ADDRESS         REF BY
           =====                   =======         ======
           put_s1                  00000680 
               calls direct
               stack 1 = 00000000 ( 00000005 )
               stack 2 = 00000000 ( 00000002 )
    -------------------------------------------------------------------------
CODE
  Relative segment, address: CODE 000006E0 - 000006FF (0x20 bytes), align: 1
  Segment part 29.
           ENTRY                   ADDRESS         REF BY
           =====                   =======         ======
           init_USART1             000006E0        main (main)
               stack 1 = 00000000 ( 00000000 )
               stack 2 = 00000000 ( 00000002 )
    -------------------------------------------------------------------------
CODE
  Relative segment, address: CODE 00000700 - 0000071F (0x20 bytes), align: 1
  Segment part 30.            Intra module refs:   decode_IR
                                                   put_s1
           ENTRY                   ADDRESS         REF BY
           =====                   =======         ======
           _calculate_crc          00000700 
               stack 1 = 00000000 ( 00000000 )
               stack 2 = 00000000 ( 00000002 )
    -------------------------------------------------------------------------
CODE
  Relative segment, address: CODE 00000720 - 0000072D (0xe bytes), align: 1
  Segment part 31.            Intra module refs:   IR_36kHz
           ENTRY                   ADDRESS         REF BY
           =====                   =======         ======
           PWM_output_init         00000720 
               stack 1 = 00000000 ( 00000000 )
               stack 2 = 00000000 ( 00000002 )
    -------------------------------------------------------------------------
CODE
  Relative segment, address: CODE 0000072E - 0000074F (0x22 bytes), align: 1
  Segment part 32.
           ENTRY                   ADDRESS         REF BY
           =====                   =======         ======
           IR_36kHz                0000072E        main (main)
               calls direct
               stack 1 = 00000000 ( 00000000 )
               stack 2 = 00000000 ( 00000002 )
    -------------------------------------------------------------------------
CODE
  Segment part 33. NOT NEEDED.
           ENTRY                   ADDRESS         REF BY
           =====                   =======         ======
           close_IR_36kHz          
               not allocated function
    -------------------------------------------------------------------------
CODE
  Relative segment, address: CODE 00000750 - 00000779 (0x2a bytes), align: 1
  Segment part 34.            Intra module refs:   decode_IR
           ENTRY                   ADDRESS         REF BY
           =====                   =======         ======
           timer_IR_initial        00000750 
               stack 1 = 00000000 ( 00000000 )
               stack 2 = 00000000 ( 00000002 )
    -------------------------------------------------------------------------
CODE
  Relative segment, address: CODE 0000077A - 00001401 (0xc88 bytes), align: 1
  Segment part 35.            Intra module refs:   Segment part 41
           ENTRY                   ADDRESS         REF BY
           =====                   =======         ======
           decode_IR               0000077A        main (main)
               calls direct
               stack 1 = 00000000 ( 00000042 )
               stack 2 = 00000000 ( 00000004 )
    -------------------------------------------------------------------------
NEAR_Z
  Relative segment, address: DATA 000003F5 - 000003F5 (0x1 bytes), align: 0
  Segment part 22.            Intra module refs:   decode_IR
    -------------------------------------------------------------------------
CODE
  Relative segment, address: CODE 00001402 - 0000142B (0x2a bytes), align: 1
  Segment part 36.
           ENTRY                   ADDRESS         REF BY
           =====                   =======         ======
           ir_buffer_clear         00001402        all_reception_buffer_clear (application)
               stack 1 = 00000000 ( 00000000 )
               stack 2 = 00000000 ( 00000002 )
    -------------------------------------------------------------------------
CODE
  Relative segment, address: CODE 0000142C - 00001A1B (0x5f0 bytes), align: 1
  Segment part 37.
           ENTRY                   ADDRESS         REF BY
           =====                   =======         ======
           ir_pnl                  0000142C        service_main (application)
               calls direct
               stack 1 = 00000000 ( 00000018 )
               stack 2 = 00000000 ( 00000004 )
    -------------------------------------------------------------------------
NEAR_Z
  Relative segment, address: DATA 000003F6 - 000003F7 (0x2 bytes), align: 0
  Segment part 24.            Intra module refs:   ir_pnl
           ENTRY                   ADDRESS         REF BY
           =====                   =======         ======
           temp_ns                 000003F6 
    -------------------------------------------------------------------------
CODE
  Segment part 38. NOT NEEDED.
           ENTRY                   ADDRESS         REF BY
           =====                   =======         ======
           setting_diagnostic_ir   
               not allocated function
    -------------------------------------------------------------------------
CODE
  Segment part 39. NOT NEEDED.
           ENTRY                   ADDRESS         REF BY
           =====                   =======         ======
           get_current_scenario_number
                                   
               not allocated function
    -------------------------------------------------------------------------
CODE
  Relative segment, address: CODE 00001A1C - 00001A53 (0x38 bytes), align: 1
  Segment part 40.            Intra module refs:   decode_IR
                                                   ir_pnl
           ENTRY                   ADDRESS         REF BY
           =====                   =======         ======
           is_scenario_full        00001A1C 
               stack 1 = 00000000 ( 00000003 )
               stack 2 = 00000000 ( 00000004 )
    -------------------------------------------------------------------------
ABSOLUTE
  Relative segment, address: DATA 0000001F, align: 0
  Segment part 11.
           ENTRY                   ADDRESS         REF BY
           =====                   =======         ======
           __?EECR                 0000001F        Segment part 0 (?EEPROM_16)
                                                   Segment part 1 (?EEPROM_16)
                                                   Segment part 8 (?EEPROM_16)
    -------------------------------------------------------------------------
ABSOLUTE
  Relative segment, address: DATA 00000020, align: 0
  Segment part 12.
           ENTRY                   ADDRESS         REF BY
           =====                   =======         ======
           __?EEDR                 00000020        __eeget16_16 (?EEPROM_16)
                                                   __eeget32_16 (?EEPROM_16)
                                                   __eeget8_16 (?EEPROM_16)
                                                   __eeput16_16 (?EEPROM_16)
                                                   __eeput32_16 (?EEPROM_16)
                                                   __eeput8_16 (?EEPROM_16)
    -------------------------------------------------------------------------
ABSOLUTE
  Relative segment, address: DATA 00000021, align: 0
  Segment part 13.
           ENTRY                   ADDRESS         REF BY
           =====                   =======         ======
           __?EEARL                00000021        Segment part 1 (?EEPROM_16)
                                                   Segment part 8 (?EEPROM_16)
    -------------------------------------------------------------------------
ABSOLUTE
  Relative segment, address: DATA 00000022, align: 0
  Segment part 14.
           ENTRY                   ADDRESS         REF BY
           =====                   =======         ======
           __?EEARH                00000022        Segment part 1 (?EEPROM_16)
                                                   Segment part 8 (?EEPROM_16)
    -------------------------------------------------------------------------
INTVEC
  Common segment, address: CODE 00000000 - 00000073 (0x74 bytes), align: 1
  Segment part 15. ROOT.
           ENTRY                   ADDRESS         REF BY
           =====                   =======         ======
           usart1_rx_ser::??INTVEC 112
                                   00000070 
    -------------------------------------------------------------------------
INTVEC
  Common segment, address: CODE 00000000 - 0000007B (0x7c bytes), align: 1
  Segment part 16. ROOT.
           ENTRY                   ADDRESS         REF BY
           =====                   =======         ======
           usart_tx_ser::??INTVEC 120
                                   00000078 
    -------------------------------------------------------------------------
CSTACK
  Segment part 17. NOT NEEDED.
    -------------------------------------------------------------------------
RSTACK
  Segment part 18. NOT NEEDED.
    -------------------------------------------------------------------------
NEAR_ID
  Relative segment, address: CODE 0000B9F2 - 0000BAE1 (0xf0 bytes), align: 0
  Segment part 20.            Intra module refs:   Segment part 19
    -------------------------------------------------------------------------
INITTAB
  Relative segment, address: CODE 00000508 - 0000050D (0x6 bytes), align: 0
  Segment part 21.            Intra module refs:   Segment part 10 (decode_scs)
                                                   Segment part 11 (decode_scs_next)
                                                   Segment part 14 (decode_scs_next)
                                                   Segment part 16 (decode_scs_next)
                                                   Segment part 19
                                                   Segment part 19 (application)
                                                   Segment part 24 (application)
                                                   Segment part 27 (application)
                                                   Segment part 28 (decode_scs_next)
                                                   Segment part 29 (application)
                                                   Segment part 31 (decode_scs_next)
                                                   Segment part 7 (decode_scs)
                                                   Segment part 7 (decode_scs_next)
                                                   flash_KO (global_variable)
           ENTRY                   ADDRESS         REF BY
           =====                   =======         ======
           ?<Segment init: NEAR_I>
                                   00000508 
    -------------------------------------------------------------------------
INITTAB
  Relative segment, address: CODE 0000050E - 00000513 (0x6 bytes), align: 0
  Segment part 23.            Intra module refs:   Configurators (global_variable)
                                                   DLL (global_variable)
                                                   Delay_Time_set (global_variable)
                                                   First_detection_enable (global_variable)
                                                   KO (global_variable)
                                                   KO_conf (global_variable)
                                                   M2_timer (global_variable)
                                                   M2_timer_count (global_variable)
                                                   M2_type (global_variable)
                                                   PIR_detection_en (global_variable)
                                                   SCS_received (global_variable)
                                                   Segment part 14 (global_variable)
                                                   Segment part 20 (usart)
                                                   Segment part 22
                                                   Segment part 32 (application)
                                                   Segment part 34 (application)
                                                   Segment part 7 (PIR)
                                                   Time_delay (global_variable)
                                                   US_detection_en (global_variable)
                                                   Usonic (US)
                                                   Walk_Through_flag (global_variable)
                                                   g_asc_reception_buffer (global_variable)
                                                   g_asc_short_buffer (global_variable)
                                                   g_ir_reception (global_variable)
                                                   g_reception_buffer (global_variable)
                                                   g_short_buffer (global_variable)
                                                   g_slope (global_variable)
                                                   g_temp (global_variable)
                                                   g_timer2_flag (global_variable)
                                                   modality0_delay_ms (global_variable)
                                                   motion_resutl (global_variable)
                                                   motion_total (global_variable)
                                                   pir (global_variable)
                                                   product_information (global_variable)
                                                   scs_frame (global_variable)
                                                   set_point (global_variable)
                                                   temp_ns
                                                   temp_product_information (global_variable)
                                                   temp_variable (global_variable)
                                                   tx1_buffer (global_variable)
                                                   tx1_counter (global_variable)
                                                   tx1_rd_index (global_variable)
                                                   tx1_wr_index (global_variable)
           ENTRY                   ADDRESS         REF BY
           =====                   =======         ======
           ?<Segment init: NEAR_Z>
                                   0000050E 
    -------------------------------------------------------------------------
SWITCH
  Relative segment, address: CODE 000002BA - 000002EB (0x32 bytes), align: 1
  Segment part 41.            Intra module refs:   decode_IR
    -------------------------------------------------------------------------
NEAR_I
  Relative segment, address: DATA 00000100 - 000001EF (0xf0 bytes), align: 0
  Segment part 19.            Intra module refs:   decode_IR
                                                   ir_pnl

    *************************************************************************

  FILE NAME : D:\avr\Uart_Interrupt\LM_Universal\LM_IAR_V5.0\Alan\Release\Obj\PIR.r90
  PROGRAM MODULE, NAME : PIR

  SEGMENTS IN THE MODULE
  ======================
CODE
  Relative segment, address: CODE 00001A54 - 00001A79 (0x26 bytes), align: 1
  Segment part 9.             Intra module refs:   PIR_detect
           ENTRY                   ADDRESS         REF BY
           =====                   =======         ======
           PIR_SENSE_SET           00001A54        configuration_setting_frame (decode_scs_next)
               stack 1 = 00000000 ( 00000000 )
               stack 2 = 00000000 ( 00000002 )
    -------------------------------------------------------------------------
CODE
  Relative segment, address: CODE 00001A7A - 00001C43 (0x1ca bytes), align: 1
  Segment part 10.
           ENTRY                   ADDRESS         REF BY
           =====                   =======         ======
           PIR_detect              00001A7A        motion_detect (application)
               calls direct
               stack 1 = 00000000 ( 00000002 )
               stack 2 = 00000000 ( 00000002 )
    -------------------------------------------------------------------------
NEAR_Z
  Relative segment, address: DATA 000003F8 - 00000407 (0x10 bytes), align: 0
  Segment part 7.             Intra module refs:   PIR_detect
    -------------------------------------------------------------------------
ABSOLUTE
  Segment part 1. TENTATIVE. Used definition from IR
           ENTRY                   ADDRESS         REF BY
           =====                   =======         ======
           __?EECR                 
    -------------------------------------------------------------------------
ABSOLUTE
  Segment part 2. TENTATIVE. Used definition from IR
           ENTRY                   ADDRESS         REF BY
           =====                   =======         ======
           __?EEDR                 
    -------------------------------------------------------------------------
ABSOLUTE
  Segment part 3. TENTATIVE. Used definition from IR
           ENTRY                   ADDRESS         REF BY
           =====                   =======         ======
           __?EEARL                
    -------------------------------------------------------------------------
ABSOLUTE
  Segment part 4. TENTATIVE. Used definition from IR
           ENTRY                   ADDRESS         REF BY
           =====                   =======         ======
           __?EEARH                
    -------------------------------------------------------------------------
CSTACK
  Segment part 5. NOT NEEDED.
    -------------------------------------------------------------------------
RSTACK
  Segment part 6. NOT NEEDED.
    -------------------------------------------------------------------------
INITTAB
  Segment part 8. TENTATIVE. Used definition from IR
           ENTRY                   ADDRESS         REF BY
           =====                   =======         ======
           ?<Segment init: NEAR_Z>
                                   

    *************************************************************************

  FILE NAME : D:\avr\Uart_Interrupt\LM_Universal\LM_IAR_V5.0\Alan\Release\Obj\US.r90
  PROGRAM MODULE, NAME : US

  SEGMENTS IN THE MODULE
  ======================
NEAR_Z
  Segment part 7. NOT NEEDED.
           ENTRY                   ADDRESS         REF BY
           =====                   =======         ======
           DTFLAG_STATUS           
    -------------------------------------------------------------------------
NEAR_Z
  Segment part 9. NOT NEEDED.
           ENTRY                   ADDRESS         REF BY
           =====                   =======         ======
           INDSAMPLE_CNT           
    -------------------------------------------------------------------------
NEAR_Z
  Relative segment, address: DATA 00000408 - 0000043A (0x33 bytes), align: 0
  Segment part 10.            Intra module refs:   US_SENSE_SET
                                                   Ultrasonic_detection
                                                   ultWarmUpEvents
           ENTRY                   ADDRESS         REF BY
           =====                   =======         ======
           Usonic                  00000408 
    -------------------------------------------------------------------------
CODE
  Relative segment, address: CODE 00001C44 - 00001C69 (0x26 bytes), align: 1
  Segment part 11.            Intra module refs:   us_detection
           ENTRY                   ADDRESS         REF BY
           =====                   =======         ======
           US_SENSE_SET            00001C44        configuration_setting_frame (decode_scs_next)
               stack 1 = 00000000 ( 00000000 )
               stack 2 = 00000000 ( 00000002 )
    -------------------------------------------------------------------------
CODE
  Relative segment, address: CODE 00001C6A - 00001CE1 (0x78 bytes), align: 1
  Segment part 12.
           ENTRY                   ADDRESS         REF BY
           =====                   =======         ======
           ultWarmUpEvents         00001C6A        function_service_init (function_service)
               stack 1 = 00000000 ( 00000000 )
               stack 2 = 00000000 ( 00000002 )
    -------------------------------------------------------------------------
CODE
  Relative segment, address: CODE 00001CE2 - 00001E25 (0x144 bytes), align: 1
  Segment part 13.            Intra module refs:   us_detection
           ENTRY                   ADDRESS         REF BY
           =====                   =======         ======
           Ultrasonic_detection    00001CE2 
               calls direct
               stack 1 = 00000000 ( 00000002 )
               stack 2 = 00000000 ( 00000002 )
    -------------------------------------------------------------------------
CODE
  Relative segment, address: CODE 00001E26 - 00001E2B (0x6 bytes), align: 1
  Segment part 14.
           ENTRY                   ADDRESS         REF BY
           =====                   =======         ======
           us_detection            00001E26        get_us (application)
               calls direct
               stack 1 = 00000000 ( 00000000 )
               stack 2 = 00000000 ( 00000002 )
    -------------------------------------------------------------------------
ABSOLUTE
  Segment part 1. TENTATIVE. Used definition from IR
           ENTRY                   ADDRESS         REF BY
           =====                   =======         ======
           __?EECR                 
    -------------------------------------------------------------------------
ABSOLUTE
  Segment part 2. TENTATIVE. Used definition from IR
           ENTRY                   ADDRESS         REF BY
           =====                   =======         ======
           __?EEDR                 
    -------------------------------------------------------------------------
ABSOLUTE
  Segment part 3. TENTATIVE. Used definition from IR
           ENTRY                   ADDRESS         REF BY
           =====                   =======         ======
           __?EEARL                
    -------------------------------------------------------------------------
ABSOLUTE
  Segment part 4. TENTATIVE. Used definition from IR
           ENTRY                   ADDRESS         REF BY
           =====                   =======         ======
           __?EEARH                
    -------------------------------------------------------------------------
CSTACK
  Segment part 5. NOT NEEDED.
    -------------------------------------------------------------------------
RSTACK
  Segment part 6. NOT NEEDED.
    -------------------------------------------------------------------------
INITTAB
  Segment part 8. TENTATIVE. Used definition from IR
           ENTRY                   ADDRESS         REF BY
           =====                   =======         ======
           ?<Segment init: NEAR_Z>
                                   

    *************************************************************************

  FILE NAME : D:\avr\Uart_Interrupt\LM_Universal\LM_IAR_V5.0\Alan\Release\Obj\application.r90
  PROGRAM MODULE, NAME : application

  SEGMENTS IN THE MODULE
  ======================
ABSOLUTE
  Relative segment, address: DATA 000000B6 - 000000B6 (0x1 bytes), align: 0
  Segment part 1.             Intra module refs:   timer0_enable
           ENTRY                   ADDRESS         REF BY
           =====                   =======         ======
           _A_ASSR                 000000B6 
    -------------------------------------------------------------------------
ABSOLUTE
  Relative segment, address: DATA 000000B4 - 000000B4 (0x1 bytes), align: 0
  Segment part 2.             Intra module refs:   timer2_enable
           ENTRY                   ADDRESS         REF BY
           =====                   =======         ======
           _A_OCR2B                000000B4 
    -------------------------------------------------------------------------
ABSOLUTE
  Relative segment, address: DATA 000000B3 - 000000B3 (0x1 bytes), align: 0
  Segment part 3.             Intra module refs:   timer2_enable
           ENTRY                   ADDRESS         REF BY
           =====                   =======         ======
           _A_OCR2A                000000B3 
    -------------------------------------------------------------------------
ABSOLUTE
  Relative segment, address: DATA 000000B1 - 000000B1 (0x1 bytes), align: 0
  Segment part 4.             Intra module refs:   timer2_enable
           ENTRY                   ADDRESS         REF BY
           =====                   =======         ======
           _A_TCCR2B               000000B1 
    -------------------------------------------------------------------------
ABSOLUTE
  Relative segment, address: DATA 000000B0 - 000000B0 (0x1 bytes), align: 0
  Segment part 5.             Intra module refs:   timer2_enable
           ENTRY                   ADDRESS         REF BY
           =====                   =======         ======
           _A_TCCR2A               000000B0 
    -------------------------------------------------------------------------
ABSOLUTE
  Relative segment, address: DATA 0000006E - 0000006E (0x1 bytes), align: 0
  Segment part 6.             Intra module refs:   timer0_enable
           ENTRY                   ADDRESS         REF BY
           =====                   =======         ======
           _A_TIMSK0               0000006E 
    -------------------------------------------------------------------------
ABSOLUTE
  Relative segment, address: DATA 00000048 - 00000048 (0x1 bytes), align: 0
  Segment part 7.             Intra module refs:   timer0_enable
           ENTRY                   ADDRESS         REF BY
           =====                   =======         ======
           _A_OCR0B                00000048 
    -------------------------------------------------------------------------
ABSOLUTE
  Relative segment, address: DATA 00000047 - 00000047 (0x1 bytes), align: 0
  Segment part 8.             Intra module refs:   timer0_enable
           ENTRY                   ADDRESS         REF BY
           =====                   =======         ======
           _A_OCR0A                00000047 
    -------------------------------------------------------------------------
ABSOLUTE
  Relative segment, address: DATA 00000046 - 00000046 (0x1 bytes), align: 0
  Segment part 9.             Intra module refs:   timer0_enable
                                                   timer0_ovf_ser (board)
           ENTRY                   ADDRESS         REF BY
           =====                   =======         ======
           _A_TCNT0                00000046 
    -------------------------------------------------------------------------
ABSOLUTE
  Relative segment, address: DATA 00000045 - 00000045 (0x1 bytes), align: 0
  Segment part 10.            Intra module refs:   timer0_enable
           ENTRY                   ADDRESS         REF BY
           =====                   =======         ======
           _A_TCCR0B               00000045 
    -------------------------------------------------------------------------
ABSOLUTE
  Relative segment, address: DATA 00000044 - 00000044 (0x1 bytes), align: 0
  Segment part 11.            Intra module refs:   timer0_enable
           ENTRY                   ADDRESS         REF BY
           =====                   =======         ======
           _A_TCCR0A               00000044 
    -------------------------------------------------------------------------
ABSOLUTE
  Relative segment, address: DATA 00000028 - 00000028 (0x1 bytes), align: 0
  Segment part 12.            Intra module refs:   Dled_light_on_ms
                                                   IO_Initial (board)
                                                   led_blinking_disable
                                                   motion_detect
                                                   scs_pnl_none_confed_master
                                                   start_conf
                                                   timer0_ovf_ser (board)
           ENTRY                   ADDRESS         REF BY
           =====                   =======         ======
           _A_PORTC                00000028 
    -------------------------------------------------------------------------
CODE
  Relative segment, address: CODE 00001E2C - 00001F77 (0x14c bytes), align: 1
  Segment part 35.            Intra module refs:   service_main
           ENTRY                   ADDRESS         REF BY
           =====                   =======         ======
           factory_calibration     00001E2C 
               calls direct
               stack 1 = 00000000 ( 00000004 )
               stack 2 = 00000000 ( 00000004 )
    -------------------------------------------------------------------------
CODE
  Relative segment, address: CODE 00001F78 - 00002063 (0xec bytes), align: 1
  Segment part 36.
           ENTRY                   ADDRESS         REF BY
           =====                   =======         ======
           Mode_frame_GR           00001F78        Check_SCS_received (function_service)
                                                   GS_presence_send (function_service)
                                                   ON_takeline (function_service)
                                                   _Initial_state (function_service)
                                                   _Maintain_state (function_service)
                                                   _ReTrigger_State (function_service)
                                                   _Standby_state (function_service)
                                                   frame_OFF_send (function_service)
                                                   frame_ON_send (function_service)
                                                   function_check_status (function_service)
               calls direct
               stack 1 = 00000000 ( 0000000B )
               stack 2 = 00000000 ( 00000002 )
    -------------------------------------------------------------------------
CODE
  Relative segment, address: CODE 00002064 - 00002135 (0xd2 bytes), align: 1
  Segment part 37.            Intra module refs:   Actuator_regulation
                                                   Dimmer_regulation
           ENTRY                   ADDRESS         REF BY
           =====                   =======         ======
           dimmer_command          00002064        frame_OFF_send (function_service)
               calls direct
               stack 1 = 00000000 ( 00000016 )
               stack 2 = 00000000 ( 00000002 )
    -------------------------------------------------------------------------
CODE
  Segment part 38. NOT NEEDED.
           ENTRY                   ADDRESS         REF BY
           =====                   =======         ======
           Mode_frame_P2P          
               calls direct
               not allocated function
    -------------------------------------------------------------------------
CODE
  Relative segment, address: CODE 00002136 - 00002201 (0xcc bytes), align: 1
  Segment part 39.
           ENTRY                   ADDRESS         REF BY
           =====                   =======         ======
           frame_M2_answer         00002136        Check_SCS_received (function_service)
                                                   decode_SCS (decode_scs)
               calls direct
               stack 1 = 00000000 ( 00000018 )
               stack 2 = 00000000 ( 00000004 )
    -------------------------------------------------------------------------
CODE
  Relative segment, address: CODE 00002202 - 0000227B (0x7a bytes), align: 1
  Segment part 40.
           ENTRY                   ADDRESS         REF BY
           =====                   =======         ======
           DLL_setpoint            00002202        Check_SCS_received (function_service)
               calls direct
               stack 1 = 00000000 ( 00000001 )
               stack 2 = 00000000 ( 00000004 )
    -------------------------------------------------------------------------
CODE
  Relative segment, address: CODE 0000227C - 000023ED (0x172 bytes), align: 1
  Segment part 41.            Intra module refs:   Dimmer_regulation
                                                   daylight_set_init
           ENTRY                   ADDRESS         REF BY
           =====                   =======         ======
           factor_divcalc          0000227C 
               stack 1 = 00000000 ( 00000006 )
               stack 2 = 00000000 ( 00000004 )
    -------------------------------------------------------------------------
NEAR_Z
  Relative segment, address: DATA 0000043B - 00000442 (0x8 bytes), align: 0
  Segment part 32.            Intra module refs:   factor_divcalc
    -------------------------------------------------------------------------
CODE
  Segment part 42. NOT NEEDED.
           ENTRY                   ADDRESS         REF BY
           =====                   =======         ======
           factor_mulcalc          
               not allocated function
    -------------------------------------------------------------------------
CODE
  Relative segment, address: CODE 000023EE - 000024D5 (0xe8 bytes), align: 1
  Segment part 43.            Intra module refs:   Light_regulation
           ENTRY                   ADDRESS         REF BY
           =====                   =======         ======
           Actuator_regulation     000023EE 
               calls direct
               stack 1 = 00000000 ( 00000002 )
               stack 2 = 00000000 ( 00000002 )
    -------------------------------------------------------------------------
CODE
  Relative segment, address: CODE 000024D6 - 000026FD (0x228 bytes), align: 1
  Segment part 44.            Intra module refs:   Light_regulation
           ENTRY                   ADDRESS         REF BY
           =====                   =======         ======
           Dimmer_regulation       000024D6 
               calls direct
               stack 1 = 00000000 ( 00000004 )
               stack 2 = 00000000 ( 00000004 )
    -------------------------------------------------------------------------
CODE
  Segment part 45. NOT NEEDED.
           ENTRY                   ADDRESS         REF BY
           =====                   =======         ======
           Dimmer_dec              
               calls direct
               not allocated function
    -------------------------------------------------------------------------
CODE
  Relative segment, address: CODE 000026FE - 0000271B (0x1e bytes), align: 1
  Segment part 46.
           ENTRY                   ADDRESS         REF BY
           =====                   =======         ======
           Light_regulation        000026FE        Function_KO119 (function_service)
                                                   Function_KO168 (function_service)
               calls direct
               stack 1 = 00000000 ( 00000000 )
               stack 2 = 00000000 ( 00000002 )
    -------------------------------------------------------------------------
CODE
  Relative segment, address: CODE 0000271C - 0000276D (0x52 bytes), align: 1
  Segment part 47.            Intra module refs:   DLL_setpoint
           ENTRY                   ADDRESS         REF BY
           =====                   =======         ======
           daylight_set_init       0000271C        function_service_init (function_service)
               calls direct
               stack 1 = 00000000 ( 00000000 )
               stack 2 = 00000000 ( 00000004 )
    -------------------------------------------------------------------------
CODE
  Relative segment, address: CODE 0000276E - 000027E7 (0x7a bytes), align: 1
  Segment part 48.            Intra module refs:   daylight_service
           ENTRY                   ADDRESS         REF BY
           =====                   =======         ======
           PofL_calc               0000276E 
               stack 1 = 00000000 ( 00000000 )
               stack 2 = 00000000 ( 00000004 )
    -------------------------------------------------------------------------
CODE
  Relative segment, address: CODE 000027E8 - 00002A09 (0x222 bytes), align: 1
  Segment part 49.
           ENTRY                   ADDRESS         REF BY
           =====                   =======         ======
           daylight_service        000027E8        Function_KO168 (function_service)
               calls direct
               stack 1 = 00000000 ( 00000004 )
               stack 2 = 00000000 ( 00000004 )
    -------------------------------------------------------------------------
CODE
  Relative segment, address: CODE 00002A0A - 00002A89 (0x80 bytes), align: 1
  Segment part 50.            Intra module refs:   DLL_setpoint
                                                   daylight_service
                                                   factory_calibration
           ENTRY                   ADDRESS         REF BY
           =====                   =======         ======
           get_dl_level            00002A0A        Function_KO128 (function_service)
               calls direct
               stack 1 = 00000000 ( 00000000 )
               stack 2 = 00000000 ( 00000004 )
    -------------------------------------------------------------------------
CODE
  Relative segment, address: CODE 00002A8A - 00002B7D (0xf4 bytes), align: 1
  Segment part 51.            Intra module refs:   get_dl_level
           ENTRY                   ADDRESS         REF BY
           =====                   =======         ======
           real_daylight_calc      00002A8A 
               stack 1 = 00000000 ( 00000004 )
               stack 2 = 00000000 ( 00000004 )
    -------------------------------------------------------------------------
CODE
  Relative segment, address: CODE 00002B7E - 00002B9F (0x22 bytes), align: 1
  Segment part 52.
           ENTRY                   ADDRESS         REF BY
           =====                   =======         ======
           timer0_enable           00002B7E        function_service_init (function_service)
                                                   main (main)
               stack 1 = 00000000 ( 00000000 )
               stack 2 = 00000000 ( 00000002 )
    -------------------------------------------------------------------------
CODE
  Relative segment, address: CODE 00002BA0 - 00002BB9 (0x1a bytes), align: 1
  Segment part 53.
           ENTRY                   ADDRESS         REF BY
           =====                   =======         ======
           timer2_enable           00002BA0        main (main)
               stack 1 = 00000000 ( 00000000 )
               stack 2 = 00000000 ( 00000002 )
    -------------------------------------------------------------------------
CODE
  Relative segment, address: CODE 00002BBA - 00002C21 (0x68 bytes), align: 1
  Segment part 54.
           ENTRY                   ADDRESS         REF BY
           =====                   =======         ======
           motion_detect           00002BBA        occupancy_detect (function_service)
               calls direct
               stack 1 = 00000000 ( 00000001 )
               stack 2 = 00000000 ( 00000002 )
    -------------------------------------------------------------------------
CODE
  Relative segment, address: CODE 00002C22 - 00002C59 (0x38 bytes), align: 1
  Segment part 55.            Intra module refs:   motion_detect
           ENTRY                   ADDRESS         REF BY
           =====                   =======         ======
           get_us                  00002C22 
               calls direct
               stack 1 = 00000000 ( 00000001 )
               stack 2 = 00000000 ( 00000002 )
    -------------------------------------------------------------------------
CODE
  Segment part 56. NOT NEEDED.
           ENTRY                   ADDRESS         REF BY
           =====                   =======         ======
           load_update             
               calls direct
               not allocated function
    -------------------------------------------------------------------------
CODE
  Relative segment, address: CODE 00002C5A - 00002CDD (0x84 bytes), align: 1
  Segment part 57.
           ENTRY                   ADDRESS         REF BY
           =====                   =======         ======
           button_press_detect     00002C5A        main (main)
               calls direct
               stack 1 = 00000000 ( 00000000 )
               stack 2 = 00000000 ( 00000002 )
    -------------------------------------------------------------------------
CODE
  Segment part 58. NOT NEEDED.
           ENTRY                   ADDRESS         REF BY
           =====                   =======         ======
           button_release_detect   
               calls direct
               not allocated function
    -------------------------------------------------------------------------
CODE
  Relative segment, address: CODE 00002CDE - 0000326F (0x592 bytes), align: 1
  Segment part 59.            Intra module refs:   service_main
           ENTRY                   ADDRESS         REF BY
           =====                   =======         ======
           scs_pnl_advance_master
                                   00002CDE 
               calls direct
               stack 1 = 00000000 ( 00000014 )
               stack 2 = 00000000 ( 00000004 )
    -------------------------------------------------------------------------
NEAR_Z
  Relative segment, address: DATA 00000443 - 00000447 (0x5 bytes), align: 0
  Segment part 34.            Intra module refs:   scs_pnl_advance_master
    -------------------------------------------------------------------------
CODE
  Relative segment, address: CODE 00003270 - 000035B3 (0x344 bytes), align: 1
  Segment part 60.            Intra module refs:   service_main
           ENTRY                   ADDRESS         REF BY
           =====                   =======         ======
           scs_pnl_none_confed_master
                                   00003270 
               calls direct
               stack 1 = 00000000 ( 00000000 )
               stack 2 = 00000000 ( 00000004 )
    -------------------------------------------------------------------------
CODE
  Relative segment, address: CODE 000035B4 - 000039B3 (0x400 bytes), align: 1
  Segment part 61.            Intra module refs:   service_main
           ENTRY                   ADDRESS         REF BY
           =====                   =======         ======
           scs_pnl_advance_slave   000035B4 
               calls direct
               stack 1 = 00000000 ( 00000014 )
               stack 2 = 00000000 ( 00000004 )
    -------------------------------------------------------------------------
CODE
  Segment part 62. NOT NEEDED.
           ENTRY                   ADDRESS         REF BY
           =====                   =======         ======
           scs_advance_from_none_confed
                                   
               calls direct
               not allocated function
    -------------------------------------------------------------------------
CODE
  Relative segment, address: CODE 000039B4 - 00003BD7 (0x224 bytes), align: 1
  Segment part 63.            Intra module refs:   service_main
           ENTRY                   ADDRESS         REF BY
           =====                   =======         ======
           scs_pnl_none_confed_slave
                                   000039B4 
               calls direct
               stack 1 = 00000000 ( 00000000 )
               stack 2 = 00000000 ( 00000004 )
    -------------------------------------------------------------------------
CODE
  Segment part 64. NOT NEEDED.
           ENTRY                   ADDRESS         REF BY
           =====                   =======         ======
           scs_pnl_group_sensor_detector
                                   
               not allocated function
    -------------------------------------------------------------------------
CODE
  Relative segment, address: CODE 00003BD8 - 00003BEB (0x14 bytes), align: 1
  Segment part 65.            Intra module refs:   button_press_detect
           ENTRY                   ADDRESS         REF BY
           =====                   =======         ======
           key_time_clear          00003BD8 
               stack 1 = 00000000 ( 00000000 )
               stack 2 = 00000000 ( 00000002 )
    -------------------------------------------------------------------------
CODE
  Segment part 66. NOT NEEDED.
           ENTRY                   ADDRESS         REF BY
           =====                   =======         ======
           led_blinking_double_disable
                                   
               not allocated function
    -------------------------------------------------------------------------
CODE
  Relative segment, address: CODE 00003BEC - 00003C2D (0x42 bytes), align: 1
  Segment part 67.            Intra module refs:   led_blinking_ms
                                                   led_blinking_normal
                                                   scs_pnl_advance_master
                                                   scs_pnl_advance_slave
                                                   scs_pnl_none_confed_master
                                                   scs_pnl_none_confed_slave
                                                   service_main
                                                   start_conf
           ENTRY                   ADDRESS         REF BY
           =====                   =======         ======
           led_blinking            00003BEC        decode_IR (IR)
                                                   ir_pnl (IR)
                                                   scs_calibration (decode_scs)
                                                   timer0_ovf_ser (board)
               stack 1 = 00000000 ( 00000004 )
               stack 2 = 00000000 ( 00000002 )
    -------------------------------------------------------------------------
CODE
  Relative segment, address: CODE 00003C2E - 00003C65 (0x38 bytes), align: 1
  Segment part 68.
           ENTRY                   ADDRESS         REF BY
           =====                   =======         ======
           led_blinking_ms         00003C2E        configuration_procedure (decode_scs_next)
               calls direct
               stack 1 = 00000000 ( 00000008 )
               stack 2 = 00000000 ( 00000002 )
    -------------------------------------------------------------------------
CODE
  Relative segment, address: CODE 00003C66 - 00003C8D (0x28 bytes), align: 1
  Segment part 69.
           ENTRY                   ADDRESS         REF BY
           =====                   =======         ======
           Dled_light_on_ms        00003C66        occupancy_detect (function_service)
               stack 1 = 00000000 ( 00000000 )
               stack 2 = 00000000 ( 00000002 )
    -------------------------------------------------------------------------
CODE
  Relative segment, address: CODE 00003C8E - 00003CA7 (0x1a bytes), align: 1
  Segment part 70.            Intra module refs:   PnL_ad_end
                                                   led_blinking_normal
                                                   scs_pnl_advance_master
                                                   scs_pnl_advance_slave
                                                   scs_pnl_none_confed_master
                                                   service_main
           ENTRY                   ADDRESS         REF BY
           =====                   =======         ======
           led_blinking_disable    00003C8E        ir_pnl (IR)
                                                   scs_calibration (decode_scs)
                                                   timer0_ovf_ser (board)
               stack 1 = 00000000 ( 00000000 )
               stack 2 = 00000000 ( 00000002 )
    -------------------------------------------------------------------------
CODE
  Relative segment, address: CODE 00003CA8 - 00003CD1 (0x2a bytes), align: 1
  Segment part 71.            Intra module refs:   scs_pnl_advance_master
                                                   scs_pnl_advance_slave
                                                   scs_pnl_none_confed_master
                                                   scs_pnl_none_confed_slave
                                                   service_main
           ENTRY                   ADDRESS         REF BY
           =====                   =======         ======
           timer_flex_initial      00003CA8        configuration_procedure (decode_scs_next)
                                                   decode_IR (IR)
                                                   id_frame (decode_scs_next)
                                                   ir_pnl (IR)
               stack 1 = 00000000 ( 00000000 )
               stack 2 = 00000000 ( 00000002 )
    -------------------------------------------------------------------------
CODE
  Relative segment, address: CODE 00003CD2 - 00003CFB (0x2a bytes), align: 1
  Segment part 72.            Intra module refs:   scs_pnl_advance_slave
           ENTRY                   ADDRESS         REF BY
           =====                   =======         ======
           timer_flex2_initial     00003CD2 
               stack 1 = 00000000 ( 00000000 )
               stack 2 = 00000000 ( 00000002 )
    -------------------------------------------------------------------------
CODE
  Relative segment, address: CODE 00003CFC - 00003D25 (0x2a bytes), align: 1
  Segment part 73.
           ENTRY                   ADDRESS         REF BY
           =====                   =======         ======
           timer_dimmer_initial    00003CFC        decode_IR (IR)
               stack 1 = 00000000 ( 00000000 )
               stack 2 = 00000000 ( 00000002 )
    -------------------------------------------------------------------------
CODE
  Relative segment, address: CODE 00003D26 - 00003D5F (0x3a bytes), align: 1
  Segment part 74.
           ENTRY                   ADDRESS         REF BY
           =====                   =======         ======
           all_reception_buffer_clear
                                   00003D26        main (main)
               calls direct
               stack 1 = 00000000 ( 00000001 )
               stack 2 = 00000000 ( 00000004 )
    -------------------------------------------------------------------------
CODE
  Relative segment, address: CODE 00003D60 - 00003D87 (0x28 bytes), align: 1
  Segment part 75.
           ENTRY                   ADDRESS         REF BY
           =====                   =======         ======
           manual_reception_buffer_clear
                                   00003D60        KO_answer_frame (decode_scs_next)
                                                   configuration_setting_frame (decode_scs_next)
                                                   parameter_all_answer (decode_scs_next)
               stack 1 = 00000000 ( 00000001 )
               stack 2 = 00000000 ( 00000004 )
    -------------------------------------------------------------------------
CODE
  Relative segment, address: CODE 00003D88 - 000040B1 (0x32a bytes), align: 1
  Segment part 76.
           ENTRY                   ADDRESS         REF BY
           =====                   =======         ======
           start_conf              00003D88        main (main)
               calls direct
               stack 1 = 00000000 ( 0000000D )
               stack 2 = 00000000 ( 00000004 )
    -------------------------------------------------------------------------
CODE
  Relative segment, address: CODE 000040B2 - 000041FB (0x14a bytes), align: 1
  Segment part 77.            Intra module refs:   scs_pnl_advance_master
                                                   scs_pnl_none_confed_master
           ENTRY                   ADDRESS         REF BY
           =====                   =======         ======
           factory_default         000040B2        configuration_procedure (decode_scs_next)
                                                   decode_IR (IR)
               calls direct
               stack 1 = 00000000 ( 00000035 )
               stack 2 = 00000000 ( 00000004 )
    -------------------------------------------------------------------------
CODE
  Relative segment, address: CODE 000041FC - 0000435B (0x160 bytes), align: 1
  Segment part 78.            Intra module refs:   Segment part 94
           ENTRY                   ADDRESS         REF BY
           =====                   =======         ======
           configurator_to_KO      000041FC        load_parameter (configuration)
               stack 1 = 00000000 ( 00000000 )
               stack 2 = 00000000 ( 00000004 )
    -------------------------------------------------------------------------
CODE
  Relative segment, address: CODE 0000435C - 00004531 (0x1d6 bytes), align: 1
  Segment part 79.            Intra module refs:   Segment part 95
           ENTRY                   ADDRESS         REF BY
           =====                   =======         ======
           service_main            0000435C        main (main)
               calls direct
               stack 1 = 00000000 ( 00000000 )
               stack 2 = 00000000 ( 00000002 )
    -------------------------------------------------------------------------
CODE
  Segment part 80. NOT NEEDED.
           ENTRY                   ADDRESS         REF BY
           =====                   =======         ======
           led_status_recover      
               calls direct
               not allocated function
    -------------------------------------------------------------------------
CODE
  Relative segment, address: CODE 00004532 - 0000453F (0xe bytes), align: 1
  Segment part 81.            Intra module refs:   scs_pnl_none_confed_master
           ENTRY                   ADDRESS         REF BY
           =====                   =======         ======
           frame_send_disable_automatic_control
                                   00004532 
               calls direct
               stack 1 = 00000000 ( 00000000 )
               stack 2 = 00000000 ( 00000002 )
    -------------------------------------------------------------------------
CODE
  Relative segment, address: CODE 00004540 - 0000454D (0xe bytes), align: 1
  Segment part 82.            Intra module refs:   PnL_NONE_end
                                                   scs_pnl_none_confed_master
           ENTRY                   ADDRESS         REF BY
           =====                   =======         ======
           frame_send_enable_automatic_control
                                   00004540 
               calls direct
               stack 1 = 00000000 ( 00000000 )
               stack 2 = 00000000 ( 00000002 )
    -------------------------------------------------------------------------
CODE
  Relative segment, address: CODE 0000454E - 0000455B (0xe bytes), align: 1
  Segment part 83.            Intra module refs:   scs_pnl_none_confed_master
           ENTRY                   ADDRESS         REF BY
           =====                   =======         ======
           frame_send_start_pnl_none_group_confed
                                   0000454E 
               calls direct
               stack 1 = 00000000 ( 00000000 )
               stack 2 = 00000000 ( 00000002 )
    -------------------------------------------------------------------------
CODE
  Relative segment, address: CODE 0000455C - 00004595 (0x3a bytes), align: 1
  Segment part 84.            Intra module refs:   scs_pnl_none_confed_master
           ENTRY                   ADDRESS         REF BY
           =====                   =======         ======
           frame_send_start_pnl_group_confed
                                   0000455C 
               calls direct
               stack 1 = 00000000 ( 00000014 )
               stack 2 = 00000000 ( 00000004 )
    -------------------------------------------------------------------------
CODE
  Relative segment, address: CODE 00004596 - 000045A3 (0xe bytes), align: 1
  Segment part 85.            Intra module refs:   PnL_NONE_end
                                                   scs_pnl_none_confed_master
           ENTRY                   ADDRESS         REF BY
           =====                   =======         ======
           frame_send_end_pnl      00004596 
               calls direct
               stack 1 = 00000000 ( 00000000 )
               stack 2 = 00000000 ( 00000002 )
    -------------------------------------------------------------------------
CODE
  Relative segment, address: CODE 000045A4 - 000045B1 (0xe bytes), align: 1
  Segment part 86.            Intra module refs:   scs_pnl_none_confed_master
           ENTRY                   ADDRESS         REF BY
           =====                   =======         ======
           frame_send_group_request
                                   000045A4 
               calls direct
               stack 1 = 00000000 ( 00000000 )
               stack 2 = 00000000 ( 00000002 )
    -------------------------------------------------------------------------
CODE
  Relative segment, address: CODE 000045B2 - 00004633 (0x82 bytes), align: 1
  Segment part 87.            Intra module refs:   PnL_NONE_end
                                                   scs_pnl_advance_slave
                                                   scs_pnl_none_confed_master
                                                   scs_pnl_none_confed_slave
                                                   service_main
                                                   start_conf
           ENTRY                   ADDRESS         REF BY
           =====                   =======         ======
           led_blinking_normal     000045B2        configuration_procedure (decode_scs_next)
                                                   configuration_receive_answer_frame (decode_scs_next)
                                                   decode_IR (IR)
               calls direct
               stack 1 = 00000000 ( 00000003 )
               stack 2 = 00000000 ( 00000004 )
    -------------------------------------------------------------------------
CODE
  Relative segment, address: CODE 00004634 - 000046AB (0x78 bytes), align: 1
  Segment part 88.            Intra module refs:   scs_pnl_none_confed_master
                                                   scs_pnl_none_confed_slave
           ENTRY                   ADDRESS         REF BY
           =====                   =======         ======
           load_default_advance_parameter
                                   00004634 
               calls direct
               stack 1 = 00000000 ( 00000002 )
               stack 2 = 00000000 ( 00000004 )
    -------------------------------------------------------------------------
CODE
  Relative segment, address: CODE 000046AC - 000046D5 (0x2a bytes), align: 1
  Segment part 89.            Intra module refs:   scs_pnl_advance_master
                                                   scs_pnl_none_confed_master
           ENTRY                   ADDRESS         REF BY
           =====                   =======         ======
           led_blinking_stage2_initial
                                   000046AC 
               stack 1 = 00000000 ( 00000000 )
               stack 2 = 00000000 ( 00000002 )
    -------------------------------------------------------------------------
CODE
  Relative segment, address: CODE 000046D6 - 0000473B (0x66 bytes), align: 1
  Segment part 90.            Intra module refs:   scs_pnl_advance_master
           ENTRY                   ADDRESS         REF BY
           =====                   =======         ======
           PnL_ad_end              000046D6        timer0_ovf_ser (board)
               calls direct
               stack 1 = 00000000 ( 00000014 )
               stack 2 = 00000000 ( 00000002 )
    -------------------------------------------------------------------------
CODE
  Relative segment, address: CODE 0000473C - 00004751 (0x16 bytes), align: 1
  Segment part 91.            Intra module refs:   scs_pnl_none_confed_master
           ENTRY                   ADDRESS         REF BY
           =====                   =======         ======
           PnL_NONE_end            0000473C        timer0_ovf_ser (board)
               calls direct
               stack 1 = 00000000 ( 00000000 )
               stack 2 = 00000000 ( 00000002 )
    -------------------------------------------------------------------------
CODE
  Relative segment, address: CODE 00004752 - 0000477D (0x2c bytes), align: 1
  Segment part 92.            Intra module refs:   Actuator_regulation
                                                   Dimmer_regulation
           ENTRY                   ADDRESS         REF BY
           =====                   =======         ======
           regulation_timer_initial
                                   00004752        Check_SCS_received (function_service)
                                                   application_decode_short (decode_scs)
                                                   frame_ON_send (function_service)
               stack 1 = 00000000 ( 00000000 )
               stack 2 = 00000000 ( 00000002 )
    -------------------------------------------------------------------------
CODE
  Relative segment, address: CODE 0000477E - 000047A7 (0x2a bytes), align: 1
  Segment part 93.
           ENTRY                   ADDRESS         REF BY
           =====                   =======         ======
           relay_timer_initial     0000477E        Function_KO128 (function_service)
               stack 1 = 00000000 ( 00000000 )
[...]
          |  Already listed
  04        strncpy
            | Stack used (prev) :  0000000C 00000004
            | + function block  :  00000004 00000002
            |  Already listed
  04        send_group_pnl_frame
            | Stack used (prev) :  0000002C 0000000A
            | + function block  :  00000018 00000002
            |  Already listed
  04        send_frame_pp_ext_broad
            | Stack used (prev) :  00000010 00000008
            | + function block  :  0000001C 00000002
            |  Already listed
  04        send_frame_pp_broad
            | Stack used (prev) :  00000010 00000008
            | + function block  :  00000011 00000002
            |  Already listed
  04        system_reset
            | Stack used (prev) :  00000087 0000001A
            | + function block  :  00000000 00000002
            |  Already listed
  04        CharToStr
            | Stack used (prev) :  0000000C 00000004
            | + function block  :  00000002 00000002
            |  Already listed
  04        StrToChar
            | Stack used (prev) :  0000000C 00000004
            | + function block  :  00000000 00000002
            |  Already listed
  04        delay_ms
            | Stack used (prev) :  0000000C 00000004
            | + function block  :  00000000 00000002
            |  Already listed
  04        PnL_ad_end
            | Stack used (prev) :  00000044 0000000C
            | + function block  :  00000014 00000002
            |  Already listed
  04        led_blinking_stage2_initial
            | Stack used (prev) :  00000087 0000001A
            | + function block  :  00000000 00000002
            |  Already listed
  04        factory_default
            | Stack used (prev) :  00000087 0000001E
            | + function block  :  00000035 00000002
            |  Already listed
  04        timer_flex_initial
            | Stack used (prev) :  00000087 0000001A
            | + function block  :  00000000 00000002
            |  Already listed
  04        timer_flex_initial
            | Stack used (prev) :  00000087 0000001A
            | + function block  :  00000000 00000002
            |  Already listed
  04        timer_flex_initial
            | Stack used (prev) :  00000087 0000001A
            | + function block  :  00000000 00000002
            |  Already listed
  04        timer_flex_initial
            | Stack used (prev) :  00000087 0000001A
            | + function block  :  00000000 00000002
            |  Already listed
  04        led_blinking_disable
            | Stack used (prev) :  0000000C 00000004
            | + function block  :  00000000 00000002
            |  Already listed
  04        led_blinking_disable
            | Stack used (prev) :  0000000C 00000004
            | + function block  :  00000000 00000002
            |  Already listed
  04        led_blinking_disable
            | Stack used (prev) :  0000000C 00000004
            | + function block  :  00000000 00000002
            |  Already listed
  04        led_blinking_disable
            | Stack used (prev) :  0000000C 00000004
            | + function block  :  00000000 00000002
            |  Already listed
  04        led_blinking
            | Stack used (prev) :  0000000C 00000004
            | + function block  :  00000004 00000002
            |  Already listed
  04        led_blinking
            | Stack used (prev) :  0000000C 00000004
            | + function block  :  00000004 00000002
            |  Already listed
  04        led_blinking
            | Stack used (prev) :  0000000C 00000004
            | + function block  :  00000004 00000002
            |  Already listed
  03      scs_pnl_advance_master
          | Stack used (prev) :  000000BC 00000020
          | + function block  :  00000014 00000002
  04        buzzer_ms
            | Stack used (prev) :  00000087 0000001A
            | + function block  :  00000000 00000002
            |  Already listed
  04        get_dl_level
            | Stack used (prev) :  0000008B 0000001E
            | + function block  :  00000000 00000002
            |  Already listed
  04        get_dl_level
            | Stack used (prev) :  0000008B 0000001E
            | + function block  :  00000000 00000002
            |  Already listed
  03      factory_calibration
          | Stack used (prev) :  0000008B 00000020
          | + function block  :  00000004 00000002
  04        strncpy
            | Stack used (prev) :  0000000C 00000004
            | + function block  :  00000004 00000002
            |  Already listed
  04        send_frame_pp_broad
            | Stack used (prev) :  00000010 00000008
            | + function block  :  00000011 00000002
            |  Already listed
  04        CharToStr
            | Stack used (prev) :  0000000C 00000004
            | + function block  :  00000002 00000002
            |  Already listed
  04        timer_flex_initial
            | Stack used (prev) :  00000087 0000001A
            | + function block  :  00000000 00000002
            |  Already listed
  04        led_blinking_disable
            | Stack used (prev) :  0000000C 00000004
            | + function block  :  00000000 00000002
            |  Already listed
  04        led_blinking
            | Stack used (prev) :  0000000C 00000004
            | + function block  :  00000004 00000002
            |  Already listed
  04        is_scenario_full
            | Stack used (prev) :  00000087 0000001A
            | + function block  :  00000003 00000004
  04        is_scenario_full
            | Stack used (prev) :  00000087 0000001A
            | + function block  :  00000003 00000004
            |  Already listed
  03      ir_pnl
          | Stack used (prev) :  0000008A 0000001E
          | + function block  :  00000018 00000002
  02    service_main
        | Stack used (prev) :  000000E9 0000002C
        | + function block  :  00000000 00000002
  03      put_s
          | Stack used (prev) :  0000000C 00000006
          | + function block  :  00000002 00000002
          |  Already listed
  03      is_gateway_busy
          | Stack used (prev) :  0000000C 00000004
          | + function block  :  00000004 00000004
          |  Already listed
  03      get_key
          | Stack used (prev) :  00000087 0000001A
          | + function block  :  00000000 00000002
          |  Already listed
  03      StrToChar
          | Stack used (prev) :  0000000C 00000004
          | + function block  :  00000000 00000002
          |  Already listed
  03      delay_ms
          | Stack used (prev) :  0000000C 00000004
          | + function block  :  00000000 00000002
          |  Already listed
  03      led_blinking_normal
          | Stack used (prev) :  00000010 00000004
          | + function block  :  00000003 00000004
          |  Already listed
  03      led_blinking
          | Stack used (prev) :  0000000C 00000004
          | + function block  :  00000004 00000002
          |  Already listed
  02    start_conf
        | Stack used (prev) :  00000087 0000001A
        | + function block  :  0000000D 00000004
  03      reception_buffer_clear
          | Stack used (prev) :  00000087 0000001A
          | + function block  :  00000000 00000002
  03      ir_buffer_clear
          | Stack used (prev) :  00000087 0000001A
          | + function block  :  00000000 00000002
  02    all_reception_buffer_clear
        | Stack used (prev) :  00000087 0000001A
        | + function block  :  00000001 00000004
  03      get_key
          | Stack used (prev) :  00000087 0000001A
          | + function block  :  00000000 00000002
          |  Already listed
  03      key_time_clear
          | Stack used (prev) :  00000087 0000001A
          | + function block  :  00000000 00000002
  02    button_press_detect
        | Stack used (prev) :  00000087 0000001C
        | + function block  :  00000000 00000002
  02    timer2_enable
        | Stack used (prev) :  00000087 0000001A
        | + function block  :  00000000 00000002
  02    timer0_enable
        | Stack used (prev) :  00000087 0000001A
        | + function block  :  00000000 00000002
        |  Already listed
  03      strncpy
          | Stack used (prev) :  0000000C 00000004
          | + function block  :  00000004 00000002
          |  Already listed
  03      frame_OFF_send
          | Stack used (prev) :  000000B6 0000001E
          | + function block  :  00000000 00000002
          |  Already listed
  03      frame_ON_send
          | Stack used (prev) :  00000092 0000001C
          | + function block  :  00000000 00000002
          |  Already listed
  04        send_frame_pp_ext_broad
            | Stack used (prev) :  00000010 00000008
            | + function block  :  0000001C 00000002
            |  Already listed
  04        send_frame_pp_broad
            | Stack used (prev) :  00000010 00000008
            | + function block  :  00000011 00000002
            |  Already listed
  04        send_frame_pp_broad
            | Stack used (prev) :  00000010 00000008
            | + function block  :  00000011 00000002
            |  Already listed
  04        send_frame_pp_broad
            | Stack used (prev) :  00000010 00000008
            | + function block  :  00000011 00000002
            |  Already listed
  04        send_frame_pp_broad
            | Stack used (prev) :  00000010 00000008
            | + function block  :  00000011 00000002
            |  Already listed
  04        CharToStr
            | Stack used (prev) :  0000000C 00000004
            | + function block  :  00000002 00000002
            |  Already listed
  03      send_group_frame
          | Stack used (prev) :  00000087 0000001A
          | + function block  :  0000001E 00000004
  03      send_group_pnl_frame
          | Stack used (prev) :  0000002C 0000000A
          | + function block  :  00000018 00000002
          |  Already listed
  04        dimmer_convert
            | Stack used (prev) :  00000087 0000001A
            | + function block  :  00000000 00000002
  04        dimmer_convert
            | Stack used (prev) :  00000087 0000001A
            | + function block  :  00000000 00000002
            |  Already listed
  04        send_frame_pp_broad
            | Stack used (prev) :  00000010 00000008
            | + function block  :  00000011 00000002
            |  Already listed
  04        send_frame_pp_broad
            | Stack used (prev) :  00000010 00000008
            | + function block  :  00000011 00000002
            |  Already listed
  04        send_frame_pp_broad
            | Stack used (prev) :  00000010 00000008
            | + function block  :  00000011 00000002
            |  Already listed
  04        send_frame_pp_broad
            | Stack used (prev) :  00000010 00000008
            | + function block  :  00000011 00000002
            |  Already listed
  04        send_frame_pp_broad
            | Stack used (prev) :  00000010 00000008
            | + function block  :  00000011 00000002
            |  Already listed
  04        send_frame_pp_broad
            | Stack used (prev) :  00000010 00000008
            | + function block  :  00000011 00000002
            |  Already listed
  04        CharToStr
            | Stack used (prev) :  0000000C 00000004
            | + function block  :  00000002 00000002
            |  Already listed
  03      send_aux_frame
          | Stack used (prev) :  00000087 0000001A
          | + function block  :  00000011 00000004
  03      send_frame_pp_ext_broad
          | Stack used (prev) :  00000010 00000008
          | + function block  :  0000001C 00000002
          |  Already listed
  03      send_frame_pp_broad
          | Stack used (prev) :  00000010 00000008
          | + function block  :  00000011 00000002
          |  Already listed
  03      read_KO
          | Stack used (prev) :  00000087 0000001A
          | + function block  :  00000000 00000002
          |  Already listed
  03      write_ee_KO
          | Stack used (prev) :  00000087 0000001A
          | + function block  :  00000001 00000004
          |  Already listed
  03      write_KO
          | Stack used (prev) :  00000087 0000001A
          | + function block  :  00000001 00000004
          |  Already listed
  03      system_reset
          | Stack used (prev) :  00000087 0000001A
          | + function block  :  00000000 00000002
          |  Already listed
  03      buzzer_ms
          | Stack used (prev) :  00000087 0000001A
          | + function block  :  00000000 00000002
          |  Already listed
  03      CharToStr
          | Stack used (prev) :  0000000C 00000004
          | + function block  :  00000002 00000002
          |  Already listed
  03      StrToChar
          | Stack used (prev) :  0000000C 00000004
          | + function block  :  00000000 00000002
          |  Already listed
  03      led_blinking_normal
          | Stack used (prev) :  00000010 00000004
          | + function block  :  00000003 00000004
          |  Already listed
  03      factory_default
          | Stack used (prev) :  00000087 0000001E
          | + function block  :  00000035 00000002
          |  Already listed
  03      timer_dimmer_initial
          | Stack used (prev) :  00000087 0000001A
          | + function block  :  00000000 00000002
  03      timer_flex_initial
          | Stack used (prev) :  00000087 0000001A
          | + function block  :  00000000 00000002
          |  Already listed
  03      led_blinking
          | Stack used (prev) :  0000000C 00000004
          | + function block  :  00000004 00000002
          |  Already listed
  03      is_scenario_full
          | Stack used (prev) :  00000087 0000001A
          | + function block  :  00000003 00000004
          |  Already listed
  03      timer_IR_initial
          | Stack used (prev) :  00000087 0000001A
          | + function block  :  00000000 00000002
  03      _calculate_crc
          | Stack used (prev) :  00000087 0000001A
          | + function block  :  00000000 00000002
  04        delay_ms
            | Stack used (prev) :  0000000C 00000004
            | + function block  :  00000000 00000002
            |  Already listed
  04        _calculate_crc
            | Stack used (prev) :  00000087 0000001A
            | + function block  :  00000000 00000002
            |  Already listed
  04        put_c1
            | Stack used (prev) :  00000087 0000001A
            | + function block  :  00000000 00000002
  04        put_c1
            | Stack used (prev) :  00000087 0000001A
            | + function block  :  00000000 00000002
            |  Already listed
  03      put_s1
          | Stack used (prev) :  00000087 0000001C
          | + function block  :  00000005 00000002
  02    decode_IR
        | Stack used (prev) :  000000BC 00000020
        | + function block  :  00000042 00000002
  03      PWM_output_init
          | Stack used (prev) :  00000087 0000001A
          | + function block  :  00000000 00000002
  02    IR_36kHz
        | Stack used (prev) :  00000087 0000001C
        | + function block  :  00000000 00000002
  02    init_USART1
        | Stack used (prev) :  00000087 0000001A
        | + function block  :  00000000 00000002
  01  main
      | Stack used (prev) :  0000013A 0000002E
      | + function block  :  00000000 00000002
  <-Sub-tree of type: Function tree
    | Stack used          :  0000013A 00000030


  ->Sub-tree of type: Function tree
                             CSTACK   RSTACK
    | Stack used (prev) :  0000013A 00000030
  01  __low_level_init
      | Stack used (prev) :  0000013A 00000030
      | + function block  :  00000000 00000002
  <-Sub-tree of type: Function tree
    | Stack used          :  0000013A 00000032


  ->Sub-tree of type: Function tree
                             CSTACK   RSTACK
    | Stack used (prev) :  0000013A 00000032
  02    __flashcpy
        | Stack used (prev) :  0000013A 00000032
        | + function block  :  00000000 00000002
  02    __memclr
        | Stack used (prev) :  0000013A 00000032
        | + function block  :  00000000 00000002
  01  __segment_init
      | Stack used (prev) :  0000013A 00000034
      | + function block  :  00000000 00000002
  <-Sub-tree of type: Function tree
    | Stack used          :  0000013A 00000036




                ****************************************
                *                                      *
                *      SEGMENTS IN ADDRESS ORDER       *
                *                                      *
                ****************************************


SEGMENT              SPACE    START ADDRESS   END ADDRESS     SIZE  TYPE  ALIGN
=======              =====    =============   ===========     ====  ====  =====
INTVEC               CODE          00000000 - 0000007B          7C   com    1
NEAR_F               CODE          0000007C - 000002B8         23D   rel    0
SWITCH               CODE          000002BA - 00000507         24E   rel    1
INITTAB              CODE          00000508 - 00000513           C   rel    0
CODE                 CODE          00000514 - 0000B9F1        B4DE   rel    1
TINY_ID              CODE               0000B9F2                     dse    0
NEAR_ID              CODE          0000B9F2 - 0000BCE6         2F5   rel    0
ABSOLUTE             DATA               0000001F                     rel    0
                     DATA               00000020                   
                     DATA               00000021                   
                     DATA          00000027 - 00000028           2 
                     DATA          0000002A - 0000002B           2 
                     DATA          00000044 - 00000048           5 
                     DATA          00000054 - 00000054           1 
                     DATA          00000060 - 00000060           1 
                     DATA          0000006E - 0000006E           1 
                     DATA          00000078 - 0000007A           3 
                     DATA          0000007C - 0000007C           1 
                     DATA          0000007E - 0000007E           1 
                     DATA          00000080 - 00000081           2 
                     DATA          00000086 - 0000008B           6 
                     DATA          000000B0 - 000000B4           5 
                     DATA          000000B6 - 000000B6           1 
                     DATA          000000C0 - 000000C2           3 
                     DATA          000000C4 - 000000C6           3 
                     DATA          000000C8 - 000000CA           3 
                     DATA          000000CC - 000000CE           3 
NEAR_I               DATA          00000100 - 000003F4         2F5   rel    0
NEAR_Z               DATA          000003F5 - 000007B2         3BE   rel    0
RSTACK               DATA          000007B3 - 000007F2          40   dse    0
CSTACK               DATA          000007F3 - 000008F2         100   dse    0
EEPROM_I             XDATA         00000000 - 000000F1          F2   rel    0

                ****************************************
                *                                      *
                *        END OF CROSS REFERENCE        *
                *                                      *
                ****************************************

 48 358 bytes of CODE  memory
  2 035 bytes of DATA  memory (+ 48 absolute )
    242 bytes of XDATA memory

Errors: none
Warnings: none

