################################################################################
#                                                                              #
#      IAR Universal Linker V4.61B/386                                         #
#                                                                              #
#           Link time     =  01/Jul/2009  08:27:32                             #
#           Target CPU    =  A90                                               #
#           List file     =  D:\avr\Uart_Interrupt\LM_Universal\LM_IAR_V5.0\Al #
#                            an\Release\List\LM057_SMT.map                     #
#           Output file 1 =  D:\avr\Uart_Interrupt\LM_Universal\LM_IAR_V5.0\Al #
#                            an\Release\Exe\LM057_SMT.hex                      #
#                            Format: intel-extended, variant: -y(CODE)         #
#           Output file 2 =  D:\avr\Uart_Interrupt\LM_Universal\LM_IAR_V5.0\Al #
#                            an\Release\Exe\LM057_SMT.eep                      #
#                            Format: intel-extended, variant: -y(XDATA)        #
#           Command line  =  -y(CODE)                                          #
#                            -Ointel-extended,(XDATA)=D:\avr\Uart_Interrupt\LM #
#                            _Universal\LM_IAR_V5.0\Alan\Release\Exe\LM057_SMT #
#                            .eep                                              #
#                            D:\avr\Uart_Interrupt\LM_Universal\LM_IAR_V5.0\Al #
#                            an\Release\Obj\IR.r90                             #
#                            D:\avr\Uart_Interrupt\LM_Universal\LM_IAR_V5.0\Al #
#                            an\Release\Obj\PIR.r90                            #
#                            D:\avr\Uart_Interrupt\LM_Universal\LM_IAR_V5.0\Al #
#                            an\Release\Obj\US.r90                             #
#                            D:\avr\Uart_Interrupt\LM_Universal\LM_IAR_V5.0\Al #
#                            an\Release\Obj\application.r90                    #
#                            D:\avr\Uart_Interrupt\LM_Universal\LM_IAR_V5.0\Al #
#                            an\Release\Obj\board.r90                          #
#                            D:\avr\Uart_Interrupt\LM_Universal\LM_IAR_V5.0\Al #
#                            an\Release\Obj\configuration.r90                  #
#                            D:\avr\Uart_Interrupt\LM_Universal\LM_IAR_V5.0\Al #
#                            an\Release\Obj\decode_scs.r90                     #
#                            D:\avr\Uart_Interrupt\LM_Universal\LM_IAR_V5.0\Al #
#                            an\Release\Obj\decode_scs_next.r90                #
#                            D:\avr\Uart_Interrupt\LM_Universal\LM_IAR_V5.0\Al #
#                            an\Release\Obj\function_modality.r90              #
#                            D:\avr\Uart_Interrupt\LM_Universal\LM_IAR_V5.0\Al #
#                            an\Release\Obj\function_service.r90               #
#                            D:\avr\Uart_Interrupt\LM_Universal\LM_IAR_V5.0\Al #
#                            an\Release\Obj\global_variable.r90                #
#                            D:\avr\Uart_Interrupt\LM_Universal\LM_IAR_V5.0\Al #
#                            an\Release\Obj\main.r90                           #
#                            D:\avr\Uart_Interrupt\LM_Universal\LM_IAR_V5.0\Al #
#                            an\Release\Obj\usart.r90                          #
#                            -o                                                #
#                            D:\avr\Uart_Interrupt\LM_Universal\LM_IAR_V5.0\Al #
#                            an\Release\Exe\LM057_SMT.hex                      #
#                            -Fintel-extended -B -z -l                         #
#                            D:\avr\Uart_Interrupt\LM_Universal\LM_IAR_V5.0\Al #
#                            an\Release\List\LM057_SMT.map                     #
#                            -xmsnio                                           #
#                            "-IC:\Program Files\IAR Systems\Embedded Workbenc #
#                            h 5.0 Evaluation\avr\LIB\"                        #
#                            -f                                                #
#                            "C:\Program Files\IAR Systems\Embedded Workbench  #
#                            5.0 Evaluation\avr\config\lnkm644ps.xcl"          #
#                            (-D_..X_INTVEC_SIZE=7C -D_..X_FLASH_TEND=FF       #
#                            -D_..X_FLASH_NEND=FFFF -D_..X_FLASH_END=FFFF      #
#                            -D_..X_SRAM_BASE=100 -D_..X_SRAM_TEND=100         #
#                            -D_..X_SRAM_END=10FF -D_..X_EEPROM_END=7FF        #
#                            -D_..X_CSTACK_SIZE=100 -D_..X_RSTACK_SIZE=40      #
#                            -D_..X_HEAP_SIZE=80 -D_..X_NEAR_HEAP_SIZE=80      #
#                            -ca90 -Z(CODE)INTVEC=0-(_..X_INTVEC_SIZE-1)       #
#                            -H1895 -h(CODE)0-_..X_INTVEC_SIZE                 #
#                            -Z(CODE)TINY_F=_..X_INTVEC_SIZE-_..X_FLASH_TEND   #
#                            -Z(CODE)NEAR_F,SWITCH,INITTAB,DIFUNCT=_..X_INTVEC #
#                            _SIZE-_..X_FLASH_END                              #
#                            -Z(CODE)CODE=_..X_INTVEC_SIZE-_..X_FLASH_END      #
#                            -Z(CODE)TINY_ID,NEAR_ID=_..X_INTVEC_SIZE-_..X_FLA #
#                            SH_END                                            #
#                            -Z(CODE)CHECKSUM#_..X_FLASH_END                   #
#                            -Z(DATA)TINY_I,TINY_Z,TINY_N=_..X_SRAM_BASE-_..X_ #
#                            SRAM_TEND                                         #
#                            -Z(DATA)NEAR_I,NEAR_Z,NEAR_N=_..X_SRAM_BASE-_..X_ #
#                            SRAM_END                                          #
#                            -Z(DATA)RSTACK+_..X_RSTACK_SIZE=_..X_SRAM_BASE-_. #
#                            .X_SRAM_END                                       #
#                            -Z(DATA)CSTACK+_..X_CSTACK_SIZE=_..X_SRAM_BASE-_. #
#                            .X_SRAM_END                                       #
#                            -Z(DATA)HEAP+_..X_HEAP_SIZE=_..X_SRAM_BASE-_..X_S #
#                            RAM_END                                           #
#                            -Z(DATA)IOSTREAM_N#_..X_SRAM_BASE-_..X_SRAM_END   #
#                            -Z(DATA)NEAR_HEAP+_..X_NEAR_HEAP_SIZE=_..X_SRAM_B #
#                            ASE-_..X_SRAM_END                                 #
#                            -Z(XDATA)EEPROM_I,EEPROM_N=0-_..X_EEPROM_END      #
#                            -e_PrintfSmall=_Printf                            #
#                            -e_small_write=_formatted_write                   #
#                            -e_small_write_P=_formatted_write_P               #
#                            -e_ScanfSmall=_Scanf                              #
#                            -e_medium_read=_formatted_read                    #
#                            -e_medium_read_P=_formatted_read_P -w29) -s       #
#                            __program_start                                   #
#                            "C:\Program Files\IAR Systems\Embedded Workbench  #
#                            5.0 Evaluation\avr\LIB\CLIB\cl3s-ec_mul-sf.r90"   #
#                                                                              #
#                        Copyright 1987-2008 IAR Systems. All rights reserved. #
################################################################################





                ****************************************
                *                                      *
                *           CROSS REFERENCE            *
                *                                      *
                ****************************************

       Program entry at : CODE      00000000  Relocatable, from module : ?RESET




                ****************************************
                *                                      *
                *            RUNTIME MODEL             *
                *                                      *
                ****************************************

  EEPROM_SIZE     = 2
  R10             = REG
  R11             = REG
  R4              = REG
  R5              = REG
  R6              = REG
  R7              = REG
  R8              = REG
  R9              = REG
  __64bit_doubles = disabled
  __cpu           = 3
  __cpu_name      = ATmega644P
  __enhanced_core = enabled
  __has_elpm      = false
  __memory_model  = 2
  __rt_version    = 3



                ****************************************
                *                                      *
                *              MODULE MAP              *
                *                                      *
                ****************************************


  DEFINED ABSOLUTE ENTRIES
  PROGRAM MODULE, NAME : ?ABS_ENTRY_MOD

Absolute parts
           ENTRY                   ADDRESS         REF BY
           =====                   =======         ======
           _..X_NEAR_HEAP_SIZE     00000080 
           _..X_HEAP_SIZE          00000080 
           _..X_RSTACK_SIZE        00000040 
           _..X_CSTACK_SIZE        00000100 
           _..X_EEPROM_END         000007FF 
           _..X_SRAM_END           000010FF 
           _..X_SRAM_TEND          00000100 
           _..X_SRAM_BASE          00000100 
           _..X_FLASH_END          0000FFFF 
           _..X_FLASH_NEND         0000FFFF 
           _..X_FLASH_TEND         000000FF 
           _..X_INTVEC_SIZE        0000007C 
    *************************************************************************

  FILE NAME : D:\avr\Uart_Interrupt\LM_Universal\LM_IAR_V5.0\Alan\Release\Obj\IR.r90
  PROGRAM MODULE, NAME : IR

  SEGMENTS IN THE MODULE
  ======================
ABSOLUTE
  Relative segment, address: DATA 000000CE - 000000CE (0x1 bytes), align: 0
  Segment part 1.             Intra module refs:   put_c1
                                                   usart1_rx_ser
                                                   usart_tx_ser
           ENTRY                   ADDRESS         REF BY
           =====                   =======         ======
           _A_UDR1                 000000CE 
    -------------------------------------------------------------------------
ABSOLUTE
  Relative segment, address: DATA 000000CC - 000000CD (0x2 bytes), align: 0
  Segment part 2.             Intra module refs:   init_USART1
           ENTRY                   ADDRESS         REF BY
           =====                   =======         ======
           _A_UBRR1                000000CC 
    -------------------------------------------------------------------------
ABSOLUTE
  Relative segment, address: DATA 000000CA - 000000CA (0x1 bytes), align: 0
  Segment part 3.             Intra module refs:   init_USART1
           ENTRY                   ADDRESS         REF BY
           =====                   =======         ======
           _A_UCSR1C               000000CA 
    -------------------------------------------------------------------------
ABSOLUTE
  Relative segment, address: DATA 000000C9 - 000000C9 (0x1 bytes), align: 0
  Segment part 4.             Intra module refs:   init_USART1
           ENTRY                   ADDRESS         REF BY
           =====                   =======         ======
           _A_UCSR1B               000000C9 
    -------------------------------------------------------------------------
ABSOLUTE
  Relative segment, address: DATA 000000C8 - 000000C8 (0x1 bytes), align: 0
  Segment part 5.             Intra module refs:   init_USART1
                                                   put_c1
           ENTRY                   ADDRESS         REF BY
           =====                   =======         ======
           _A_UCSR1A               000000C8 
    -------------------------------------------------------------------------
ABSOLUTE
  Relative segment, address: DATA 0000008A - 0000008B (0x2 bytes), align: 0
  Segment part 6.             Intra module refs:   IR_36kHz
           ENTRY                   ADDRESS         REF BY
           =====                   =======         ======
           _A_OCR1B                0000008A 
    -------------------------------------------------------------------------
ABSOLUTE
  Relative segment, address: DATA 00000088 - 00000089 (0x2 bytes), align: 0
  Segment part 7.             Intra module refs:   IR_36kHz
           ENTRY                   ADDRESS         REF BY
           =====                   =======         ======
           _A_OCR1A                00000088 
    -------------------------------------------------------------------------
ABSOLUTE
  Relative segment, address: DATA 00000086 - 00000087 (0x2 bytes), align: 0
  Segment part 8.             Intra module refs:   IR_36kHz
           ENTRY                   ADDRESS         REF BY
           =====                   =======         ======
           _A_ICR1                 00000086 
    -------------------------------------------------------------------------
ABSOLUTE
  Relative segment, address: DATA 00000081 - 00000081 (0x1 bytes), align: 0
  Segment part 9.             Intra module refs:   PWM_output_init
           ENTRY                   ADDRESS         REF BY
           =====                   =======         ======
           _A_TCCR1B               00000081 
    -------------------------------------------------------------------------
ABSOLUTE
  Relative segment, address: DATA 00000080 - 00000080 (0x1 bytes), align: 0
  Segment part 10.            Intra module refs:   PWM_output_init
           ENTRY                   ADDRESS         REF BY
           =====                   =======         ======
           _A_TCCR1A               00000080 
    -------------------------------------------------------------------------
CODE
  Relative segment, address: CODE 000004D0 - 0000059B (0xcc bytes), align: 1
  Segment part 24.            Intra module refs:   usart1_rx_ser::??INTVEC 112
           ENTRY                   ADDRESS         REF BY
           =====                   =======         ======
           usart1_rx_ser           000004D0 
               interrupt function
               stack 1 = 00000000 ( 00000007 )
               stack 2 = 00000000 ( 00000002 )
    -------------------------------------------------------------------------
CODE
  Relative segment, address: CODE 0000059C - 000005EB (0x50 bytes), align: 1
  Segment part 25.            Intra module refs:   usart_tx_ser::??INTVEC 120
           ENTRY                   ADDRESS         REF BY
           =====                   =======         ======
           usart_tx_ser            0000059C 
               interrupt function
               stack 1 = 00000000 ( 00000005 )
               stack 2 = 00000000 ( 00000002 )
    -------------------------------------------------------------------------
CODE
  Relative segment, address: CODE 000005EC - 0000063B (0x50 bytes), align: 1
  Segment part 26.            Intra module refs:   put_s1
           ENTRY                   ADDRESS         REF BY
           =====                   =======         ======
           put_c1                  000005EC 
               stack 1 = 00000000 ( 00000000 )
               stack 2 = 00000000 ( 00000002 )
    -------------------------------------------------------------------------
CODE
  Relative segment, address: CODE 0000063C - 0000069B (0x60 bytes), align: 1
  Segment part 27.            Intra module refs:   decode_IR
           ENTRY                   ADDRESS         REF BY
           =====                   =======         ======
           put_s1                  0000063C 
               calls direct
               stack 1 = 00000000 ( 00000005 )
               stack 2 = 00000000 ( 00000002 )
    -------------------------------------------------------------------------
CODE
  Relative segment, address: CODE 0000069C - 000006BB (0x20 bytes), align: 1
  Segment part 28.
           ENTRY                   ADDRESS         REF BY
           =====                   =======         ======
           init_USART1             0000069C        main (main)
               stack 1 = 00000000 ( 00000000 )
               stack 2 = 00000000 ( 00000002 )
    -------------------------------------------------------------------------
CODE
  Relative segment, address: CODE 000006BC - 000006DB (0x20 bytes), align: 1
  Segment part 29.            Intra module refs:   decode_IR
                                                   put_s1
           ENTRY                   ADDRESS         REF BY
           =====                   =======         ======
           _calculate_crc          000006BC 
               stack 1 = 00000000 ( 00000000 )
               stack 2 = 00000000 ( 00000002 )
    -------------------------------------------------------------------------
CODE
  Relative segment, address: CODE 000006DC - 000006E9 (0xe bytes), align: 1
  Segment part 30.            Intra module refs:   IR_36kHz
           ENTRY                   ADDRESS         REF BY
           =====                   =======         ======
           PWM_output_init         000006DC 
               stack 1 = 00000000 ( 00000000 )
               stack 2 = 00000000 ( 00000002 )
    -------------------------------------------------------------------------
CODE
  Relative segment, address: CODE 000006EA - 0000070B (0x22 bytes), align: 1
  Segment part 31.
           ENTRY                   ADDRESS         REF BY
           =====                   =======         ======
           IR_36kHz                000006EA        main (main)
               calls direct
               stack 1 = 00000000 ( 00000000 )
               stack 2 = 00000000 ( 00000002 )
    -------------------------------------------------------------------------
CODE
  Segment part 32. NOT NEEDED.
           ENTRY                   ADDRESS         REF BY
           =====                   =======         ======
           close_IR_36kHz          
               not allocated function
    -------------------------------------------------------------------------
CODE
  Relative segment, address: CODE 0000070C - 00000735 (0x2a bytes), align: 1
  Segment part 33.            Intra module refs:   decode_IR
           ENTRY                   ADDRESS         REF BY
           =====                   =======         ======
           timer_IR_initial        0000070C 
               stack 1 = 00000000 ( 00000000 )
               stack 2 = 00000000 ( 00000002 )
    -------------------------------------------------------------------------
CODE
  Relative segment, address: CODE 00000736 - 000012C9 (0xb94 bytes), align: 1
  Segment part 34.            Intra module refs:   Segment part 40
           ENTRY                   ADDRESS         REF BY
           =====                   =======         ======
           decode_IR               00000736        main (main)
               calls direct
               stack 1 = 00000000 ( 00000041 )
               stack 2 = 00000000 ( 00000004 )
    -------------------------------------------------------------------------
CODE
  Relative segment, address: CODE 000012CA - 000012F3 (0x2a bytes), align: 1
  Segment part 35.
           ENTRY                   ADDRESS         REF BY
           =====                   =======         ======
           ir_buffer_clear         000012CA        all_reception_buffer_clear (application)
               stack 1 = 00000000 ( 00000000 )
               stack 2 = 00000000 ( 00000002 )
    -------------------------------------------------------------------------
CODE
  Relative segment, address: CODE 000012F4 - 000018E3 (0x5f0 bytes), align: 1
  Segment part 36.
           ENTRY                   ADDRESS         REF BY
           =====                   =======         ======
           ir_pnl                  000012F4        service_main (application)
               calls direct
               stack 1 = 00000000 ( 00000018 )
               stack 2 = 00000000 ( 00000004 )
    -------------------------------------------------------------------------
NEAR_Z
  Relative segment, address: DATA 000003B1 - 000003B2 (0x2 bytes), align: 0
  Segment part 22.            Intra module refs:   ir_pnl
           ENTRY                   ADDRESS         REF BY
           =====                   =======         ======
           temp_ns                 000003B1 
    -------------------------------------------------------------------------
CODE
  Segment part 37. NOT NEEDED.
           ENTRY                   ADDRESS         REF BY
           =====                   =======         ======
           setting_diagnostic_ir   
               not allocated function
    -------------------------------------------------------------------------
CODE
  Segment part 38. NOT NEEDED.
           ENTRY                   ADDRESS         REF BY
           =====                   =======         ======
           get_current_scenario_number
                                   
               not allocated function
    -------------------------------------------------------------------------
CODE
  Relative segment, address: CODE 000018E4 - 0000191B (0x38 bytes), align: 1
  Segment part 39.            Intra module refs:   decode_IR
                                                   ir_pnl
           ENTRY                   ADDRESS         REF BY
           =====                   =======         ======
           is_scenario_full        000018E4 
               stack 1 = 00000000 ( 00000003 )
               stack 2 = 00000000 ( 00000004 )
    -------------------------------------------------------------------------
ABSOLUTE
  Relative segment, address: DATA 0000001F, align: 0
  Segment part 11.
           ENTRY                   ADDRESS         REF BY
           =====                   =======         ======
           __?EECR                 0000001F        Segment part 0 (?EEPROM_16)
                                                   Segment part 1 (?EEPROM_16)
                                                   Segment part 8 (?EEPROM_16)
    -------------------------------------------------------------------------
ABSOLUTE
  Relative segment, address: DATA 00000020, align: 0
  Segment part 12.
           ENTRY                   ADDRESS         REF BY
           =====                   =======         ======
           __?EEDR                 00000020        __eeget16_16 (?EEPROM_16)
                                                   __eeget8_16 (?EEPROM_16)
                                                   __eeput16_16 (?EEPROM_16)
                                                   __eeput8_16 (?EEPROM_16)
    -------------------------------------------------------------------------
ABSOLUTE
  Relative segment, address: DATA 00000021, align: 0
  Segment part 13.
           ENTRY                   ADDRESS         REF BY
           =====                   =======         ======
           __?EEARL                00000021        Segment part 1 (?EEPROM_16)
                                                   Segment part 8 (?EEPROM_16)
    -------------------------------------------------------------------------
ABSOLUTE
  Relative segment, address: DATA 00000022, align: 0
  Segment part 14.
           ENTRY                   ADDRESS         REF BY
           =====                   =======         ======
           __?EEARH                00000022        Segment part 1 (?EEPROM_16)
                                                   Segment part 8 (?EEPROM_16)
    -------------------------------------------------------------------------
INTVEC
  Common segment, address: CODE 00000000 - 00000073 (0x74 bytes), align: 1
  Segment part 15. ROOT.
           ENTRY                   ADDRESS         REF BY
           =====                   =======         ======
           usart1_rx_ser::??INTVEC 112
                                   00000070 
    -------------------------------------------------------------------------
INTVEC
  Common segment, address: CODE 00000000 - 0000007B (0x7c bytes), align: 1
  Segment part 16. ROOT.
           ENTRY                   ADDRESS         REF BY
           =====                   =======         ======
           usart_tx_ser::??INTVEC 120
                                   00000078 
    -------------------------------------------------------------------------
CSTACK
  Segment part 17. NOT NEEDED.
    -------------------------------------------------------------------------
RSTACK
  Segment part 18. NOT NEEDED.
    -------------------------------------------------------------------------
NEAR_ID
  Relative segment, address: CODE 0000B23E - 0000B32D (0xf0 bytes), align: 0
  Segment part 20.            Intra module refs:   Segment part 19
    -------------------------------------------------------------------------
INITTAB
  Relative segment, address: CODE 000004C4 - 000004C9 (0x6 bytes), align: 0
  Segment part 21.            Intra module refs:   Segment part 10 (decode_scs)
                                                   Segment part 11 (decode_scs_next)
                                                   Segment part 14 (decode_scs_next)
                                                   Segment part 16 (decode_scs_next)
                                                   Segment part 18 (decode_scs_next)
                                                   Segment part 19
                                                   Segment part 22 (application)
                                                   Segment part 26 (application)
                                                   Segment part 28 (application)
                                                   Segment part 30 (decode_scs_next)
                                                   Segment part 33 (decode_scs_next)
                                                   Segment part 7 (decode_scs)
                                                   Segment part 7 (decode_scs_next)
                                                   flash_KO (global_variable)
           ENTRY                   ADDRESS         REF BY
           =====                   =======         ======
           ?<Segment init: NEAR_I>
                                   000004C4 
    -------------------------------------------------------------------------
INITTAB
  Relative segment, address: CODE 000004CA - 000004CF (0x6 bytes), align: 0
  Segment part 23.            Intra module refs:   Configurators (global_variable)
                                                   DLL (global_variable)
                                                   Delay_Time_set (global_variable)
                                                   First_detection_enable (global_variable)
                                                   KO (global_variable)
                                                   KO_conf (global_variable)
                                                   M2_timer (global_variable)
                                                   M2_timer_count (global_variable)
                                                   M2_type (global_variable)
                                                   PIR_detection_en (global_variable)
                                                   SCS_received (global_variable)
                                                   Segment part 13 (global_variable)
                                                   Segment part 20 (usart)
                                                   Segment part 31 (application)
                                                   Segment part 33 (application)
                                                   Segment part 7 (PIR)
                                                   Time_delay (global_variable)
                                                   US_detection_en (global_variable)
                                                   Usonic (US)
                                                   Walk_Through_flag (global_variable)
                                                   errno (?errno)
                                                   g_asc_reception_buffer (global_variable)
                                                   g_asc_short_buffer (global_variable)
                                                   g_ir_reception (global_variable)
                                                   g_reception_buffer (global_variable)
                                                   g_short_buffer (global_variable)
                                                   g_temp (global_variable)
                                                   modality0_delay_ms (global_variable)
                                                   motion_resutl (global_variable)
                                                   motion_total (global_variable)
                                                   pir (global_variable)
                                                   product_information (global_variable)
                                                   scs_frame (global_variable)
                                                   set_point (global_variable)
                                                   temp_ns
                                                   temp_product_information (global_variable)
                                                   temp_variable (global_variable)
                                                   tx1_buffer (global_variable)
                                                   tx1_counter (global_variable)
                                                   tx1_rd_index (global_variable)
                                                   tx1_wr_index (global_variable)
           ENTRY                   ADDRESS         REF BY
           =====                   =======         ======
           ?<Segment init: NEAR_Z>
                                   000004CA 
    -------------------------------------------------------------------------
SWITCH
  Relative segment, address: CODE 000002BA - 000002EB (0x32 bytes), align: 1
  Segment part 40.            Intra module refs:   decode_IR
    -------------------------------------------------------------------------
NEAR_I
  Relative segment, address: DATA 00000100 - 000001EF (0xf0 bytes), align: 0
  Segment part 19.            Intra module refs:   decode_IR
                                                   ir_pnl

    *************************************************************************

  FILE NAME : D:\avr\Uart_Interrupt\LM_Universal\LM_IAR_V5.0\Alan\Release\Obj\PIR.r90
  PROGRAM MODULE, NAME : PIR

  SEGMENTS IN THE MODULE
  ======================
CODE
  Relative segment, address: CODE 0000191C - 00001941 (0x26 bytes), align: 1
  Segment part 9.             Intra module refs:   PIR_detect
           ENTRY                   ADDRESS         REF BY
           =====                   =======         ======
           PIR_SENSE_SET           0000191C 
               stack 1 = 00000000 ( 00000000 )
               stack 2 = 00000000 ( 00000002 )
    -------------------------------------------------------------------------
CODE
  Relative segment, address: CODE 00001942 - 00001B0B (0x1ca bytes), align: 1
  Segment part 10.
           ENTRY                   ADDRESS         REF BY
           =====                   =======         ======
           PIR_detect              00001942        motion_detect (application)
               calls direct
               stack 1 = 00000000 ( 00000002 )
               stack 2 = 00000000 ( 00000002 )
    -------------------------------------------------------------------------
NEAR_Z
  Relative segment, address: DATA 000003B3 - 000003C2 (0x10 bytes), align: 0
  Segment part 7.             Intra module refs:   PIR_detect
    -------------------------------------------------------------------------
ABSOLUTE
  Segment part 1. TENTATIVE. Used definition from IR
           ENTRY                   ADDRESS         REF BY
           =====                   =======         ======
           __?EECR                 
    -------------------------------------------------------------------------
ABSOLUTE
  Segment part 2. TENTATIVE. Used definition from IR
           ENTRY                   ADDRESS         REF BY
           =====                   =======         ======
           __?EEDR                 
    -------------------------------------------------------------------------
ABSOLUTE
  Segment part 3. TENTATIVE. Used definition from IR
           ENTRY                   ADDRESS         REF BY
           =====                   =======         ======
           __?EEARL                
    -------------------------------------------------------------------------
ABSOLUTE
  Segment part 4. TENTATIVE. Used definition from IR
           ENTRY                   ADDRESS         REF BY
           =====                   =======         ======
           __?EEARH                
    -------------------------------------------------------------------------
CSTACK
  Segment part 5. NOT NEEDED.
    -------------------------------------------------------------------------
RSTACK
  Segment part 6. NOT NEEDED.
    -------------------------------------------------------------------------
INITTAB
  Segment part 8. TENTATIVE. Used definition from IR
           ENTRY                   ADDRESS         REF BY
           =====                   =======         ======
           ?<Segment init: NEAR_Z>
                                   

    *************************************************************************

  FILE NAME : D:\avr\Uart_Interrupt\LM_Universal\LM_IAR_V5.0\Alan\Release\Obj\US.r90
  PROGRAM MODULE, NAME : US

  SEGMENTS IN THE MODULE
  ======================
NEAR_Z
  Segment part 7. NOT NEEDED.
           ENTRY                   ADDRESS         REF BY
           =====                   =======         ======
           DTFLAG_STATUS           
    -------------------------------------------------------------------------
NEAR_Z
  Segment part 9. NOT NEEDED.
           ENTRY                   ADDRESS         REF BY
           =====                   =======         ======
           INDSAMPLE_CNT           
    -------------------------------------------------------------------------
NEAR_Z
  Relative segment, address: DATA 000003C3 - 000003F5 (0x33 bytes), align: 0
  Segment part 10.            Intra module refs:   US_SENSE_SET
                                                   Ultrasonic_detection
                                                   ultWarmUpEvents
           ENTRY                   ADDRESS         REF BY
           =====                   =======         ======
           Usonic                  000003C3 
    -------------------------------------------------------------------------
CODE
  Relative segment, address: CODE 00001B0C - 00001B31 (0x26 bytes), align: 1
  Segment part 11.            Intra module refs:   us_detection
           ENTRY                   ADDRESS         REF BY
           =====                   =======         ======
           US_SENSE_SET            00001B0C 
               stack 1 = 00000000 ( 00000000 )
               stack 2 = 00000000 ( 00000002 )
    -------------------------------------------------------------------------
CODE
  Relative segment, address: CODE 00001B32 - 00001BA9 (0x78 bytes), align: 1
  Segment part 12.
           ENTRY                   ADDRESS         REF BY
           =====                   =======         ======
           ultWarmUpEvents         00001B32        function_service_init (function_service)
               stack 1 = 00000000 ( 00000000 )
               stack 2 = 00000000 ( 00000002 )
    -------------------------------------------------------------------------
CODE
  Relative segment, address: CODE 00001BAA - 00001CED (0x144 bytes), align: 1
  Segment part 13.            Intra module refs:   us_detection
           ENTRY                   ADDRESS         REF BY
           =====                   =======         ======
           Ultrasonic_detection    00001BAA 
               calls direct
               stack 1 = 00000000 ( 00000002 )
               stack 2 = 00000000 ( 00000002 )
    -------------------------------------------------------------------------
CODE
  Relative segment, address: CODE 00001CEE - 00001CF3 (0x6 bytes), align: 1
  Segment part 14.
           ENTRY                   ADDRESS         REF BY
           =====                   =======         ======
           us_detection            00001CEE        get_us (application)
               calls direct
               stack 1 = 00000000 ( 00000000 )
               stack 2 = 00000000 ( 00000002 )
    -------------------------------------------------------------------------
ABSOLUTE
  Segment part 1. TENTATIVE. Used definition from IR
           ENTRY                   ADDRESS         REF BY
           =====                   =======         ======
           __?EECR                 
    -------------------------------------------------------------------------
ABSOLUTE
  Segment part 2. TENTATIVE. Used definition from IR
           ENTRY                   ADDRESS         REF BY
           =====                   =======         ======
           __?EEDR                 
    -------------------------------------------------------------------------
ABSOLUTE
  Segment part 3. TENTATIVE. Used definition from IR
           ENTRY                   ADDRESS         REF BY
           =====                   =======         ======
           __?EEARL                
    -------------------------------------------------------------------------
ABSOLUTE
  Segment part 4. TENTATIVE. Used definition from IR
           ENTRY                   ADDRESS         REF BY
           =====                   =======         ======
           __?EEARH                
    -------------------------------------------------------------------------
CSTACK
  Segment part 5. NOT NEEDED.
    -------------------------------------------------------------------------
RSTACK
  Segment part 6. NOT NEEDED.
    -------------------------------------------------------------------------
INITTAB
  Segment part 8. TENTATIVE. Used definition from IR
           ENTRY                   ADDRESS         REF BY
           =====                   =======         ======
           ?<Segment init: NEAR_Z>
                                   

    *************************************************************************

  FILE NAME : D:\avr\Uart_Interrupt\LM_Universal\LM_IAR_V5.0\Alan\Release\Obj\application.r90
  PROGRAM MODULE, NAME : application

  SEGMENTS IN THE MODULE
  ======================
ABSOLUTE
  Relative segment, address: DATA 000000B6 - 000000B6 (0x1 bytes), align: 0
  Segment part 1.             Intra module refs:   timer2_enable
           ENTRY                   ADDRESS         REF BY
           =====                   =======         ======
           _A_ASSR                 000000B6 
    -------------------------------------------------------------------------
ABSOLUTE
  Relative segment, address: DATA 000000B4 - 000000B4 (0x1 bytes), align: 0
  Segment part 2.             Intra module refs:   timer2_enable
           ENTRY                   ADDRESS         REF BY
           =====                   =======         ======
           _A_OCR2B                000000B4 
    -------------------------------------------------------------------------
ABSOLUTE
  Relative segment, address: DATA 000000B3 - 000000B3 (0x1 bytes), align: 0
  Segment part 3.             Intra module refs:   timer2_enable
           ENTRY                   ADDRESS         REF BY
           =====                   =======         ======
           _A_OCR2A                000000B3 
    -------------------------------------------------------------------------
ABSOLUTE
  Relative segment, address: DATA 000000B2 - 000000B2 (0x1 bytes), align: 0
  Segment part 4.             Intra module refs:   timer2_enable
                                                   timer2_ovf_ser (board)
           ENTRY                   ADDRESS         REF BY
           =====                   =======         ======
           _A_TCNT2                000000B2 
    -------------------------------------------------------------------------
ABSOLUTE
  Relative segment, address: DATA 000000B1 - 000000B1 (0x1 bytes), align: 0
  Segment part 5.             Intra module refs:   timer2_enable
           ENTRY                   ADDRESS         REF BY
           =====                   =======         ======
           _A_TCCR2B               000000B1 
    -------------------------------------------------------------------------
ABSOLUTE
  Relative segment, address: DATA 000000B0 - 000000B0 (0x1 bytes), align: 0
  Segment part 6.             Intra module refs:   timer2_enable
           ENTRY                   ADDRESS         REF BY
           =====                   =======         ======
           _A_TCCR2A               000000B0 
    -------------------------------------------------------------------------
ABSOLUTE
  Relative segment, address: DATA 00000070 - 00000070 (0x1 bytes), align: 0
  Segment part 7.             Intra module refs:   timer2_enable
           ENTRY                   ADDRESS         REF BY
           =====                   =======         ======
           _A_TIMSK2               00000070 
    -------------------------------------------------------------------------
ABSOLUTE
  Relative segment, address: DATA 0000006E - 0000006E (0x1 bytes), align: 0
  Segment part 8.             Intra module refs:   timer0_enable
           ENTRY                   ADDRESS         REF BY
           =====                   =======         ======
           _A_TIMSK0               0000006E 
    -------------------------------------------------------------------------
ABSOLUTE
  Relative segment, address: DATA 00000047 - 00000047 (0x1 bytes), align: 0
  Segment part 9.             Intra module refs:   timer0_enable
           ENTRY                   ADDRESS         REF BY
           =====                   =======         ======
           _A_OCR0A                00000047 
    -------------------------------------------------------------------------
ABSOLUTE
  Relative segment, address: DATA 00000045 - 00000045 (0x1 bytes), align: 0
  Segment part 10.            Intra module refs:   timer0_enable
           ENTRY                   ADDRESS         REF BY
           =====                   =======         ======
           _A_TCCR0B               00000045 
    -------------------------------------------------------------------------
ABSOLUTE
  Relative segment, address: DATA 00000044 - 00000044 (0x1 bytes), align: 0
  Segment part 11.            Intra module refs:   timer0_enable
           ENTRY                   ADDRESS         REF BY
           =====                   =======         ======
           _A_TCCR0A               00000044 
    -------------------------------------------------------------------------
ABSOLUTE
  Relative segment, address: DATA 00000035 - 00000035 (0x1 bytes), align: 0
  Segment part 12.            Intra module refs:   timer0_enable
           ENTRY                   ADDRESS         REF BY
           =====                   =======         ======
           _A_TIFR0                00000035 
    -------------------------------------------------------------------------
ABSOLUTE
  Relative segment, address: DATA 00000028 - 00000028 (0x1 bytes), align: 0
  Segment part 13.            Intra module refs:   Dled_light_on_ms
                                                   IO_Initial (board)
                                                   led_blinking_disable
                                                   motion_detect
                                                   scs_pnl_none_confed_master
                                                   start_conf
                                                   timer2_ovf_ser (board)
           ENTRY                   ADDRESS         REF BY
           =====                   =======         ======
           _A_PORTC                00000028 
    -------------------------------------------------------------------------
CODE
  Relative segment, address: CODE 00001CF4 - 00001DDF (0xec bytes), align: 1
  Segment part 34.
           ENTRY                   ADDRESS         REF BY
           =====                   =======         ======
           Mode_frame_GR           00001CF4        Check_SCS_received (function_service)
                                                   Check_frame_received (function_service)
                                                   GS_presence_send (function_service)
                                                   ON_takeline (function_service)
                                                   _Initial_state (function_service)
                                                   _Maintain_state (function_service)
                                                   _ReTrigger_State (function_service)
                                                   _Standby_state (function_service)
                                                   frame_OFF_send (function_service)
                                                   frame_ON_send (function_service)
               calls direct
               stack 1 = 00000000 ( 0000000B )
               stack 2 = 00000000 ( 00000002 )
    -------------------------------------------------------------------------
CODE
  Relative segment, address: CODE 00001DE0 - 00001ED1 (0xf2 bytes), align: 1
  Segment part 35.            Intra module refs:   Actuator_regulation
                                                   Dimmer_regulation
           ENTRY                   ADDRESS         REF BY
           =====                   =======         ======
           Mode_frame_P2P          00001DE0 
               calls direct
               stack 1 = 00000000 ( 00000019 )
               stack 2 = 00000000 ( 00000002 )
    -------------------------------------------------------------------------
CODE
  Relative segment, address: CODE 00001ED2 - 00001F9D (0xcc bytes), align: 1
  Segment part 36.
           ENTRY                   ADDRESS         REF BY
           =====                   =======         ======
           frame_M2_answer         00001ED2        Check_SCS_received (function_service)
                                                   Function_KO128 (function_service)
                                                   decode_SCS (decode_scs)
               calls direct
               stack 1 = 00000000 ( 00000018 )
               stack 2 = 00000000 ( 00000004 )
    -------------------------------------------------------------------------
CODE
  Relative segment, address: CODE 00001F9E - 00002017 (0x7a bytes), align: 1
  Segment part 37.
           ENTRY                   ADDRESS         REF BY
           =====                   =======         ======
           DLL_setpoint            00001F9E        Check_SCS_received (function_service)
               calls direct
               stack 1 = 00000000 ( 00000001 )
               stack 2 = 00000000 ( 00000004 )
    -------------------------------------------------------------------------
CODE
  Relative segment, address: CODE 00002018 - 00002189 (0x172 bytes), align: 1
  Segment part 38.            Intra module refs:   Dimmer_regulation
                                                   daylight_set_init
           ENTRY                   ADDRESS         REF BY
           =====                   =======         ======
           factor_divcalc          00002018 
               stack 1 = 00000000 ( 00000006 )
               stack 2 = 00000000 ( 00000004 )
    -------------------------------------------------------------------------
NEAR_Z
  Relative segment, address: DATA 000003F6 - 000003FD (0x8 bytes), align: 0
  Segment part 31.            Intra module refs:   factor_divcalc
    -------------------------------------------------------------------------
CODE
  Segment part 39. NOT NEEDED.
           ENTRY                   ADDRESS         REF BY
           =====                   =======         ======
           factor_mulcalc          
               not allocated function
    -------------------------------------------------------------------------
CODE
  Relative segment, address: CODE 0000218A - 00002283 (0xfa bytes), align: 1
  Segment part 40.            Intra module refs:   Light_regulation
           ENTRY                   ADDRESS         REF BY
           =====                   =======         ======
           Actuator_regulation     0000218A 
               calls direct
               stack 1 = 00000000 ( 00000002 )
               stack 2 = 00000000 ( 00000002 )
    -------------------------------------------------------------------------
CODE
  Relative segment, address: CODE 00002284 - 000024B5 (0x232 bytes), align: 1
  Segment part 41.            Intra module refs:   Light_regulation
           ENTRY                   ADDRESS         REF BY
           =====                   =======         ======
           Dimmer_regulation       00002284 
               calls direct
               stack 1 = 00000000 ( 00000006 )
               stack 2 = 00000000 ( 00000004 )
    -------------------------------------------------------------------------
CODE
  Segment part 42. NOT NEEDED.
           ENTRY                   ADDRESS         REF BY
           =====                   =======         ======
           Dimmer_dec              
               calls direct
               not allocated function
    -------------------------------------------------------------------------
CODE
  Relative segment, address: CODE 000024B6 - 000024D3 (0x1e bytes), align: 1
  Segment part 43.
           ENTRY                   ADDRESS         REF BY
           =====                   =======         ======
           Light_regulation        000024B6        Function_KO168 (function_service)
               calls direct
               stack 1 = 00000000 ( 00000000 )
               stack 2 = 00000000 ( 00000002 )
    -------------------------------------------------------------------------
CODE
  Relative segment, address: CODE 000024D4 - 00002525 (0x52 bytes), align: 1
  Segment part 44.            Intra module refs:   DLL_setpoint
           ENTRY                   ADDRESS         REF BY
           =====                   =======         ======
           daylight_set_init       000024D4        function_service_init (function_service)
               calls direct
               stack 1 = 00000000 ( 00000000 )
               stack 2 = 00000000 ( 00000004 )
    -------------------------------------------------------------------------
CODE
  Relative segment, address: CODE 00002526 - 0000259F (0x7a bytes), align: 1
  Segment part 45.            Intra module refs:   daylight_service
           ENTRY                   ADDRESS         REF BY
           =====                   =======         ======
           PofL_calc               00002526 
               stack 1 = 00000000 ( 00000000 )
               stack 2 = 00000000 ( 00000004 )
    -------------------------------------------------------------------------
CODE
  Relative segment, address: CODE 000025A0 - 000027C1 (0x222 bytes), align: 1
  Segment part 46.
           ENTRY                   ADDRESS         REF BY
           =====                   =======         ======
           daylight_service        000025A0        Function_KO128 (function_service)
                                                   Function_KO166 (function_service)
                                                   Function_KO168 (function_service)
               calls direct
               stack 1 = 00000000 ( 00000004 )
               stack 2 = 00000000 ( 00000004 )
    -------------------------------------------------------------------------
CODE
  Relative segment, address: CODE 000027C2 - 00002841 (0x80 bytes), align: 1
  Segment part 47.            Intra module refs:   DLL_setpoint
                                                   daylight_service
           ENTRY                   ADDRESS         REF BY
           =====                   =======         ======
           get_dl_level            000027C2 
               calls direct
               stack 1 = 00000000 ( 00000000 )
               stack 2 = 00000000 ( 00000004 )
    -------------------------------------------------------------------------
CODE
  Relative segment, address: CODE 00002842 - 0000298D (0x14c bytes), align: 1
  Segment part 48.            Intra module refs:   get_dl_level
           ENTRY                   ADDRESS         REF BY
           =====                   =======         ======
           real_daylight_calc      00002842 
               calls direct
               stack 1 = 00000000 ( 00000002 )
               stack 2 = 00000000 ( 00000004 )
    -------------------------------------------------------------------------
CODE
  Relative segment, address: CODE 0000298E - 000029A3 (0x16 bytes), align: 1
  Segment part 49.
           ENTRY                   ADDRESS         REF BY
           =====                   =======         ======
           timer0_enable           0000298E        function_service_init (function_service)
               stack 1 = 00000000 ( 00000000 )
               stack 2 = 00000000 ( 00000002 )
    -------------------------------------------------------------------------
CODE
  Relative segment, address: CODE 000029A4 - 000029CF (0x2c bytes), align: 1
  Segment part 50.
           ENTRY                   ADDRESS         REF BY
           =====                   =======         ======
           timer2_enable           000029A4        main (main)
               stack 1 = 00000000 ( 00000000 )
               stack 2 = 00000000 ( 00000002 )
    -------------------------------------------------------------------------
CODE
  Relative segment, address: CODE 000029D0 - 00002A37 (0x68 bytes), align: 1
  Segment part 51.
           ENTRY                   ADDRESS         REF BY
           =====                   =======         ======
           motion_detect           000029D0        occupancy_detect (function_service)
               calls direct
               stack 1 = 00000000 ( 00000001 )
               stack 2 = 00000000 ( 00000002 )
    -------------------------------------------------------------------------
CODE
  Relative segment, address: CODE 00002A38 - 00002A6F (0x38 bytes), align: 1
  Segment part 52.            Intra module refs:   motion_detect
           ENTRY                   ADDRESS         REF BY
           =====                   =======         ======
           get_us                  00002A38 
               calls direct
               stack 1 = 00000000 ( 00000001 )
               stack 2 = 00000000 ( 00000002 )
    -------------------------------------------------------------------------
CODE
  Segment part 53. NOT NEEDED.
           ENTRY                   ADDRESS         REF BY
           =====                   =======         ======
           load_update             
               calls direct
               not allocated function
    -------------------------------------------------------------------------
CODE
  Relative segment, address: CODE 00002A70 - 00002AF3 (0x84 bytes), align: 1
  Segment part 54.
           ENTRY                   ADDRESS         REF BY
           =====                   =======         ======
           button_press_detect     00002A70        main (main)
               calls direct
               stack 1 = 00000000 ( 00000000 )
               stack 2 = 00000000 ( 00000002 )
    -------------------------------------------------------------------------
CODE
  Segment part 55. NOT NEEDED.
           ENTRY                   ADDRESS         REF BY
           =====                   =======         ======
           button_release_detect   
               calls direct
               not allocated function
    -------------------------------------------------------------------------
CODE
  Relative segment, address: CODE 00002AF4 - 00003083 (0x590 bytes), align: 1
  Segment part 56.            Intra module refs:   service_main
           ENTRY                   ADDRESS         REF BY
           =====                   =======         ======
           scs_pnl_advance_master
                                   00002AF4 
               calls direct
               stack 1 = 00000000 ( 00000014 )
               stack 2 = 00000000 ( 00000004 )
    -------------------------------------------------------------------------
NEAR_Z
  Relative segment, address: DATA 000003FE - 00000402 (0x5 bytes), align: 0
  Segment part 33.            Intra module refs:   scs_pnl_advance_master
    -------------------------------------------------------------------------
CODE
  Relative segment, address: CODE 00003084 - 000033C7 (0x344 bytes), align: 1
  Segment part 57.            Intra module refs:   service_main
           ENTRY                   ADDRESS         REF BY
           =====                   =======         ======
           scs_pnl_none_confed_master
                                   00003084 
               calls direct
               stack 1 = 00000000 ( 00000000 )
               stack 2 = 00000000 ( 00000004 )
    -------------------------------------------------------------------------
CODE
  Relative segment, address: CODE 000033C8 - 000037C7 (0x400 bytes), align: 1
  Segment part 58.            Intra module refs:   service_main
           ENTRY                   ADDRESS         REF BY
           =====                   =======         ======
           scs_pnl_advance_slave   000033C8 
               calls direct
               stack 1 = 00000000 ( 00000014 )
               stack 2 = 00000000 ( 00000004 )
    -------------------------------------------------------------------------
CODE
  Segment part 59. NOT NEEDED.
           ENTRY                   ADDRESS         REF BY
           =====                   =======         ======
           scs_advance_from_none_confed
                                   
               calls direct
               not allocated function
    -------------------------------------------------------------------------
CODE
  Relative segment, address: CODE 000037C8 - 000039EB (0x224 bytes), align: 1
  Segment part 60.            Intra module refs:   service_main
           ENTRY                   ADDRESS         REF BY
           =====                   =======         ======
           scs_pnl_none_confed_slave
                                   000037C8 
               calls direct
               stack 1 = 00000000 ( 00000000 )
               stack 2 = 00000000 ( 00000004 )
    -------------------------------------------------------------------------
CODE
  Segment part 61. NOT NEEDED.
           ENTRY                   ADDRESS         REF BY
           =====                   =======         ======
           scs_pnl_group_sensor_detector
                                   
               not allocated function
    -------------------------------------------------------------------------
CODE
  Relative segment, address: CODE 000039EC - 000039FF (0x14 bytes), align: 1
  Segment part 62.            Intra module refs:   button_press_detect
           ENTRY                   ADDRESS         REF BY
           =====                   =======         ======
           key_time_clear          000039EC 
               stack 1 = 00000000 ( 00000000 )
               stack 2 = 00000000 ( 00000002 )
    -------------------------------------------------------------------------
CODE
  Relative segment, address: CODE 00003A00 - 00003A41 (0x42 bytes), align: 1
  Segment part 63.            Intra module refs:   led_blinking_ms
                                                   led_blinking_normal
                                                   scs_pnl_advance_master
                                                   scs_pnl_advance_slave
                                                   scs_pnl_none_confed_master
                                                   scs_pnl_none_confed_slave
                                                   service_main
                                                   start_conf
           ENTRY                   ADDRESS         REF BY
           =====                   =======         ======
           led_blinking            00003A00        decode_IR (IR)
                                                   ir_pnl (IR)
                                                   scs_calibration (decode_scs)
                                                   timer2_ovf_ser (board)
               stack 1 = 00000000 ( 00000004 )
               stack 2 = 00000000 ( 00000002 )
    -------------------------------------------------------------------------
CODE
  Relative segment, address: CODE 00003A42 - 00003A79 (0x38 bytes), align: 1
  Segment part 64.
           ENTRY                   ADDRESS         REF BY
           =====                   =======         ======
           led_blinking_ms         00003A42        configuration_procedure (decode_scs_next)
               calls direct
               stack 1 = 00000000 ( 00000008 )
               stack 2 = 00000000 ( 00000002 )
    -------------------------------------------------------------------------
CODE
  Relative segment, address: CODE 00003A7A - 00003AA1 (0x28 bytes), align: 1
  Segment part 65.
           ENTRY                   ADDRESS         REF BY
           =====                   =======         ======
           Dled_light_on_ms        00003A7A        occupancy_detect (function_service)
               stack 1 = 00000000 ( 00000000 )
               stack 2 = 00000000 ( 00000002 )
    -------------------------------------------------------------------------
CODE
  Relative segment, address: CODE 00003AA2 - 00003ABB (0x1a bytes), align: 1
  Segment part 66.            Intra module refs:   PnL_ad_end
                                                   led_blinking_normal
                                                   scs_pnl_advance_master
                                                   scs_pnl_advance_slave
                                                   scs_pnl_none_confed_master
                                                   service_main
           ENTRY                   ADDRESS         REF BY
           =====                   =======         ======
           led_blinking_disable    00003AA2        ir_pnl (IR)
                                                   scs_calibration (decode_scs)
                                                   timer2_ovf_ser (board)
               stack 1 = 00000000 ( 00000000 )
               stack 2 = 00000000 ( 00000002 )
    -------------------------------------------------------------------------
CODE
  Relative segment, address: CODE 00003ABC - 00003AE5 (0x2a bytes), align: 1
  Segment part 67.            Intra module refs:   scs_pnl_advance_master
                                                   scs_pnl_advance_slave
                                                   scs_pnl_none_confed_master
                                                   scs_pnl_none_confed_slave
                                                   service_main
           ENTRY                   ADDRESS         REF BY
           =====                   =======         ======
           timer_flex_initial      00003ABC        configuration_procedure (decode_scs_next)
                                                   decode_IR (IR)
                                                   id_frame (decode_scs_next)
                                                   ir_pnl (IR)
               stack 1 = 00000000 ( 00000000 )
               stack 2 = 00000000 ( 00000002 )
    -------------------------------------------------------------------------
CODE
  Relative segment, address: CODE 00003AE6 - 00003B0F (0x2a bytes), align: 1
  Segment part 68.            Intra module refs:   scs_pnl_advance_slave
           ENTRY                   ADDRESS         REF BY
           =====                   =======         ======
           timer_flex2_initial     00003AE6 
               stack 1 = 00000000 ( 00000000 )
               stack 2 = 00000000 ( 00000002 )
    -------------------------------------------------------------------------
CODE
  Relative segment, address: CODE 00003B10 - 00003B49 (0x3a bytes), align: 1
  Segment part 69.
           ENTRY                   ADDRESS         REF BY
           =====                   =======         ======
           all_reception_buffer_clear
                                   00003B10        main (main)
               calls direct
               stack 1 = 00000000 ( 00000001 )
               stack 2 = 00000000 ( 00000004 )
    -------------------------------------------------------------------------
CODE
  Relative segment, address: CODE 00003B4A - 00003B71 (0x28 bytes), align: 1
  Segment part 70.
           ENTRY                   ADDRESS         REF BY
           =====                   =======         ======
           manual_reception_buffer_clear
                                   00003B4A        KO_answer_frame (decode_scs_next)
                                                   configuration_setting_frame (decode_scs_next)
                                                   parameter_all_answer (decode_scs_next)
               stack 1 = 00000000 ( 00000001 )
               stack 2 = 00000000 ( 00000004 )
    -------------------------------------------------------------------------
CODE
  Relative segment, address: CODE 00003B72 - 00003E91 (0x320 bytes), align: 1
  Segment part 71.
           ENTRY                   ADDRESS         REF BY
           =====                   =======         ======
           start_conf              00003B72        main (main)
               calls direct
               stack 1 = 00000000 ( 0000000D )
               stack 2 = 00000000 ( 00000004 )
    -------------------------------------------------------------------------
CODE
  Relative segment, address: CODE 00003E92 - 00003FDB (0x14a bytes), align: 1
  Segment part 72.            Intra module refs:   scs_pnl_advance_master
                                                   scs_pnl_none_confed_master
           ENTRY                   ADDRESS         REF BY
           =====                   =======         ======
           factory_default         00003E92        configuration_procedure (decode_scs_next)
                                                   decode_IR (IR)
               calls direct
               stack 1 = 00000000 ( 00000035 )
               stack 2 = 00000000 ( 00000004 )
    -------------------------------------------------------------------------
CODE
  Relative segment, address: CODE 00003FDC - 0000412B (0x150 bytes), align: 1
  Segment part 73.            Intra module refs:   Segment part 88
           ENTRY                   ADDRESS         REF BY
           =====                   =======         ======
           configurator_to_KO      00003FDC        load_parameter (configuration)
               stack 1 = 00000000 ( 00000000 )
               stack 2 = 00000000 ( 00000004 )
    -------------------------------------------------------------------------
CODE
  Relative segment, address: CODE 0000412C - 000042E7 (0x1bc bytes), align: 1
  Segment part 74.            Intra module refs:   Segment part 89
           ENTRY                   ADDRESS         REF BY
           =====                   =======         ======
           service_main            0000412C        main (main)
               calls direct
               stack 1 = 00000000 ( 00000000 )
               stack 2 = 00000000 ( 00000002 )
    -------------------------------------------------------------------------
CODE
  Segment part 75. NOT NEEDED.
           ENTRY                   ADDRESS         REF BY
           =====                   =======         ======
           led_status_recover      
               calls direct
               not allocated function
    -------------------------------------------------------------------------
CODE
  Relative segment, address: CODE 000042E8 - 000042F5 (0xe bytes), align: 1
  Segment part 76.            Intra module refs:   scs_pnl_none_confed_master
           ENTRY                   ADDRESS         REF BY
           =====                   =======         ======
           frame_send_disable_automatic_control
                                   000042E8 
               calls direct
               stack 1 = 00000000 ( 00000000 )
               stack 2 = 00000000 ( 00000002 )
    -------------------------------------------------------------------------
CODE
  Relative segment, address: CODE 000042F6 - 00004303 (0xe bytes), align: 1
  Segment part 77.            Intra module refs:   PnL_NONE_end
                                                   scs_pnl_none_confed_master
           ENTRY                   ADDRESS         REF BY
           =====                   =======         ======
           frame_send_enable_automatic_control
                                   000042F6 
               calls direct
               stack 1 = 00000000 ( 00000000 )
               stack 2 = 00000000 ( 00000002 )
    -------------------------------------------------------------------------
CODE
  Relative segment, address: CODE 00004304 - 00004311 (0xe bytes), align: 1
  Segment part 78.            Intra module refs:   scs_pnl_none_confed_master
           ENTRY                   ADDRESS         REF BY
           =====                   =======         ======
           frame_send_start_pnl_none_group_confed
                                   00004304 
               calls direct
               stack 1 = 00000000 ( 00000000 )
               stack 2 = 00000000 ( 00000002 )
    -------------------------------------------------------------------------
CODE
  Relative segment, address: CODE 00004312 - 0000434B (0x3a bytes), align: 1
  Segment part 79.            Intra module refs:   scs_pnl_none_confed_master
           ENTRY                   ADDRESS         REF BY
           =====                   =======         ======
           frame_send_start_pnl_group_confed
                                   00004312 
               calls direct
               stack 1 = 00000000 ( 00000014 )
               stack 2 = 00000000 ( 00000004 )
    -------------------------------------------------------------------------
CODE
  Relative segment, address: CODE 0000434C - 00004359 (0xe bytes), align: 1
  Segment part 80.            Intra module refs:   PnL_NONE_end
                                                   scs_pnl_none_confed_master
           ENTRY                   ADDRESS         REF BY
           =====                   =======         ======
           frame_send_end_pnl      0000434C 
               calls direct
               stack 1 = 00000000 ( 00000000 )
               stack 2 = 00000000 ( 00000002 )
    -------------------------------------------------------------------------
CODE
  Relative segment, address: CODE 0000435A - 00004367 (0xe bytes), align: 1
  Segment part 81.            Intra module refs:   scs_pnl_none_confed_master
           ENTRY                   ADDRESS         REF BY
           =====                   =======         ======
           frame_send_group_request
                                   0000435A 
               calls direct
               stack 1 = 00000000 ( 00000000 )
               stack 2 = 00000000 ( 00000002 )
    -------------------------------------------------------------------------
CODE
  Relative segment, address: CODE 00004368 - 000043E9 (0x82 bytes), align: 1
  Segment part 82.            Intra module refs:   PnL_NONE_end
                                                   scs_pnl_advance_slave
                                                   scs_pnl_none_confed_master
                                                   scs_pnl_none_confed_slave
                                                   service_main
                                                   start_conf
           ENTRY                   ADDRESS         REF BY
           =====                   =======         ======
           led_blinking_normal     00004368        configuration_procedure (decode_scs_next)
                                                   configuration_receive_answer_frame (decode_scs_next)
                                                   decode_IR (IR)
               calls direct
               stack 1 = 00000000 ( 00000003 )
               stack 2 = 00000000 ( 00000004 )
    -------------------------------------------------------------------------
CODE
  Relative segment, address: CODE 000043EA - 00004461 (0x78 bytes), align: 1
  Segment part 83.            Intra module refs:   scs_pnl_none_confed_master
                                                   scs_pnl_none_confed_slave
           ENTRY                   ADDRESS         REF BY
           =====                   =======         ======
           load_default_advance_parameter
                                   000043EA 
               calls direct
               stack 1 = 00000000 ( 00000002 )
               stack 2 = 00000000 ( 00000004 )
    -------------------------------------------------------------------------
CODE
  Relative segment, address: CODE 00004462 - 0000448B (0x2a bytes), align: 1
  Segment part 84.            Intra module refs:   scs_pnl_advance_master
                                                   scs_pnl_none_confed_master
           ENTRY                   ADDRESS         REF BY
           =====                   =======         ======
           led_blinking_stage2_initial
                                   00004462 
               stack 1 = 00000000 ( 00000000 )
               stack 2 = 00000000 ( 00000002 )
    -------------------------------------------------------------------------
CODE
  Relative segment, address: CODE 0000448C - 000044F1 (0x66 bytes), align: 1
  Segment part 85.            Intra module refs:   scs_pnl_advance_master
           ENTRY                   ADDRESS         REF BY
           =====                   =======         ======
           PnL_ad_end              0000448C        timer2_ovf_ser (board)
               calls direct
               stack 1 = 00000000 ( 00000014 )
               stack 2 = 00000000 ( 00000002 )
    -------------------------------------------------------------------------
CODE
  Relative segment, address: CODE 000044F2 - 00004507 (0x16 bytes), align: 1
  Segment part 86.            Intra module refs:   scs_pnl_none_confed_master
           ENTRY                   ADDRESS         REF BY
           =====                   =======         ======
           PnL_NONE_end            000044F2        timer2_ovf_ser (board)
               calls direct
               stack 1 = 00000000 ( 00000000 )
               stack 2 = 00000000 ( 00000002 )
    -------------------------------------------------------------------------
CODE
  Relative segment, address: CODE 00004508 - 00004533 (0x2c bytes), align: 1
  Segment part 87.            Intra module refs:   Actuator_regulation
                                                   Dimmer_regulation
           ENTRY                   ADDRESS         REF BY
           =====                   =======         ======
           regulation_timer_initial
                                   00004508        Check_SCS_received (function_service)
               stack 1 = 00000000 ( 00000000 )
               stack 2 = 00000000 ( 00000002 )
    -------------------------------------------------------------------------
ABSOLUTE
  Segment part 14. TENTATIVE. Used definition from IR
           ENTRY                   ADDRESS         REF BY
           =====                   =======         ======
           __?EECR                 
    -------------------------------------------------------------------------
ABSOLUTE
  Segment part 15. TENTATIVE. Used definition from IR
           ENTRY                   ADDRESS         REF BY
           =====                   =======         ======
           __?EEDR                 
    -------------------------------------------------------------------------
ABSOLUTE
  Segment part 16. TENTATIVE. Used definition from IR
           ENTRY                   ADDRESS         REF BY
           =====                   =======         ======
           __?EEARL                
    -------------------------------------------------------------------------
ABSOLUTE
  Segment part 17. TENTATIVE. Used definition from IR
           ENTRY                   ADDRESS         REF BY
           =====                   =======         ======
           __?EEARH                
    -------------------------------------------------------------------------
CSTACK
  Segment part 18. NOT NEEDED.
    -------------------------------------------------------------------------
RSTACK
  Segment part 19. NOT NEEDED.
    -------------------------------------------------------------------------
NEAR_ID
  Relative segment, address: CODE 0000B32E - 0000B38C (0x5f bytes), align: 0
  Segment part 23.            Intra module refs:   Segment part 22
    -------------------------------------------------------------------------
INITTAB
  Segment part 24. TENTATIVE. Used definition from IR
           ENTRY                   ADDRESS         REF BY
           =====                   =======         ======
           ?<Segment init: NEAR_I>
                                   
    -------------------------------------------------------------------------
NEAR_ID
  Relative segment, address: CODE 0000B38D - 0000B3A3 (0x17 bytes), align: 0
  Segment part 27.            Intra module refs:   Segment part 26
    -------------------------------------------------------------------------
NEAR_ID
  Relative segment, address: CODE 0000B3A4 - 0000B3C5 (0x22 bytes), align: 0
  Segment part 29.            Intra module refs:   Segment part 28
[...]
            | + function block  :  00000035 00000002
            |  Already listed
  04        timer_flex_initial
            | Stack used (prev) :  00000087 0000001A
            | + function block  :  00000000 00000002
            |  Already listed
  04        timer_flex_initial
            | Stack used (prev) :  00000087 0000001A
            | + function block  :  00000000 00000002
            |  Already listed
  04        led_blinking_disable
            | Stack used (prev) :  0000000E 00000006
            | + function block  :  00000000 00000002
            |  Already listed
  04        led_blinking
            | Stack used (prev) :  0000000E 00000006
            | + function block  :  00000004 00000002
            |  Already listed
  04        led_blinking
            | Stack used (prev) :  0000000E 00000006
            | + function block  :  00000004 00000002
            |  Already listed
  03      scs_pnl_none_confed_master
          | Stack used (prev) :  000000BC 00000022
          | + function block  :  00000000 00000002
  03      scs_pnl_none_confed_master
          | Stack used (prev) :  000000BC 00000022
          | + function block  :  00000000 00000002
          |  Already listed
  04        strncpy
            | Stack used (prev) :  0000000E 00000006
            | + function block  :  00000004 00000002
            |  Already listed
  04        send_group_pnl_frame
            | Stack used (prev) :  0000002E 0000000C
            | + function block  :  00000018 00000002
            |  Already listed
  04        send_frame_pp_ext_broad
            | Stack used (prev) :  00000012 0000000A
            | + function block  :  0000001C 00000002
            |  Already listed
  04        send_frame_pp_broad
            | Stack used (prev) :  00000012 0000000A
            | + function block  :  00000011 00000002
            |  Already listed
  04        system_reset
            | Stack used (prev) :  00000087 0000001A
            | + function block  :  00000000 00000002
            |  Already listed
  04        CharToStr
            | Stack used (prev) :  0000000E 00000006
            | + function block  :  00000002 00000002
            |  Already listed
  04        StrToChar
            | Stack used (prev) :  0000000E 00000006
            | + function block  :  00000000 00000002
            |  Already listed
  04        delay_ms
            | Stack used (prev) :  0000000E 00000006
            | + function block  :  00000000 00000002
            |  Already listed
  04        PnL_ad_end
            | Stack used (prev) :  00000046 0000000E
            | + function block  :  00000014 00000002
            |  Already listed
  04        led_blinking_stage2_initial
            | Stack used (prev) :  00000087 0000001A
            | + function block  :  00000000 00000002
            |  Already listed
  04        factory_default
            | Stack used (prev) :  00000087 0000001E
            | + function block  :  00000035 00000002
            |  Already listed
  04        timer_flex_initial
            | Stack used (prev) :  00000087 0000001A
            | + function block  :  00000000 00000002
            |  Already listed
  04        timer_flex_initial
            | Stack used (prev) :  00000087 0000001A
            | + function block  :  00000000 00000002
            |  Already listed
  04        timer_flex_initial
            | Stack used (prev) :  00000087 0000001A
            | + function block  :  00000000 00000002
            |  Already listed
  04        timer_flex_initial
            | Stack used (prev) :  00000087 0000001A
            | + function block  :  00000000 00000002
            |  Already listed
  04        led_blinking_disable
            | Stack used (prev) :  0000000E 00000006
            | + function block  :  00000000 00000002
            |  Already listed
  04        led_blinking_disable
            | Stack used (prev) :  0000000E 00000006
            | + function block  :  00000000 00000002
            |  Already listed
  04        led_blinking_disable
            | Stack used (prev) :  0000000E 00000006
            | + function block  :  00000000 00000002
            |  Already listed
  04        led_blinking_disable
            | Stack used (prev) :  0000000E 00000006
            | + function block  :  00000000 00000002
            |  Already listed
  04        led_blinking
            | Stack used (prev) :  0000000E 00000006
            | + function block  :  00000004 00000002
            |  Already listed
  04        led_blinking
            | Stack used (prev) :  0000000E 00000006
            | + function block  :  00000004 00000002
            |  Already listed
  04        led_blinking
            | Stack used (prev) :  0000000E 00000006
            | + function block  :  00000004 00000002
            |  Already listed
  03      scs_pnl_advance_master
          | Stack used (prev) :  000000BC 00000020
          | + function block  :  00000014 00000002
  04        strncpy
            | Stack used (prev) :  0000000E 00000006
            | + function block  :  00000004 00000002
            |  Already listed
  04        send_frame_pp_broad
            | Stack used (prev) :  00000012 0000000A
            | + function block  :  00000011 00000002
            |  Already listed
  04        CharToStr
            | Stack used (prev) :  0000000E 00000006
            | + function block  :  00000002 00000002
            |  Already listed
  04        timer_flex_initial
            | Stack used (prev) :  00000087 0000001A
            | + function block  :  00000000 00000002
            |  Already listed
  04        led_blinking_disable
            | Stack used (prev) :  0000000E 00000006
            | + function block  :  00000000 00000002
            |  Already listed
  04        led_blinking
            | Stack used (prev) :  0000000E 00000006
            | + function block  :  00000004 00000002
            |  Already listed
  04        is_scenario_full
            | Stack used (prev) :  00000087 0000001A
            | + function block  :  00000003 00000004
  04        is_scenario_full
            | Stack used (prev) :  00000087 0000001A
            | + function block  :  00000003 00000004
            |  Already listed
  03      ir_pnl
          | Stack used (prev) :  0000008A 0000001E
          | + function block  :  00000018 00000002
  02    service_main
        | Stack used (prev) :  000000E9 00000030
        | + function block  :  00000000 00000002
  03      put_s
          | Stack used (prev) :  0000000E 00000008
          | + function block  :  00000002 00000002
          |  Already listed
  03      is_gateway_busy
          | Stack used (prev) :  0000000E 00000006
          | + function block  :  00000004 00000004
          |  Already listed
  03      get_key
          | Stack used (prev) :  00000087 0000001A
          | + function block  :  00000000 00000002
          |  Already listed
  03      StrToChar
          | Stack used (prev) :  0000000E 00000006
          | + function block  :  00000000 00000002
          |  Already listed
  03      delay_ms
          | Stack used (prev) :  0000000E 00000006
          | + function block  :  00000000 00000002
          |  Already listed
  03      led_blinking_normal
          | Stack used (prev) :  00000012 00000006
          | + function block  :  00000003 00000004
          |  Already listed
  03      led_blinking
          | Stack used (prev) :  0000000E 00000006
          | + function block  :  00000004 00000002
          |  Already listed
  02    start_conf
        | Stack used (prev) :  00000087 0000001A
        | + function block  :  0000000D 00000004
  03      reception_buffer_clear
          | Stack used (prev) :  00000087 0000001A
          | + function block  :  00000000 00000002
  03      ir_buffer_clear
          | Stack used (prev) :  00000087 0000001A
          | + function block  :  00000000 00000002
  02    all_reception_buffer_clear
        | Stack used (prev) :  00000087 0000001A
        | + function block  :  00000001 00000004
  03      get_key
          | Stack used (prev) :  00000087 0000001A
          | + function block  :  00000000 00000002
          |  Already listed
  03      key_time_clear
          | Stack used (prev) :  00000087 0000001A
          | + function block  :  00000000 00000002
  02    button_press_detect
        | Stack used (prev) :  00000087 0000001C
        | + function block  :  00000000 00000002
  02    timer2_enable
        | Stack used (prev) :  00000087 0000001A
        | + function block  :  00000000 00000002
  03      strncpy
          | Stack used (prev) :  0000000E 00000006
          | + function block  :  00000004 00000002
          |  Already listed
  04        send_frame_pp_ext_broad
            | Stack used (prev) :  00000012 0000000A
            | + function block  :  0000001C 00000002
            |  Already listed
  04        send_frame_pp_broad
            | Stack used (prev) :  00000012 0000000A
            | + function block  :  00000011 00000002
            |  Already listed
  04        send_frame_pp_broad
            | Stack used (prev) :  00000012 0000000A
            | + function block  :  00000011 00000002
            |  Already listed
  04        send_frame_pp_broad
            | Stack used (prev) :  00000012 0000000A
            | + function block  :  00000011 00000002
            |  Already listed
  04        send_frame_pp_broad
            | Stack used (prev) :  00000012 0000000A
            | + function block  :  00000011 00000002
            |  Already listed
  04        CharToStr
            | Stack used (prev) :  0000000E 00000006
            | + function block  :  00000002 00000002
            |  Already listed
  03      send_group_frame
          | Stack used (prev) :  00000087 0000001A
          | + function block  :  0000001E 00000004
  03      send_group_pnl_frame
          | Stack used (prev) :  0000002E 0000000C
          | + function block  :  00000018 00000002
          |  Already listed
  04        dimmer_convert
            | Stack used (prev) :  00000087 0000001A
            | + function block  :  00000000 00000002
  04        dimmer_convert
            | Stack used (prev) :  00000087 0000001A
            | + function block  :  00000000 00000002
            |  Already listed
  04        send_frame_pp_broad
            | Stack used (prev) :  00000012 0000000A
            | + function block  :  00000011 00000002
            |  Already listed
  04        send_frame_pp_broad
            | Stack used (prev) :  00000012 0000000A
            | + function block  :  00000011 00000002
            |  Already listed
  04        send_frame_pp_broad
            | Stack used (prev) :  00000012 0000000A
            | + function block  :  00000011 00000002
            |  Already listed
  04        send_frame_pp_broad
            | Stack used (prev) :  00000012 0000000A
            | + function block  :  00000011 00000002
            |  Already listed
  04        send_frame_pp_broad
            | Stack used (prev) :  00000012 0000000A
            | + function block  :  00000011 00000002
            |  Already listed
  04        CharToStr
            | Stack used (prev) :  0000000E 00000006
            | + function block  :  00000002 00000002
            |  Already listed
  03      send_aux_frame
          | Stack used (prev) :  00000087 0000001A
          | + function block  :  00000011 00000004
  03      send_frame_pp_ext_broad
          | Stack used (prev) :  00000012 0000000A
          | + function block  :  0000001C 00000002
          |  Already listed
  03      send_frame_pp_broad
          | Stack used (prev) :  00000012 0000000A
          | + function block  :  00000011 00000002
          |  Already listed
  03      read_KO
          | Stack used (prev) :  00000087 0000001A
          | + function block  :  00000000 00000002
          |  Already listed
  03      write_ee_KO
          | Stack used (prev) :  00000087 0000001A
          | + function block  :  00000001 00000004
          |  Already listed
  03      write_KO
          | Stack used (prev) :  00000087 0000001A
          | + function block  :  00000001 00000004
          |  Already listed
  03      system_reset
          | Stack used (prev) :  00000087 0000001A
          | + function block  :  00000000 00000002
          |  Already listed
  03      buzzer_ms
          | Stack used (prev) :  00000087 0000001A
          | + function block  :  00000000 00000002
          |  Already listed
  03      CharToStr
          | Stack used (prev) :  0000000E 00000006
          | + function block  :  00000002 00000002
          |  Already listed
  03      StrToChar
          | Stack used (prev) :  0000000E 00000006
          | + function block  :  00000000 00000002
          |  Already listed
  03      led_blinking_normal
          | Stack used (prev) :  00000012 00000006
          | + function block  :  00000003 00000004
          |  Already listed
  03      factory_default
          | Stack used (prev) :  00000087 0000001E
          | + function block  :  00000035 00000002
          |  Already listed
  03      timer_flex_initial
          | Stack used (prev) :  00000087 0000001A
          | + function block  :  00000000 00000002
          |  Already listed
  03      led_blinking
          | Stack used (prev) :  0000000E 00000006
          | + function block  :  00000004 00000002
          |  Already listed
  03      is_scenario_full
          | Stack used (prev) :  00000087 0000001A
          | + function block  :  00000003 00000004
          |  Already listed
  03      timer_IR_initial
          | Stack used (prev) :  00000087 0000001A
          | + function block  :  00000000 00000002
  03      _calculate_crc
          | Stack used (prev) :  00000087 0000001A
          | + function block  :  00000000 00000002
  04        delay_ms
            | Stack used (prev) :  0000000E 00000006
            | + function block  :  00000000 00000002
            |  Already listed
  04        _calculate_crc
            | Stack used (prev) :  00000087 0000001A
            | + function block  :  00000000 00000002
            |  Already listed
  04        put_c1
            | Stack used (prev) :  00000087 0000001A
            | + function block  :  00000000 00000002
  04        put_c1
            | Stack used (prev) :  00000087 0000001A
            | + function block  :  00000000 00000002
            |  Already listed
  03      put_s1
          | Stack used (prev) :  00000087 0000001C
          | + function block  :  00000005 00000002
  02    decode_IR
        | Stack used (prev) :  000000BC 00000020
        | + function block  :  00000041 00000002
  03      PWM_output_init
          | Stack used (prev) :  00000087 0000001A
          | + function block  :  00000000 00000002
  02    IR_36kHz
        | Stack used (prev) :  00000087 0000001C
        | + function block  :  00000000 00000002
  02    init_USART1
        | Stack used (prev) :  00000087 0000001A
        | + function block  :  00000000 00000002
  01  main
      | Stack used (prev) :  00000138 00000032
      | + function block  :  00000000 00000002
  <-Sub-tree of type: Function tree
    | Stack used          :  00000138 00000034


  ->Sub-tree of type: Function tree
                             CSTACK   RSTACK
    | Stack used (prev) :  00000138 00000034
  01  __low_level_init
      | Stack used (prev) :  00000138 00000034
      | + function block  :  00000000 00000002
  <-Sub-tree of type: Function tree
    | Stack used          :  00000138 00000036


  ->Sub-tree of type: Function tree
                             CSTACK   RSTACK
    | Stack used (prev) :  00000138 00000036
  02    __flashcpy
        | Stack used (prev) :  00000138 00000036
        | + function block  :  00000000 00000002
  02    __memclr
        | Stack used (prev) :  00000138 00000036
        | + function block  :  00000000 00000002
  01  __segment_init
      | Stack used (prev) :  00000138 00000038
      | + function block  :  00000000 00000002
  <-Sub-tree of type: Function tree
    | Stack used          :  00000138 0000003A




                ****************************************
                *                                      *
                *      SEGMENTS IN ADDRESS ORDER       *
                *                                      *
                ****************************************


SEGMENT              SPACE    START ADDRESS   END ADDRESS     SIZE  TYPE  ALIGN
=======              =====    =============   ===========     ====  ====  =====
INTVEC               CODE          00000000 - 0000007B          7C   com    1
NEAR_F               CODE          0000007C - 000002B8         23D   rel    0
SWITCH               CODE          000002BA - 000004C3         20A   rel    1
INITTAB              CODE          000004C4 - 000004CF           C   rel    0
CODE                 CODE          000004D0 - 0000B23D        AD6E   rel    1
TINY_ID              CODE               0000B23E                     dse    0
NEAR_ID              CODE          0000B23E - 0000B4EE         2B1   rel    0
ABSOLUTE             DATA               0000001F                     rel    0
                     DATA               00000020                   
                     DATA               00000021                   
                     DATA          00000027 - 00000028           2 
                     DATA          0000002A - 0000002B           2 
                     DATA          00000035 - 00000035           1 
                     DATA          00000044 - 00000045           2 
                     DATA          00000047 - 00000047           1 
                     DATA          00000054 - 00000054           1 
                     DATA          00000060 - 00000060           1 
                     DATA          0000006E - 0000006E           1 
                     DATA          00000070 - 00000070           1 
                     DATA          00000078 - 0000007A           3 
                     DATA          0000007C - 0000007C           1 
                     DATA          0000007E - 0000007E           1 
                     DATA          00000080 - 00000081           2 
                     DATA          00000086 - 0000008B           6 
                     DATA          000000B0 - 000000B4           5 
                     DATA          000000B6 - 000000B6           1 
                     DATA          000000C0 - 000000C2           3 
                     DATA          000000C4 - 000000C6           3 
                     DATA          000000C8 - 000000CA           3 
                     DATA          000000CC - 000000CE           3 
NEAR_I               DATA          00000100 - 000003B0         2B1   rel    0
NEAR_Z               DATA          000003B1 - 00000737         387   rel    0
RSTACK               DATA          00000738 - 00000777          40   dse    0
CSTACK               DATA          00000778 - 00000877         100   dse    0
EEPROM_I             XDATA         00000000 - 000000E3          E4   rel    0

                ****************************************
                *                                      *
                *        END OF CROSS REFERENCE        *
                *                                      *
                ****************************************

 46 318 bytes of CODE  memory
  1 912 bytes of DATA  memory (+ 48 absolute )
    228 bytes of XDATA memory

Errors: none
Warnings: none

