################################################################################
#                                                                              #
#      IAR Universal Linker V4.61B/386                                         #
#                                                                              #
#           Link time     =  29/Jun/2009  16:45:58                             #
#           Target CPU    =  A90                                               #
#           List file     =  D:\avr\Uart_Interrupt\LM_Universal\LM_IAR_V5.0\Al #
#                            an\Release\List\LM076_SMT.map                     #
#           Output file 1 =  D:\avr\Uart_Interrupt\LM_Universal\LM_IAR_V5.0\Al #
#                            an\Release\Exe\LM076_SMT.hex                      #
#                            Format: intel-extended, variant: -y(CODE)         #
#           Output file 2 =  D:\avr\Uart_Interrupt\LM_Universal\LM_IAR_V5.0\Al #
#                            an\Release\Exe\LM076_SMT.eep                      #
#                            Format: intel-extended, variant: -y(XDATA)        #
#           Command line  =  -y(CODE)                                          #
#                            -Ointel-extended,(XDATA)=D:\avr\Uart_Interrupt\LM #
#                            _Universal\LM_IAR_V5.0\Alan\Release\Exe\LM076_SMT #
#                            .eep                                              #
#                            D:\avr\Uart_Interrupt\LM_Universal\LM_IAR_V5.0\Al #
#                            an\Release\Obj\IR.r90                             #
#                            D:\avr\Uart_Interrupt\LM_Universal\LM_IAR_V5.0\Al #
#                            an\Release\Obj\PIR.r90                            #
#                            D:\avr\Uart_Interrupt\LM_Universal\LM_IAR_V5.0\Al #
#                            an\Release\Obj\US.r90                             #
#                            D:\avr\Uart_Interrupt\LM_Universal\LM_IAR_V5.0\Al #
#                            an\Release\Obj\application.r90                    #
#                            D:\avr\Uart_Interrupt\LM_Universal\LM_IAR_V5.0\Al #
#                            an\Release\Obj\board.r90                          #
#                            D:\avr\Uart_Interrupt\LM_Universal\LM_IAR_V5.0\Al #
#                            an\Release\Obj\configuration.r90                  #
#                            D:\avr\Uart_Interrupt\LM_Universal\LM_IAR_V5.0\Al #
#                            an\Release\Obj\decode_scs.r90                     #
#                            D:\avr\Uart_Interrupt\LM_Universal\LM_IAR_V5.0\Al #
#                            an\Release\Obj\decode_scs_next.r90                #
#                            D:\avr\Uart_Interrupt\LM_Universal\LM_IAR_V5.0\Al #
#                            an\Release\Obj\function_modality.r90              #
#                            D:\avr\Uart_Interrupt\LM_Universal\LM_IAR_V5.0\Al #
#                            an\Release\Obj\function_service.r90               #
#                            D:\avr\Uart_Interrupt\LM_Universal\LM_IAR_V5.0\Al #
#                            an\Release\Obj\global_variable.r90                #
#                            D:\avr\Uart_Interrupt\LM_Universal\LM_IAR_V5.0\Al #
#                            an\Release\Obj\main.r90                           #
#                            D:\avr\Uart_Interrupt\LM_Universal\LM_IAR_V5.0\Al #
#                            an\Release\Obj\usart.r90                          #
#                            -o                                                #
#                            D:\avr\Uart_Interrupt\LM_Universal\LM_IAR_V5.0\Al #
#                            an\Release\Exe\LM076_SMT.hex                      #
#                            -Fintel-extended -l                               #
#                            D:\avr\Uart_Interrupt\LM_Universal\LM_IAR_V5.0\Al #
#                            an\Release\List\LM076_SMT.map                     #
#                            -xms                                              #
#                            "-IC:\Program Files\IAR Systems\Embedded Workbenc #
#                            h 5.0 Evaluation\avr\LIB\"                        #
#                            -f                                                #
#                            "C:\Program Files\IAR Systems\Embedded Workbench  #
#                            5.0 Evaluation\avr\config\lnkm644ps.xcl"          #
#                            (-D_..X_INTVEC_SIZE=7C -D_..X_FLASH_TEND=FF       #
#                            -D_..X_FLASH_NEND=FFFF -D_..X_FLASH_END=FFFF      #
#                            -D_..X_SRAM_BASE=100 -D_..X_SRAM_TEND=100         #
#                            -D_..X_SRAM_END=10FF -D_..X_EEPROM_END=7FF        #
#                            -D_..X_CSTACK_SIZE=100 -D_..X_RSTACK_SIZE=40      #
#                            -D_..X_HEAP_SIZE=80 -D_..X_NEAR_HEAP_SIZE=80      #
#                            -ca90 -Z(CODE)INTVEC=0-(_..X_INTVEC_SIZE-1)       #
#                            -H1895 -h(CODE)0-_..X_INTVEC_SIZE                 #
#                            -Z(CODE)TINY_F=_..X_INTVEC_SIZE-_..X_FLASH_TEND   #
#                            -Z(CODE)NEAR_F,SWITCH,INITTAB,DIFUNCT=_..X_INTVEC #
#                            _SIZE-_..X_FLASH_END                              #
#                            -Z(CODE)CODE=_..X_INTVEC_SIZE-_..X_FLASH_END      #
#                            -Z(CODE)TINY_ID,NEAR_ID=_..X_INTVEC_SIZE-_..X_FLA #
#                            SH_END                                            #
#                            -Z(CODE)CHECKSUM#_..X_FLASH_END                   #
#                            -Z(DATA)TINY_I,TINY_Z,TINY_N=_..X_SRAM_BASE-_..X_ #
#                            SRAM_TEND                                         #
#                            -Z(DATA)NEAR_I,NEAR_Z,NEAR_N=_..X_SRAM_BASE-_..X_ #
#                            SRAM_END                                          #
#                            -Z(DATA)RSTACK+_..X_RSTACK_SIZE=_..X_SRAM_BASE-_. #
#                            .X_SRAM_END                                       #
#                            -Z(DATA)CSTACK+_..X_CSTACK_SIZE=_..X_SRAM_BASE-_. #
#                            .X_SRAM_END                                       #
#                            -Z(DATA)HEAP+_..X_HEAP_SIZE=_..X_SRAM_BASE-_..X_S #
#                            RAM_END                                           #
#                            -Z(DATA)IOSTREAM_N#_..X_SRAM_BASE-_..X_SRAM_END   #
#                            -Z(DATA)NEAR_HEAP+_..X_NEAR_HEAP_SIZE=_..X_SRAM_B #
#                            ASE-_..X_SRAM_END                                 #
#                            -Z(XDATA)EEPROM_I,EEPROM_N=0-_..X_EEPROM_END      #
#                            -e_PrintfSmall=_Printf                            #
#                            -e_small_write=_formatted_write                   #
#                            -e_small_write_P=_formatted_write_P               #
#                            -e_ScanfSmall=_Scanf                              #
#                            -e_medium_read=_formatted_read                    #
#                            -e_medium_read_P=_formatted_read_P -w29) -s       #
#                            __program_start                                   #
#                            "C:\Program Files\IAR Systems\Embedded Workbench  #
#                            5.0 Evaluation\avr\LIB\CLIB\cl3s-ec_mul-sf.r90"   #
#                                                                              #
#                        Copyright 1987-2008 IAR Systems. All rights reserved. #
################################################################################





                ****************************************
                *                                      *
                *           CROSS REFERENCE            *
                *                                      *
                ****************************************

       Program entry at : CODE      00000000  Relocatable, from module : ?RESET




                ****************************************
                *                                      *
                *            RUNTIME MODEL             *
                *                                      *
                ****************************************

  EEPROM_SIZE     = 2
  R10             = REG
  R11             = REG
  R4              = REG
  R5              = REG
  R6              = REG
  R7              = REG
  R8              = REG
  R9              = REG
  __64bit_doubles = disabled
  __cpu           = 3
  __cpu_name      = ATmega644P
  __enhanced_core = enabled
  __has_elpm      = false
  __memory_model  = 2
  __rt_version    = 3



                ****************************************
                *                                      *
                *              MODULE MAP              *
                *                                      *
                ****************************************


  DEFINED ABSOLUTE ENTRIES
  PROGRAM MODULE, NAME : ?ABS_ENTRY_MOD

Absolute parts
           ENTRY                   ADDRESS         REF BY
           =====                   =======         ======
           _..X_NEAR_HEAP_SIZE     00000080 
           _..X_HEAP_SIZE          00000080 
           _..X_RSTACK_SIZE        00000040 
           _..X_CSTACK_SIZE        00000100 
           _..X_EEPROM_END         000007FF 
           _..X_SRAM_END           000010FF 
           _..X_SRAM_TEND          00000100 
           _..X_SRAM_BASE          00000100 
           _..X_FLASH_END          0000FFFF 
           _..X_FLASH_NEND         0000FFFF 
           _..X_FLASH_TEND         000000FF 
           _..X_INTVEC_SIZE        0000007C 
    *************************************************************************

  FILE NAME : D:\avr\Uart_Interrupt\LM_Universal\LM_IAR_V5.0\Alan\Release\Obj\IR.r90
  PROGRAM MODULE, NAME : IR

  SEGMENTS IN THE MODULE
  ======================
ABSOLUTE
  Relative segment, address: DATA 000000CE - 000000CE (0x1 bytes), align: 0
  Segment part 1.             Intra module refs:   put_c1
                                                   usart1_rx_ser
                                                   usart_tx_ser
           ENTRY                   ADDRESS         REF BY
           =====                   =======         ======
           _A_UDR1                 000000CE 
    -------------------------------------------------------------------------
ABSOLUTE
  Relative segment, address: DATA 000000CC - 000000CD (0x2 bytes), align: 0
  Segment part 2.             Intra module refs:   init_USART1
           ENTRY                   ADDRESS         REF BY
           =====                   =======         ======
           _A_UBRR1                000000CC 
    -------------------------------------------------------------------------
ABSOLUTE
  Relative segment, address: DATA 000000CA - 000000CA (0x1 bytes), align: 0
  Segment part 3.             Intra module refs:   init_USART1
           ENTRY                   ADDRESS         REF BY
           =====                   =======         ======
           _A_UCSR1C               000000CA 
    -------------------------------------------------------------------------
ABSOLUTE
  Relative segment, address: DATA 000000C9 - 000000C9 (0x1 bytes), align: 0
  Segment part 4.             Intra module refs:   init_USART1
           ENTRY                   ADDRESS         REF BY
           =====                   =======         ======
           _A_UCSR1B               000000C9 
    -------------------------------------------------------------------------
ABSOLUTE
  Relative segment, address: DATA 000000C8 - 000000C8 (0x1 bytes), align: 0
  Segment part 5.             Intra module refs:   init_USART1
                                                   put_c1
           ENTRY                   ADDRESS         REF BY
           =====                   =======         ======
           _A_UCSR1A               000000C8 
    -------------------------------------------------------------------------
ABSOLUTE
  Relative segment, address: DATA 0000008A - 0000008B (0x2 bytes), align: 0
  Segment part 6.             Intra module refs:   IR_36kHz
           ENTRY                   ADDRESS         REF BY
           =====                   =======         ======
           _A_OCR1B                0000008A 
    -------------------------------------------------------------------------
ABSOLUTE
  Relative segment, address: DATA 00000088 - 00000089 (0x2 bytes), align: 0
  Segment part 7.             Intra module refs:   IR_36kHz
           ENTRY                   ADDRESS         REF BY
           =====                   =======         ======
           _A_OCR1A                00000088 
    -------------------------------------------------------------------------
ABSOLUTE
  Relative segment, address: DATA 00000086 - 00000087 (0x2 bytes), align: 0
  Segment part 8.             Intra module refs:   IR_36kHz
           ENTRY                   ADDRESS         REF BY
           =====                   =======         ======
           _A_ICR1                 00000086 
    -------------------------------------------------------------------------
ABSOLUTE
  Relative segment, address: DATA 00000081 - 00000081 (0x1 bytes), align: 0
  Segment part 9.             Intra module refs:   PWM_output_init
           ENTRY                   ADDRESS         REF BY
           =====                   =======         ======
           _A_TCCR1B               00000081 
    -------------------------------------------------------------------------
ABSOLUTE
  Relative segment, address: DATA 00000080 - 00000080 (0x1 bytes), align: 0
  Segment part 10.            Intra module refs:   PWM_output_init
           ENTRY                   ADDRESS         REF BY
           =====                   =======         ======
           _A_TCCR1A               00000080 
    -------------------------------------------------------------------------
CODE
  Relative segment, address: CODE 000004CA - 00000595 (0xcc bytes), align: 1
  Segment part 24.            Intra module refs:   usart1_rx_ser::??INTVEC 112
           ENTRY                   ADDRESS         REF BY
           =====                   =======         ======
           usart1_rx_ser           000004CA 
               interrupt function
               stack 1 = 00000000 ( 00000007 )
               stack 2 = 00000000 ( 00000002 )
    -------------------------------------------------------------------------
CODE
  Relative segment, address: CODE 00000596 - 000005E5 (0x50 bytes), align: 1
  Segment part 25.            Intra module refs:   usart_tx_ser::??INTVEC 120
           ENTRY                   ADDRESS         REF BY
           =====                   =======         ======
           usart_tx_ser            00000596 
               interrupt function
               stack 1 = 00000000 ( 00000005 )
               stack 2 = 00000000 ( 00000002 )
    -------------------------------------------------------------------------
CODE
  Relative segment, address: CODE 000005E6 - 00000635 (0x50 bytes), align: 1
  Segment part 26.            Intra module refs:   put_s1
           ENTRY                   ADDRESS         REF BY
           =====                   =======         ======
           put_c1                  000005E6 
               stack 1 = 00000000 ( 00000000 )
               stack 2 = 00000000 ( 00000002 )
    -------------------------------------------------------------------------
CODE
  Relative segment, address: CODE 00000636 - 00000695 (0x60 bytes), align: 1
  Segment part 27.            Intra module refs:   decode_IR
           ENTRY                   ADDRESS         REF BY
           =====                   =======         ======
           put_s1                  00000636 
               calls direct
               stack 1 = 00000000 ( 00000005 )
               stack 2 = 00000000 ( 00000002 )
    -------------------------------------------------------------------------
CODE
  Relative segment, address: CODE 00000696 - 000006B5 (0x20 bytes), align: 1
  Segment part 28.
           ENTRY                   ADDRESS         REF BY
           =====                   =======         ======
           init_USART1             00000696        main (main)
               stack 1 = 00000000 ( 00000000 )
               stack 2 = 00000000 ( 00000002 )
    -------------------------------------------------------------------------
CODE
  Relative segment, address: CODE 000006B6 - 000006D5 (0x20 bytes), align: 1
  Segment part 29.            Intra module refs:   decode_IR
                                                   put_s1
           ENTRY                   ADDRESS         REF BY
           =====                   =======         ======
           _calculate_crc          000006B6 
               stack 1 = 00000000 ( 00000000 )
               stack 2 = 00000000 ( 00000002 )
    -------------------------------------------------------------------------
CODE
  Relative segment, address: CODE 000006D6 - 000006E3 (0xe bytes), align: 1
  Segment part 30.            Intra module refs:   IR_36kHz
           ENTRY                   ADDRESS         REF BY
           =====                   =======         ======
           PWM_output_init         000006D6 
               stack 1 = 00000000 ( 00000000 )
               stack 2 = 00000000 ( 00000002 )
    -------------------------------------------------------------------------
CODE
  Relative segment, address: CODE 000006E4 - 00000705 (0x22 bytes), align: 1
  Segment part 31.
           ENTRY                   ADDRESS         REF BY
           =====                   =======         ======
           IR_36kHz                000006E4        main (main)
               calls direct
               stack 1 = 00000000 ( 00000000 )
               stack 2 = 00000000 ( 00000002 )
    -------------------------------------------------------------------------
CODE
  Relative segment, address: CODE 00000706 - 0000072F (0x2a bytes), align: 1
  Segment part 33.            Intra module refs:   decode_IR
           ENTRY                   ADDRESS         REF BY
           =====                   =======         ======
           timer_IR_initial        00000706 
               stack 1 = 00000000 ( 00000000 )
               stack 2 = 00000000 ( 00000002 )
    -------------------------------------------------------------------------
CODE
  Relative segment, address: CODE 00000730 - 000012C3 (0xb94 bytes), align: 1
  Segment part 34.            Intra module refs:   Segment part 40
           ENTRY                   ADDRESS         REF BY
           =====                   =======         ======
           decode_IR               00000730        main (main)
               calls direct
               stack 1 = 00000000 ( 00000041 )
               stack 2 = 00000000 ( 00000004 )
    -------------------------------------------------------------------------
CODE
  Relative segment, address: CODE 000012C4 - 000012ED (0x2a bytes), align: 1
  Segment part 35.
           ENTRY                   ADDRESS         REF BY
           =====                   =======         ======
           ir_buffer_clear         000012C4        all_reception_buffer_clear (application)
               stack 1 = 00000000 ( 00000000 )
               stack 2 = 00000000 ( 00000002 )
    -------------------------------------------------------------------------
CODE
  Relative segment, address: CODE 000012EE - 000018DD (0x5f0 bytes), align: 1
  Segment part 36.
           ENTRY                   ADDRESS         REF BY
           =====                   =======         ======
           ir_pnl                  000012EE        service_main (application)
               calls direct
               stack 1 = 00000000 ( 00000018 )
               stack 2 = 00000000 ( 00000004 )
    -------------------------------------------------------------------------
NEAR_Z
  Relative segment, address: DATA 000003BD - 000003BE (0x2 bytes), align: 0
  Segment part 22.            Intra module refs:   ir_pnl
           ENTRY                   ADDRESS         REF BY
           =====                   =======         ======
           temp_ns                 000003BD 
    -------------------------------------------------------------------------
CODE
  Relative segment, address: CODE 000018DE - 00001915 (0x38 bytes), align: 1
  Segment part 39.            Intra module refs:   decode_IR
                                                   ir_pnl
           ENTRY                   ADDRESS         REF BY
           =====                   =======         ======
           is_scenario_full        000018DE 
               stack 1 = 00000000 ( 00000003 )
               stack 2 = 00000000 ( 00000004 )
    -------------------------------------------------------------------------
ABSOLUTE
  Relative segment, address: DATA 0000001F, align: 0
  Segment part 11.
           ENTRY                   ADDRESS         REF BY
           =====                   =======         ======
           __?EECR                 0000001F        Segment part 0 (?EEPROM_16)
                                                   Segment part 1 (?EEPROM_16)
                                                   Segment part 8 (?EEPROM_16)
    -------------------------------------------------------------------------
ABSOLUTE
  Relative segment, address: DATA 00000020, align: 0
  Segment part 12.
           ENTRY                   ADDRESS         REF BY
           =====                   =======         ======
           __?EEDR                 00000020        __eeget16_16 (?EEPROM_16)
                                                   __eeget8_16 (?EEPROM_16)
                                                   __eeput16_16 (?EEPROM_16)
                                                   __eeput8_16 (?EEPROM_16)
    -------------------------------------------------------------------------
ABSOLUTE
  Relative segment, address: DATA 00000021, align: 0
  Segment part 13.
           ENTRY                   ADDRESS         REF BY
           =====                   =======         ======
           __?EEARL                00000021        Segment part 1 (?EEPROM_16)
                                                   Segment part 8 (?EEPROM_16)
    -------------------------------------------------------------------------
ABSOLUTE
  Relative segment, address: DATA 00000022, align: 0
  Segment part 14.
           ENTRY                   ADDRESS         REF BY
           =====                   =======         ======
           __?EEARH                00000022        Segment part 1 (?EEPROM_16)
                                                   Segment part 8 (?EEPROM_16)
    -------------------------------------------------------------------------
INTVEC
  Common segment, address: CODE 00000000 - 00000073 (0x74 bytes), align: 1
  Segment part 15. ROOT.
           ENTRY                   ADDRESS         REF BY
           =====                   =======         ======
           usart1_rx_ser::??INTVEC 112
                                   00000070 
    -------------------------------------------------------------------------
INTVEC
  Common segment, address: CODE 00000000 - 0000007B (0x7c bytes), align: 1
  Segment part 16. ROOT.
           ENTRY                   ADDRESS         REF BY
           =====                   =======         ======
           usart_tx_ser::??INTVEC 120
                                   00000078 
    -------------------------------------------------------------------------
NEAR_ID
  Relative segment, address: CODE 0000B4AA - 0000B599 (0xf0 bytes), align: 0
  Segment part 20.            Intra module refs:   Segment part 19
    -------------------------------------------------------------------------
INITTAB
  Relative segment, address: CODE 000004BE - 000004C3 (0x6 bytes), align: 0
  Segment part 21.            Intra module refs:   Segment part 10 (decode_scs)
                                                   Segment part 11 (decode_scs_next)
                                                   Segment part 14 (decode_scs_next)
                                                   Segment part 16 (decode_scs_next)
                                                   Segment part 18 (decode_scs_next)
                                                   Segment part 19
                                                   Segment part 22 (application)
                                                   Segment part 26 (application)
                                                   Segment part 28 (application)
                                                   Segment part 30 (decode_scs_next)
                                                   Segment part 33 (decode_scs_next)
                                                   Segment part 7 (configuration)
                                                   Segment part 7 (decode_scs)
                                                   Segment part 7 (decode_scs_next)
                                                   flash_KO (global_variable)
           ENTRY                   ADDRESS         REF BY
           =====                   =======         ======
           ?<Segment init: NEAR_I>
                                   000004BE 
    -------------------------------------------------------------------------
INITTAB
  Relative segment, address: CODE 000004C4 - 000004C9 (0x6 bytes), align: 0
  Segment part 23.            Intra module refs:   Configurators (global_variable)
                                                   DLL (global_variable)
                                                   Delay_Time_set (global_variable)
                                                   First_detection_enable (global_variable)
                                                   KO (global_variable)
                                                   KO_conf (global_variable)
                                                   M2_timer (global_variable)
                                                   M2_timer_count (global_variable)
                                                   M2_type (global_variable)
                                                   PIR_detection_en (global_variable)
                                                   SCS_received (global_variable)
                                                   Segment part 13 (global_variable)
                                                   Segment part 20 (usart)
                                                   Segment part 31 (application)
                                                   Segment part 33 (application)
                                                   Segment part 7 (PIR)
                                                   Time_delay (global_variable)
                                                   US_detection_en (global_variable)
                                                   Usonic (US)
                                                   Walk_Through_flag (global_variable)
                                                   errno (?errno)
                                                   g_asc_reception_buffer (global_variable)
                                                   g_asc_short_buffer (global_variable)
                                                   g_configurator (global_variable)
                                                   g_ir_reception (global_variable)
                                                   g_reception_buffer (global_variable)
                                                   g_short_buffer (global_variable)
                                                   g_temp (global_variable)
                                                   modality0_delay_ms (global_variable)
                                                   motion_resutl (global_variable)
                                                   motion_total (global_variable)
                                                   pir (global_variable)
                                                   product_information (global_variable)
                                                   scs_frame (global_variable)
                                                   set_point (global_variable)
                                                   temp_ns
                                                   temp_product_information (global_variable)
                                                   temp_variable (global_variable)
                                                   tx1_buffer (global_variable)
                                                   tx1_counter (global_variable)
                                                   tx1_rd_index (global_variable)
                                                   tx1_wr_index (global_variable)
           ENTRY                   ADDRESS         REF BY
           =====                   =======         ======
           ?<Segment init: NEAR_Z>
                                   000004C4 
    -------------------------------------------------------------------------
SWITCH
  Relative segment, address: CODE 000002BA - 000002EB (0x32 bytes), align: 1
  Segment part 40.            Intra module refs:   decode_IR
    -------------------------------------------------------------------------
NEAR_I
  Relative segment, address: DATA 00000100 - 000001EF (0xf0 bytes), align: 0
  Segment part 19.            Intra module refs:   decode_IR
                                                   ir_pnl

    *************************************************************************

  FILE NAME : D:\avr\Uart_Interrupt\LM_Universal\LM_IAR_V5.0\Alan\Release\Obj\PIR.r90
  PROGRAM MODULE, NAME : PIR

  SEGMENTS IN THE MODULE
  ======================
CODE
  Relative segment, address: CODE 00001916 - 0000193B (0x26 bytes), align: 1
  Segment part 9.             Intra module refs:   PIR_detect
           ENTRY                   ADDRESS         REF BY
           =====                   =======         ======
           PIR_SENSE_SET           00001916 
               stack 1 = 00000000 ( 00000000 )
               stack 2 = 00000000 ( 00000002 )
    -------------------------------------------------------------------------
CODE
  Relative segment, address: CODE 0000193C - 00001B05 (0x1ca bytes), align: 1
  Segment part 10.
           ENTRY                   ADDRESS         REF BY
           =====                   =======         ======
           PIR_detect              0000193C        motion_detect (application)
               calls direct
               stack 1 = 00000000 ( 00000002 )
               stack 2 = 00000000 ( 00000002 )
    -------------------------------------------------------------------------
NEAR_Z
  Relative segment, address: DATA 000003BF - 000003CE (0x10 bytes), align: 0
  Segment part 7.             Intra module refs:   PIR_detect

    *************************************************************************

  FILE NAME : D:\avr\Uart_Interrupt\LM_Universal\LM_IAR_V5.0\Alan\Release\Obj\US.r90
  PROGRAM MODULE, NAME : US

  SEGMENTS IN THE MODULE
  ======================
NEAR_Z
  Relative segment, address: DATA 000003CF - 00000401 (0x33 bytes), align: 0
  Segment part 10.            Intra module refs:   US_SENSE_SET
                                                   Ultrasonic_detection
                                                   ultWarmUpEvents
           ENTRY                   ADDRESS         REF BY
           =====                   =======         ======
           Usonic                  000003CF 
    -------------------------------------------------------------------------
CODE
  Relative segment, address: CODE 00001B06 - 00001B2B (0x26 bytes), align: 1
  Segment part 11.            Intra module refs:   us_detection
           ENTRY                   ADDRESS         REF BY
           =====                   =======         ======
           US_SENSE_SET            00001B06 
               stack 1 = 00000000 ( 00000000 )
               stack 2 = 00000000 ( 00000002 )
    -------------------------------------------------------------------------
CODE
  Relative segment, address: CODE 00001B2C - 00001BA3 (0x78 bytes), align: 1
  Segment part 12.
           ENTRY                   ADDRESS         REF BY
           =====                   =======         ======
           ultWarmUpEvents         00001B2C        function_service_init (function_service)
               stack 1 = 00000000 ( 00000000 )
               stack 2 = 00000000 ( 00000002 )
    -------------------------------------------------------------------------
CODE
  Relative segment, address: CODE 00001BA4 - 00001CE7 (0x144 bytes), align: 1
  Segment part 13.            Intra module refs:   us_detection
           ENTRY                   ADDRESS         REF BY
           =====                   =======         ======
           Ultrasonic_detection    00001BA4 
               calls direct
               stack 1 = 00000000 ( 00000002 )
               stack 2 = 00000000 ( 00000002 )
    -------------------------------------------------------------------------
CODE
  Relative segment, address: CODE 00001CE8 - 00001CED (0x6 bytes), align: 1
  Segment part 14.
           ENTRY                   ADDRESS         REF BY
           =====                   =======         ======
           us_detection            00001CE8        get_us (application)
               calls direct
               stack 1 = 00000000 ( 00000000 )
               stack 2 = 00000000 ( 00000002 )

    *************************************************************************

  FILE NAME : D:\avr\Uart_Interrupt\LM_Universal\LM_IAR_V5.0\Alan\Release\Obj\application.r90
  PROGRAM MODULE, NAME : application

  SEGMENTS IN THE MODULE
  ======================
ABSOLUTE
  Relative segment, address: DATA 000000B6 - 000000B6 (0x1 bytes), align: 0
  Segment part 1.             Intra module refs:   timer2_enable
           ENTRY                   ADDRESS         REF BY
           =====                   =======         ======
           _A_ASSR                 000000B6 
    -------------------------------------------------------------------------
ABSOLUTE
  Relative segment, address: DATA 000000B4 - 000000B4 (0x1 bytes), align: 0
  Segment part 2.             Intra module refs:   timer2_enable
           ENTRY                   ADDRESS         REF BY
           =====                   =======         ======
           _A_OCR2B                000000B4 
    -------------------------------------------------------------------------
ABSOLUTE
  Relative segment, address: DATA 000000B3 - 000000B3 (0x1 bytes), align: 0
  Segment part 3.             Intra module refs:   timer2_enable
           ENTRY                   ADDRESS         REF BY
           =====                   =======         ======
           _A_OCR2A                000000B3 
    -------------------------------------------------------------------------
ABSOLUTE
  Relative segment, address: DATA 000000B2 - 000000B2 (0x1 bytes), align: 0
  Segment part 4.             Intra module refs:   timer2_enable
                                                   timer2_ovf_ser (board)
           ENTRY                   ADDRESS         REF BY
           =====                   =======         ======
           _A_TCNT2                000000B2 
    -------------------------------------------------------------------------
ABSOLUTE
  Relative segment, address: DATA 000000B1 - 000000B1 (0x1 bytes), align: 0
  Segment part 5.             Intra module refs:   timer2_enable
           ENTRY                   ADDRESS         REF BY
           =====                   =======         ======
           _A_TCCR2B               000000B1 
    -------------------------------------------------------------------------
ABSOLUTE
  Relative segment, address: DATA 000000B0 - 000000B0 (0x1 bytes), align: 0
  Segment part 6.             Intra module refs:   timer2_enable
           ENTRY                   ADDRESS         REF BY
           =====                   =======         ======
           _A_TCCR2A               000000B0 
    -------------------------------------------------------------------------
ABSOLUTE
  Relative segment, address: DATA 00000070 - 00000070 (0x1 bytes), align: 0
  Segment part 7.             Intra module refs:   timer2_enable
           ENTRY                   ADDRESS         REF BY
           =====                   =======         ======
           _A_TIMSK2               00000070 
    -------------------------------------------------------------------------
ABSOLUTE
  Relative segment, address: DATA 0000006E - 0000006E (0x1 bytes), align: 0
  Segment part 8.             Intra module refs:   timer0_enable
           ENTRY                   ADDRESS         REF BY
           =====                   =======         ======
           _A_TIMSK0               0000006E 
    -------------------------------------------------------------------------
ABSOLUTE
  Relative segment, address: DATA 00000047 - 00000047 (0x1 bytes), align: 0
  Segment part 9.             Intra module refs:   timer0_enable
           ENTRY                   ADDRESS         REF BY
           =====                   =======         ======
           _A_OCR0A                00000047 
    -------------------------------------------------------------------------
ABSOLUTE
  Relative segment, address: DATA 00000045 - 00000045 (0x1 bytes), align: 0
  Segment part 10.            Intra module refs:   timer0_enable
           ENTRY                   ADDRESS         REF BY
           =====                   =======         ======
           _A_TCCR0B               00000045 
    -------------------------------------------------------------------------
ABSOLUTE
  Relative segment, address: DATA 00000044 - 00000044 (0x1 bytes), align: 0
  Segment part 11.            Intra module refs:   timer0_enable
           ENTRY                   ADDRESS         REF BY
           =====                   =======         ======
           _A_TCCR0A               00000044 
    -------------------------------------------------------------------------
ABSOLUTE
  Relative segment, address: DATA 00000035 - 00000035 (0x1 bytes), align: 0
  Segment part 12.            Intra module refs:   timer0_enable
           ENTRY                   ADDRESS         REF BY
           =====                   =======         ======
           _A_TIFR0                00000035 
    -------------------------------------------------------------------------
ABSOLUTE
  Relative segment, address: DATA 00000028 - 00000028 (0x1 bytes), align: 0
  Segment part 13.            Intra module refs:   Dled_light_on_ms
                                                   IO_Initial (board)
                                                   led_blinking_disable
                                                   motion_detect
                                                   scs_pnl_none_confed_master
                                                   start_conf
                                                   timer2_ovf_ser (board)
           ENTRY                   ADDRESS         REF BY
           =====                   =======         ======
           _A_PORTC                00000028 
    -------------------------------------------------------------------------
CODE
  Relative segment, address: CODE 00001CEE - 00001DD9 (0xec bytes), align: 1
  Segment part 34.
           ENTRY                   ADDRESS         REF BY
           =====                   =======         ======
           Mode_frame_GR           00001CEE        Check_SCS_received (function_service)
                                                   Check_frame_received (function_service)
                                                   GS_presence_send (function_service)
                                                   ON_takeline (function_service)
                                                   _Initial_state (function_service)
                                                   _Maintain_state (function_service)
                                                   _ReTrigger_State (function_service)
                                                   _Standby_state (function_service)
                                                   frame_OFF_send (function_service)
                                                   frame_ON_send (function_service)
               calls direct
               stack 1 = 00000000 ( 0000000B )
               stack 2 = 00000000 ( 00000002 )
    -------------------------------------------------------------------------
CODE
  Relative segment, address: CODE 00001DDA - 00001ECB (0xf2 bytes), align: 1
  Segment part 35.            Intra module refs:   Actuator_regulation
                                                   Dimmer_regulation
           ENTRY                   ADDRESS         REF BY
           =====                   =======         ======
           Mode_frame_P2P          00001DDA 
               calls direct
               stack 1 = 00000000 ( 00000019 )
               stack 2 = 00000000 ( 00000002 )
    -------------------------------------------------------------------------
CODE
  Relative segment, address: CODE 00001ECC - 00001F97 (0xcc bytes), align: 1
  Segment part 36.
           ENTRY                   ADDRESS         REF BY
           =====                   =======         ======
           frame_M2_answer         00001ECC        Check_SCS_received (function_service)
                                                   Function_KO128 (function_service)
                                                   decode_SCS (decode_scs)
               calls direct
               stack 1 = 00000000 ( 00000018 )
               stack 2 = 00000000 ( 00000004 )
    -------------------------------------------------------------------------
CODE
  Relative segment, address: CODE 00001F98 - 00002011 (0x7a bytes), align: 1
  Segment part 37.
           ENTRY                   ADDRESS         REF BY
           =====                   =======         ======
           DLL_setpoint            00001F98        Check_SCS_received (function_service)
               calls direct
               stack 1 = 00000000 ( 00000001 )
               stack 2 = 00000000 ( 00000004 )
    -------------------------------------------------------------------------
CODE
  Relative segment, address: CODE 00002012 - 00002183 (0x172 bytes), align: 1
  Segment part 38.            Intra module refs:   Dimmer_regulation
                                                   daylight_set_init
           ENTRY                   ADDRESS         REF BY
           =====                   =======         ======
           factor_divcalc          00002012 
               stack 1 = 00000000 ( 00000006 )
               stack 2 = 00000000 ( 00000004 )
    -------------------------------------------------------------------------
NEAR_Z
  Relative segment, address: DATA 00000402 - 00000409 (0x8 bytes), align: 0
  Segment part 31.            Intra module refs:   factor_divcalc
    -------------------------------------------------------------------------
CODE
  Relative segment, address: CODE 00002184 - 0000227D (0xfa bytes), align: 1
  Segment part 40.            Intra module refs:   Light_regulation
           ENTRY                   ADDRESS         REF BY
           =====                   =======         ======
           Actuator_regulation     00002184 
               calls direct
               stack 1 = 00000000 ( 00000002 )
               stack 2 = 00000000 ( 00000002 )
    -------------------------------------------------------------------------
CODE
  Relative segment, address: CODE 0000227E - 000024AF (0x232 bytes), align: 1
  Segment part 41.            Intra module refs:   Light_regulation
           ENTRY                   ADDRESS         REF BY
           =====                   =======         ======
           Dimmer_regulation       0000227E 
               calls direct
               stack 1 = 00000000 ( 00000006 )
               stack 2 = 00000000 ( 00000004 )
    -------------------------------------------------------------------------
CODE
  Relative segment, address: CODE 000024B0 - 000024CD (0x1e bytes), align: 1
  Segment part 43.
           ENTRY                   ADDRESS         REF BY
           =====                   =======         ======
           Light_regulation        000024B0        Function_KO168 (function_service)
               calls direct
               stack 1 = 00000000 ( 00000000 )
               stack 2 = 00000000 ( 00000002 )
    -------------------------------------------------------------------------
CODE
  Relative segment, address: CODE 000024CE - 0000251F (0x52 bytes), align: 1
  Segment part 44.            Intra module refs:   DLL_setpoint
           ENTRY                   ADDRESS         REF BY
           =====                   =======         ======
           daylight_set_init       000024CE        function_service_init (function_service)
               calls direct
               stack 1 = 00000000 ( 00000000 )
               stack 2 = 00000000 ( 00000004 )
    -------------------------------------------------------------------------
CODE
  Relative segment, address: CODE 00002520 - 00002599 (0x7a bytes), align: 1
  Segment part 45.            Intra module refs:   daylight_service
           ENTRY                   ADDRESS         REF BY
           =====                   =======         ======
           PofL_calc               00002520 
               stack 1 = 00000000 ( 00000000 )
               stack 2 = 00000000 ( 00000004 )
    -------------------------------------------------------------------------
CODE
  Relative segment, address: CODE 0000259A - 000027BB (0x222 bytes), align: 1
  Segment part 46.
           ENTRY                   ADDRESS         REF BY
           =====                   =======         ======
           daylight_service        0000259A        Function_KO128 (function_service)
                                                   Function_KO166 (function_service)
                                                   Function_KO168 (function_service)
               calls direct
               stack 1 = 00000000 ( 00000004 )
               stack 2 = 00000000 ( 00000004 )
    -------------------------------------------------------------------------
CODE
  Relative segment, address: CODE 000027BC - 0000283B (0x80 bytes), align: 1
  Segment part 47.            Intra module refs:   DLL_setpoint
                                                   daylight_service
           ENTRY                   ADDRESS         REF BY
           =====                   =======         ======
           get_dl_level            000027BC 
               calls direct
               stack 1 = 00000000 ( 00000000 )
               stack 2 = 00000000 ( 00000004 )
    -------------------------------------------------------------------------
CODE
  Relative segment, address: CODE 0000283C - 00002935 (0xfa bytes), align: 1
  Segment part 48.            Intra module refs:   get_dl_level
           ENTRY                   ADDRESS         REF BY
           =====                   =======         ======
           real_daylight_calc      0000283C 
               calls direct
               stack 1 = 00000000 ( 00000002 )
               stack 2 = 00000000 ( 00000004 )
    -------------------------------------------------------------------------
CODE
  Relative segment, address: CODE 00002936 - 0000294B (0x16 bytes), align: 1
  Segment part 49.
           ENTRY                   ADDRESS         REF BY
           =====                   =======         ======
           timer0_enable           00002936        function_service_init (function_service)
               stack 1 = 00000000 ( 00000000 )
               stack 2 = 00000000 ( 00000002 )
    -------------------------------------------------------------------------
CODE
  Relative segment, address: CODE 0000294C - 00002977 (0x2c bytes), align: 1
  Segment part 50.
           ENTRY                   ADDRESS         REF BY
           =====                   =======         ======
           timer2_enable           0000294C        main (main)
               stack 1 = 00000000 ( 00000000 )
               stack 2 = 00000000 ( 00000002 )
    -------------------------------------------------------------------------
CODE
  Relative segment, address: CODE 00002978 - 000029DF (0x68 bytes), align: 1
  Segment part 51.
           ENTRY                   ADDRESS         REF BY
           =====                   =======         ======
           motion_detect           00002978        occupancy_detect (function_service)
               calls direct
               stack 1 = 00000000 ( 00000001 )
               stack 2 = 00000000 ( 00000002 )
    -------------------------------------------------------------------------
CODE
  Relative segment, address: CODE 000029E0 - 00002A17 (0x38 bytes), align: 1
  Segment part 52.            Intra module refs:   motion_detect
           ENTRY                   ADDRESS         REF BY
           =====                   =======         ======
           get_us                  000029E0 
               calls direct
               stack 1 = 00000000 ( 00000001 )
               stack 2 = 00000000 ( 00000002 )
    -------------------------------------------------------------------------
CODE
  Relative segment, address: CODE 00002A18 - 00002A9B (0x84 bytes), align: 1
  Segment part 54.
           ENTRY                   ADDRESS         REF BY
           =====                   =======         ======
           button_press_detect     00002A18        main (main)
               calls direct
               stack 1 = 00000000 ( 00000000 )
               stack 2 = 00000000 ( 00000002 )
    -------------------------------------------------------------------------
CODE
  Relative segment, address: CODE 00002A9C - 0000302B (0x590 bytes), align: 1
  Segment part 56.            Intra module refs:   service_main
           ENTRY                   ADDRESS         REF BY
           =====                   =======         ======
           scs_pnl_advance_master
                                   00002A9C 
               calls direct
               stack 1 = 00000000 ( 00000014 )
               stack 2 = 00000000 ( 00000004 )
    -------------------------------------------------------------------------
NEAR_Z
  Relative segment, address: DATA 0000040A - 0000040E (0x5 bytes), align: 0
  Segment part 33.            Intra module refs:   scs_pnl_advance_master
    -------------------------------------------------------------------------
CODE
  Relative segment, address: CODE 0000302C - 0000336F (0x344 bytes), align: 1
  Segment part 57.            Intra module refs:   service_main
           ENTRY                   ADDRESS         REF BY
           =====                   =======         ======
           scs_pnl_none_confed_master
                                   0000302C 
               calls direct
               stack 1 = 00000000 ( 00000000 )
               stack 2 = 00000000 ( 00000004 )
    -------------------------------------------------------------------------
CODE
  Relative segment, address: CODE 00003370 - 0000376F (0x400 bytes), align: 1
  Segment part 58.            Intra module refs:   service_main
           ENTRY                   ADDRESS         REF BY
           =====                   =======         ======
           scs_pnl_advance_slave   00003370 
               calls direct
               stack 1 = 00000000 ( 00000014 )
               stack 2 = 00000000 ( 00000004 )
    -------------------------------------------------------------------------
CODE
  Relative segment, address: CODE 00003770 - 00003993 (0x224 bytes), align: 1
  Segment part 60.            Intra module refs:   service_main
           ENTRY                   ADDRESS         REF BY
           =====                   =======         ======
           scs_pnl_none_confed_slave
                                   00003770 
               calls direct
               stack 1 = 00000000 ( 00000000 )
               stack 2 = 00000000 ( 00000004 )
    -------------------------------------------------------------------------
CODE
  Relative segment, address: CODE 00003994 - 000039A7 (0x14 bytes), align: 1
  Segment part 62.            Intra module refs:   button_press_detect
           ENTRY                   ADDRESS         REF BY
           =====                   =======         ======
           key_time_clear          00003994 
               stack 1 = 00000000 ( 00000000 )
               stack 2 = 00000000 ( 00000002 )
    -------------------------------------------------------------------------
CODE
  Relative segment, address: CODE 000039A8 - 000039E9 (0x42 bytes), align: 1
  Segment part 63.            Intra module refs:   led_blinking_ms
                                                   led_blinking_normal
                                                   scs_pnl_advance_master
                                                   scs_pnl_advance_slave
                                                   scs_pnl_none_confed_master
                                                   scs_pnl_none_confed_slave
                                                   service_main
                                                   start_conf
           ENTRY                   ADDRESS         REF BY
           =====                   =======         ======
           led_blinking            000039A8        decode_IR (IR)
                                                   ir_pnl (IR)
                                                   scs_calibration (decode_scs)
                                                   timer2_ovf_ser (board)
               stack 1 = 00000000 ( 00000004 )
               stack 2 = 00000000 ( 00000002 )
    -------------------------------------------------------------------------
CODE
  Relative segment, address: CODE 000039EA - 00003A21 (0x38 bytes), align: 1
  Segment part 64.
           ENTRY                   ADDRESS         REF BY
           =====                   =======         ======
           led_blinking_ms         000039EA        configuration_procedure (decode_scs_next)
               calls direct
               stack 1 = 00000000 ( 00000008 )
               stack 2 = 00000000 ( 00000002 )
    -------------------------------------------------------------------------
CODE
  Relative segment, address: CODE 00003A22 - 00003A49 (0x28 bytes), align: 1
  Segment part 65.
           ENTRY                   ADDRESS         REF BY
           =====                   =======         ======
           Dled_light_on_ms        00003A22        occupancy_detect (function_service)
               stack 1 = 00000000 ( 00000000 )
               stack 2 = 00000000 ( 00000002 )
    -------------------------------------------------------------------------
CODE
  Relative segment, address: CODE 00003A4A - 00003A63 (0x1a bytes), align: 1
  Segment part 66.            Intra module refs:   PnL_ad_end
                                                   led_blinking_normal
                                                   scs_pnl_advance_master
                                                   scs_pnl_advance_slave
                                                   scs_pnl_none_confed_master
                                                   service_main
           ENTRY                   ADDRESS         REF BY
           =====                   =======         ======
           led_blinking_disable    00003A4A        ir_pnl (IR)
                                                   scs_calibration (decode_scs)
                                                   timer2_ovf_ser (board)
               stack 1 = 00000000 ( 00000000 )
               stack 2 = 00000000 ( 00000002 )
    -------------------------------------------------------------------------
CODE
  Relative segment, address: CODE 00003A64 - 00003A8D (0x2a bytes), align: 1
  Segment part 67.            Intra module refs:   scs_pnl_advance_master
                                                   scs_pnl_advance_slave
                                                   scs_pnl_none_confed_master
                                                   scs_pnl_none_confed_slave
                                                   service_main
           ENTRY                   ADDRESS         REF BY
           =====                   =======         ======
           timer_flex_initial      00003A64        configuration_procedure (decode_scs_next)
                                                   decode_IR (IR)
                                                   id_frame (decode_scs_next)
                                                   ir_pnl (IR)
               stack 1 = 00000000 ( 00000000 )
               stack 2 = 00000000 ( 00000002 )
    -------------------------------------------------------------------------
CODE
  Relative segment, address: CODE 00003A8E - 00003AB7 (0x2a bytes), align: 1
  Segment part 68.            Intra module refs:   scs_pnl_advance_slave
           ENTRY                   ADDRESS         REF BY
           =====                   =======         ======
           timer_flex2_initial     00003A8E 
               stack 1 = 00000000 ( 00000000 )
               stack 2 = 00000000 ( 00000002 )
    -------------------------------------------------------------------------
CODE
  Relative segment, address: CODE 00003AB8 - 00003AF1 (0x3a bytes), align: 1
  Segment part 69.
           ENTRY                   ADDRESS         REF BY
           =====                   =======         ======
           all_reception_buffer_clear
                                   00003AB8        main (main)
               calls direct
               stack 1 = 00000000 ( 00000001 )
               stack 2 = 00000000 ( 00000004 )
    -------------------------------------------------------------------------
CODE
  Relative segment, address: CODE 00003AF2 - 00003B19 (0x28 bytes), align: 1
  Segment part 70.
           ENTRY                   ADDRESS         REF BY
           =====                   =======         ======
           manual_reception_buffer_clear
                                   00003AF2        KO_answer_frame (decode_scs_next)
                                                   configuration_read (configuration)
                                                   configuration_setting_frame (decode_scs_next)
                                                   parameter_all_answer (decode_scs_next)
               stack 1 = 00000000 ( 00000001 )
               stack 2 = 00000000 ( 00000004 )
    -------------------------------------------------------------------------
CODE
  Relative segment, address: CODE 00003B1A - 00003EB3 (0x39a bytes), align: 1
  Segment part 71.
           ENTRY                   ADDRESS         REF BY
           =====                   =======         ======
           start_conf              00003B1A        main (main)
               calls direct
               stack 1 = 00000000 ( 00000013 )
               stack 2 = 00000000 ( 00000004 )
    -------------------------------------------------------------------------
CODE
  Relative segment, address: CODE 00003EB4 - 00003FFD (0x14a bytes), align: 1
  Segment part 72.            Intra module refs:   scs_pnl_advance_master
                                                   scs_pnl_none_confed_master
           ENTRY                   ADDRESS         REF BY
           =====                   =======         ======
           factory_default         00003EB4        configuration_procedure (decode_scs_next)
                                                   decode_IR (IR)
               calls direct
               stack 1 = 00000000 ( 00000035 )
               stack 2 = 00000000 ( 00000004 )
    -------------------------------------------------------------------------
CODE
  Relative segment, address: CODE 00003FFE - 0000415D (0x160 bytes), align: 1
  Segment part 73.            Intra module refs:   Segment part 88
           ENTRY                   ADDRESS         REF BY
           =====                   =======         ======
           configurator_to_KO      00003FFE        load_parameter (configuration)
               stack 1 = 00000000 ( 00000000 )
               stack 2 = 00000000 ( 00000004 )
    -------------------------------------------------------------------------
CODE
  Relative segment, address: CODE 0000415E - 00004319 (0x1bc bytes), align: 1
  Segment part 74.            Intra module refs:   Segment part 89
           ENTRY                   ADDRESS         REF BY
           =====                   =======         ======
           service_main            0000415E        main (main)
               calls direct
               stack 1 = 00000000 ( 00000000 )
               stack 2 = 00000000 ( 00000002 )
    -------------------------------------------------------------------------
CODE
  Relative segment, address: CODE 0000431A - 00004327 (0xe bytes), align: 1
  Segment part 76.            Intra module refs:   scs_pnl_none_confed_master
           ENTRY                   ADDRESS         REF BY
           =====                   =======         ======
           frame_send_disable_automatic_control
                                   0000431A 
               calls direct
               stack 1 = 00000000 ( 00000000 )
               stack 2 = 00000000 ( 00000002 )
    -------------------------------------------------------------------------
CODE
  Relative segment, address: CODE 00004328 - 00004335 (0xe bytes), align: 1
  Segment part 77.            Intra module refs:   PnL_NONE_end
                                                   scs_pnl_none_confed_master
           ENTRY                   ADDRESS         REF BY
           =====                   =======         ======
           frame_send_enable_automatic_control
                                   00004328 
               calls direct
               stack 1 = 00000000 ( 00000000 )
               stack 2 = 00000000 ( 00000002 )
    -------------------------------------------------------------------------
CODE
  Relative segment, address: CODE 00004336 - 00004343 (0xe bytes), align: 1
  Segment part 78.            Intra module refs:   scs_pnl_none_confed_master
           ENTRY                   ADDRESS         REF BY
           =====                   =======         ======
           frame_send_start_pnl_none_group_confed
                                   00004336 
               calls direct
               stack 1 = 00000000 ( 00000000 )
               stack 2 = 00000000 ( 00000002 )
    -------------------------------------------------------------------------
CODE
  Relative segment, address: CODE 00004344 - 0000437D (0x3a bytes), align: 1
  Segment part 79.            Intra module refs:   scs_pnl_none_confed_master
           ENTRY                   ADDRESS         REF BY
           =====                   =======         ======
           frame_send_start_pnl_group_confed
                                   00004344 
               calls direct
               stack 1 = 00000000 ( 00000014 )
               stack 2 = 00000000 ( 00000004 )
    -------------------------------------------------------------------------
CODE
  Relative segment, address: CODE 0000437E - 0000438B (0xe bytes), align: 1
  Segment part 80.            Intra module refs:   PnL_NONE_end
                                                   scs_pnl_none_confed_master
           ENTRY                   ADDRESS         REF BY
           =====                   =======         ======
           frame_send_end_pnl      0000437E 
               calls direct
               stack 1 = 00000000 ( 00000000 )
               stack 2 = 00000000 ( 00000002 )
    -------------------------------------------------------------------------
CODE
  Relative segment, address: CODE 0000438C - 00004399 (0xe bytes), align: 1
  Segment part 81.            Intra module refs:   scs_pnl_none_confed_master
           ENTRY                   ADDRESS         REF BY
           =====                   =======         ======
           frame_send_group_request
                                   0000438C 
               calls direct
               stack 1 = 00000000 ( 00000000 )
               stack 2 = 00000000 ( 00000002 )
    -------------------------------------------------------------------------
CODE
  Relative segment, address: CODE 0000439A - 0000441B (0x82 bytes), align: 1
  Segment part 82.            Intra module refs:   PnL_NONE_end
                                                   scs_pnl_advance_slave
                                                   scs_pnl_none_confed_master
                                                   scs_pnl_none_confed_slave
                                                   service_main
                                                   start_conf
           ENTRY                   ADDRESS         REF BY
           =====                   =======         ======
           led_blinking_normal     0000439A        configuration_procedure (decode_scs_next)
                                                   configuration_receive_answer_frame (decode_scs_next)
                                                   decode_IR (IR)
               calls direct
               stack 1 = 00000000 ( 00000003 )
               stack 2 = 00000000 ( 00000004 )
    -------------------------------------------------------------------------
CODE
  Relative segment, address: CODE 0000441C - 00004493 (0x78 bytes), align: 1
  Segment part 83.            Intra module refs:   scs_pnl_none_confed_master
                                                   scs_pnl_none_confed_slave
           ENTRY                   ADDRESS         REF BY
           =====                   =======         ======
           load_default_advance_parameter
                                   0000441C 
               calls direct
               stack 1 = 00000000 ( 00000002 )
               stack 2 = 00000000 ( 00000004 )
    -------------------------------------------------------------------------
CODE
  Relative segment, address: CODE 00004494 - 000044BD (0x2a bytes), align: 1
  Segment part 84.            Intra module refs:   scs_pnl_advance_master
                                                   scs_pnl_none_confed_master
           ENTRY                   ADDRESS         REF BY
           =====                   =======         ======
           led_blinking_stage2_initial
                                   00004494 
               stack 1 = 00000000 ( 00000000 )
               stack 2 = 00000000 ( 00000002 )
    -------------------------------------------------------------------------
CODE
  Relative segment, address: CODE 000044BE - 00004523 (0x66 bytes), align: 1
  Segment part 85.            Intra module refs:   scs_pnl_advance_master
           ENTRY                   ADDRESS         REF BY
           =====                   =======         ======
           PnL_ad_end              000044BE        timer2_ovf_ser (board)
               calls direct
               stack 1 = 00000000 ( 00000014 )
               stack 2 = 00000000 ( 00000002 )
    -------------------------------------------------------------------------
CODE
  Relative segment, address: CODE 00004524 - 00004539 (0x16 bytes), align: 1
  Segment part 86.            Intra module refs:   scs_pnl_none_confed_master
           ENTRY                   ADDRESS         REF BY
           =====                   =======         ======
           PnL_NONE_end            00004524        timer2_ovf_ser (board)
               calls direct
               stack 1 = 00000000 ( 00000000 )
               stack 2 = 00000000 ( 00000002 )
    -------------------------------------------------------------------------
CODE
  Relative segment, address: CODE 0000453A - 00004565 (0x2c bytes), align: 1
  Segment part 87.            Intra module refs:   Actuator_regulation
                                                   Dimmer_regulation
           ENTRY                   ADDRESS         REF BY
           =====                   =======         ======
           regulation_timer_initial
                                   0000453A        Check_SCS_received (function_service)
               stack 1 = 00000000 ( 00000000 )
               stack 2 = 00000000 ( 00000002 )
    -------------------------------------------------------------------------
NEAR_ID
  Relative segment, address: CODE 0000B59A - 0000B5F8 (0x5f bytes), align: 0
  Segment part 23.            Intra module refs:   Segment part 22
    -------------------------------------------------------------------------
NEAR_ID
  Relative segment, address: CODE 0000B5F9 - 0000B60F (0x17 bytes), align: 0
  Segment part 27.            Intra module refs:   Segment part 26
    -------------------------------------------------------------------------
NEAR_ID
  Relative segment, address: CODE 0000B610 - 0000B631 (0x22 bytes), align: 0
  Segment part 29.            Intra module refs:   Segment part 28
    -------------------------------------------------------------------------
SWITCH
  Relative segment, address: CODE 000002EC - 00000305 (0x1a bytes), align: 1
  Segment part 88.            Intra module refs:   configurator_to_KO
    -------------------------------------------------------------------------
SWITCH
  Relative segment, address: CODE 00000306 - 0000031F (0x1a bytes), align: 1
  Segment part 89.            Intra module refs:   service_main
    -------------------------------------------------------------------------
NEAR_I
  Relative segment, address: DATA 000001F0 - 0000024E (0x5f bytes), align: 0
  Segment part 22.            Intra module refs:   PnL_ad_end
                                                   frame_send_disable_automatic_control
                                                   frame_send_enable_automatic_control
                                                   frame_send_end_pnl
                                                   frame_send_group_request
                                                   frame_send_start_pnl_none_group_confed
                                                   scs_pnl_advance_master
                                                   scs_pnl_advance_slave
                                                   scs_pnl_none_confed_master
                                                   scs_pnl_none_confed_slave
    -------------------------------------------------------------------------
NEAR_I
  Relative segment, address: DATA 0000024F - 00000265 (0x17 bytes), align: 0
  Segment part 26.            Intra module refs:   start_conf
    -------------------------------------------------------------------------
NEAR_I
  Relative segment, address: DATA 00000266 - 00000287 (0x22 bytes), align: 0
  Segment part 28.            Intra module refs:   service_main
    -------------------------------------------------------------------------
NEAR_F
  Relative segment, address: CODE 0000007C - 0000008C (0x11 bytes), align: 0
  Segment part 21.            Intra module refs:   scs_pnl_advance_master
    -------------------------------------------------------------------------
NEAR_F
  Relative segment, address: CODE 0000008D - 0000009D (0x11 bytes), align: 0
  Segment part 25.            Intra module refs:   scs_pnl_advance_slave
    -------------------------------------------------------------------------
NEAR_F
  Relative segment, address: CODE 0000009E - 000000AE (0x11 bytes), align: 0
  Segment part 30.            Intra module refs:   frame_send_start_pnl_group_confed

    *************************************************************************

  FILE NAME : D:\avr\Uart_Interrupt\LM_Universal\LM_IAR_V5.0\Alan\Release\Obj\board.r90
  PROGRAM MODULE, NAME : board

  SEGMENTS IN THE MODULE
  ======================
ABSOLUTE
  Relative segment, address: DATA 0000007E - 0000007E (0x1 bytes), align: 0
  Segment part 8.             Intra module refs:   adc_initial
           ENTRY                   ADDRESS         REF BY
           =====                   =======         ======
           _A_DIDR0                0000007E 
    -------------------------------------------------------------------------
ABSOLUTE
  Relative segment, address: DATA 0000007C - 0000007C (0x1 bytes), align: 0
  Segment part 9.             Intra module refs:   adc_initial
                                                   read_adc10bit
                                                   read_adc8bit
           ENTRY                   ADDRESS         REF BY
           =====                   =======         ======
           _A_ADMUX                0000007C 
    -------------------------------------------------------------------------
ABSOLUTE
  Relative segment, address: DATA 0000007A - 0000007A (0x1 bytes), align: 0
  Segment part 10.            Intra module refs:   adc_initial
                                                   read_adc10bit
                                                   read_adc8bit
           ENTRY                   ADDRESS         REF BY
           =====                   =======         ======
           _A_ADCSRA               0000007A 
    -------------------------------------------------------------------------
ABSOLUTE
  Relative segment, address: DATA 00000078 - 00000079 (0x2 bytes), align: 0
  Segment part 11.            Intra module refs:   read_adc10bit
                                                   read_adc8bit
           ENTRY                   ADDRESS         REF BY
           =====                   =======         ======
           _A_ADC                  00000078 
    -------------------------------------------------------------------------
ABSOLUTE
  Relative segment, address: DATA 00000060 - 00000060 (0x1 bytes), align: 0
  Segment part 13.            Intra module refs:   WDT_off
                                                   system_reset
           ENTRY                   ADDRESS         REF BY
           =====                   =======         ======
           _A_WDTCSR               00000060 
    -------------------------------------------------------------------------
ABSOLUTE
  Relative segment, address: DATA 00000054 - 00000054 (0x1 bytes), align: 0
  Segment part 14.            Intra module refs:   WDT_off
           ENTRY                   ADDRESS         REF BY
           =====                   =======         ======
           _A_MCUSR                00000054 
    -------------------------------------------------------------------------
ABSOLUTE
  Relative segment, address: DATA 0000002B - 0000002B (0x1 bytes), align: 0
  Segment part 15.            Intra module refs:   IO_Initial
                                                   timer2_ovf_ser
           ENTRY                   ADDRESS         REF BY
           =====                   =======         ======
           _A_PORTD                0000002B 
    -------------------------------------------------------------------------
ABSOLUTE
  Relative segment, address: DATA 0000002A - 0000002A (0x1 bytes), align: 0
  Segment part 16.            Intra module refs:   IO_Initial
           ENTRY                   ADDRESS         REF BY
           =====                   =======         ======
           _A_DDRD                 0000002A 
    -------------------------------------------------------------------------
ABSOLUTE
  Relative segment, address: DATA 00000027 - 00000027 (0x1 bytes), align: 0
  Segment part 18.            Intra module refs:   IO_Initial
           ENTRY                   ADDRESS         REF BY
           =====                   =======         ======
           _A_DDRC                 00000027 
    -------------------------------------------------------------------------
ABSOLUTE
  Relative segment, address: DATA 00000025 - 00000025 (0x1 bytes), align: 0
  Segment part 19.            Intra module refs:   IO_Initial
           ENTRY                   ADDRESS         REF BY
           =====                   =======         ======
           _A_PORTB                00000025 
    -------------------------------------------------------------------------
ABSOLUTE
  Relative segment, address: DATA 00000024 - 00000024 (0x1 bytes), align: 0
  Segment part 20.            Intra module refs:   IO_Initial
           ENTRY                   ADDRESS         REF BY
           =====                   =======         ======
           _A_DDRB                 00000024 
    -------------------------------------------------------------------------
ABSOLUTE
  Relative segment, address: DATA 00000023 - 00000023 (0x1 bytes), align: 0
  Segment part 21.            Intra module refs:   get_key
           ENTRY                   ADDRESS         REF BY
           =====                   =======         ======
           _A_PINB                 00000023 
    -------------------------------------------------------------------------
ABSOLUTE
  Relative segment, address: DATA 00000022 - 00000022 (0x1 bytes), align: 0
  Segment part 22.            Intra module refs:   IO_Initial
           ENTRY                   ADDRESS         REF BY
           =====                   =======         ======
           _A_PORTA                00000022 
    -------------------------------------------------------------------------
ABSOLUTE
  Relative segment, address: DATA 00000021 - 00000021 (0x1 bytes), align: 0
  Segment part 23.            Intra module refs:   IO_Initial
           ENTRY                   ADDRESS         REF BY
           =====                   =======         ======
           _A_DDRA                 00000021 
    -------------------------------------------------------------------------
CODE
  Relative segment, address: CODE 00004566 - 00004571 (0xc bytes), align: 1
  Segment part 33.            Intra module refs:   timer0_ovf_ser::??INTVEC 64
           ENTRY                   ADDRESS         REF BY
           =====                   =======         ======
           timer0_ovf_ser          00004566 
               interrupt function
               stack 1 = 00000000 ( 00000002 )
[...]
CODE
  Relative segment, address: CODE 0000B3D8 - 0000B3D9 (0x2 bytes), align: 1
  Segment part 7.             Intra module refs:   ?EPILOGUE_B10_L09
           ENTRY                   ADDRESS         REF BY
           =====                   =======         ======
           ?EPILOGUE_B9_L09        0000B3D8 
    -------------------------------------------------------------------------
CODE
  Relative segment, address: CODE 0000B3DA - 0000B3DB (0x2 bytes), align: 1
  Segment part 8.             Intra module refs:   ?EPILOGUE_B9_L09
           ENTRY                   ADDRESS         REF BY
           =====                   =======         ======
           ?EPILOGUE_B8_L09        0000B3DA        function_service_init (function_service)
    -------------------------------------------------------------------------
CODE
  Relative segment, address: CODE 0000B3DC - 0000B3DD (0x2 bytes), align: 1
  Segment part 9.             Intra module refs:   ?EPILOGUE_B8_L09
           ENTRY                   ADDRESS         REF BY
           =====                   =======         ======
           ?EPILOGUE_B7_L09        0000B3DC        Mode_frame_P2P (application)
    -------------------------------------------------------------------------
CODE
  Relative segment, address: CODE 0000B3DE - 0000B3DF (0x2 bytes), align: 1
  Segment part 10.            Intra module refs:   ?EPILOGUE_B7_L09
           ENTRY                   ADDRESS         REF BY
           =====                   =======         ======
           ?EPILOGUE_B6_L09        0000B3DE        exp (?exp)
                                                   factor_divcalc (application)
                                                   frame_M2_answer (application)
    -------------------------------------------------------------------------
CODE
  Relative segment, address: CODE 0000B3E0 - 0000B3E1 (0x2 bytes), align: 1
  Segment part 11.            Intra module refs:   ?EPILOGUE_B6_L09
           ENTRY                   ADDRESS         REF BY
           =====                   =======         ======
           ?EPILOGUE_B5_L09        0000B3E0        put_s1 (IR)
                                                   send_aux_frame (decode_scs_next)
    -------------------------------------------------------------------------
CODE
  Relative segment, address: CODE 0000B3E2 - 0000B3E3 (0x2 bytes), align: 1
  Segment part 12.            Intra module refs:   ?EPILOGUE_B5_L09
           ENTRY                   ADDRESS         REF BY
           =====                   =======         ======
           ?EPILOGUE_B4_L09        0000B3E2        Dimmer_regulation (application)
                                                   KO_answer_frame (decode_scs_next)
                                                   configuration_answer_frame (decode_scs_next)
                                                   configuration_procedure (decode_scs_next)
                                                   configuration_read (configuration)
                                                   daylight_service (application)
                                                   decode_SCS (decode_scs)
                                                   decode_id (decode_scs)
                                                   frame_buffer_clear (decode_scs_next)
                                                   global_variable_initial (global_variable)
                                                   ir_pnl (IR)
                                                   is_gateway_busy (decode_scs)
                                                   led_blinking_ms (application)
                                                   org_ext_broad (decode_scs_next)
                                                   parameter_all_answer (decode_scs_next)
                                                   parameter_setting_error_answer (decode_scs_next)
                                                   parameter_specified_index_answer (decode_scs_next)
                                                   scs_calibration (decode_scs)
                                                   send_frame_pp (decode_scs_next)
                                                   send_frame_pp_broad (decode_scs_next)
                                                   send_frame_pp_ext_broad (decode_scs_next)
                                                   send_group_pnl_frame (decode_scs_next)
    -------------------------------------------------------------------------
CODE
  Relative segment, address: CODE 0000B3E4 - 0000B3E5 (0x2 bytes), align: 1
  Segment part 13.            Intra module refs:   ?EPILOGUE_B4_L09
           ENTRY                   ADDRESS         REF BY
           =====                   =======         ======
           ?EPILOGUE_B3_L09        0000B3E4        Function_KO166 (function_service)
                                                   factory_default (application)
                                                   is_scenario_full (IR)
                                                   led_blinking_normal (application)
                                                   start_conf (application)
                                                   write_parameter_scenario (decode_scs_next)
    -------------------------------------------------------------------------
CODE
  Relative segment, address: CODE 0000B3E6 - 0000B3E7 (0x2 bytes), align: 1
  Segment part 14.            Intra module refs:   ?EPILOGUE_B3_L09
           ENTRY                   ADDRESS         REF BY
           =====                   =======         ======
           ?EPILOGUE_B2_L09        0000B3E6 
    -------------------------------------------------------------------------
CODE
  Relative segment, address: CODE 0000B3E8 - 0000B3E9 (0x2 bytes), align: 1
  Segment part 15.            Intra module refs:   ?EPILOGUE_B2_L09
           ENTRY                   ADDRESS         REF BY
           =====                   =======         ======
           ?EPILOGUE_B1_L09        0000B3E8 
    -------------------------------------------------------------------------
CODE
  Relative segment, address: CODE 0000B3EA - 0000B3F3 (0xa bytes), align: 1
  Segment part 16.            Intra module refs:   ?EPILOGUE_B1_L09
           ENTRY                   ADDRESS         REF BY
           =====                   =======         ======
           ?EPILOGUE_B0_L09        0000B3EA 

    -------------------------------------------------------------------------
  LIBRARY MODULE, NAME : ?REGISTER_CGREGR4_L10

  SEGMENTS IN THE MODULE
  ======================
CODE
  Relative segment, address: CODE 0000B3F4, align: 1
  Segment part 0.
           ENTRY                   ADDRESS         REF BY
           =====                   =======         ======
           ?Register_R4_is_cg_reg
                                   0000B3F4        Mode_frame_P2P (application)
                                                   decode_IR (IR)
                                                   exp (?exp)
                                                   factor_divcalc (application)
                                                   frame_M2_answer (application)
                                                   function_service_init (function_service)
                                                   put_s1 (IR)
                                                   send_aux_frame (decode_scs_next)
                                                   usart0_rx_ser (usart)

    -------------------------------------------------------------------------
  LIBRARY MODULE, NAME : ?REGISTER_CGREGR5_L10

  SEGMENTS IN THE MODULE
  ======================
CODE
  Relative segment, address: CODE 0000B3F4, align: 1
  Segment part 0.
           ENTRY                   ADDRESS         REF BY
           =====                   =======         ======
           ?Register_R5_is_cg_reg
                                   0000B3F4        Mode_frame_P2P (application)
                                                   decode_IR (IR)
                                                   exp (?exp)
                                                   factor_divcalc (application)
                                                   frame_M2_answer (application)
                                                   function_service_init (function_service)

    -------------------------------------------------------------------------
  LIBRARY MODULE, NAME : ?REGISTER_CGREGR6_L10

  SEGMENTS IN THE MODULE
  ======================
CODE
  Relative segment, address: CODE 0000B3F4, align: 1
  Segment part 0.
           ENTRY                   ADDRESS         REF BY
           =====                   =======         ======
           ?Register_R6_is_cg_reg
                                   0000B3F4        Mode_frame_P2P (application)
                                                   decode_IR (IR)
                                                   function_service_init (function_service)

    -------------------------------------------------------------------------
  LIBRARY MODULE, NAME : ?REGISTER_CGREGR7_L10

  SEGMENTS IN THE MODULE
  ======================
CODE
  Relative segment, address: CODE 0000B3F4, align: 1
  Segment part 0.
           ENTRY                   ADDRESS         REF BY
           =====                   =======         ======
           ?Register_R7_is_cg_reg
                                   0000B3F4        function_service_init (function_service)

    -------------------------------------------------------------------------
  LIBRARY MODULE, NAME : ?REGISTER_CGREGR8_L10

  SEGMENTS IN THE MODULE
  ======================
CODE
  Relative segment, address: CODE 0000B3F4, align: 1
  Segment part 0.
           ENTRY                   ADDRESS         REF BY
           =====                   =======         ======
           ?Register_R8_is_cg_reg
                                   0000B3F4        decode_IR (IR)

    -------------------------------------------------------------------------
  LIBRARY MODULE, NAME : ?REGISTER_CGREGR9_L10

  SEGMENTS IN THE MODULE
  ======================
CODE
  Relative segment, address: CODE 0000B3F4, align: 1
  Segment part 0.
           ENTRY                   ADDRESS         REF BY
           =====                   =======         ======
           ?Register_R9_is_cg_reg
                                   0000B3F4        decode_IR (IR)

    -------------------------------------------------------------------------
  LIBRARY MODULE, NAME : ?REGISTER_CGREGR10_L10

  SEGMENTS IN THE MODULE
  ======================
CODE
  Relative segment, address: CODE 0000B3F4, align: 1
  Segment part 0.
           ENTRY                   ADDRESS         REF BY
           =====                   =======         ======
           ?Register_R10_is_cg_reg
                                   0000B3F4        decode_IR (IR)

    -------------------------------------------------------------------------
  LIBRARY MODULE, NAME : ?REGISTER_CGREGR11_L10

  SEGMENTS IN THE MODULE
  ======================
CODE
  Relative segment, address: CODE 0000B3F4, align: 1
  Segment part 0.
           ENTRY                   ADDRESS         REF BY
           =====                   =======         ======
           ?Register_R11_is_cg_reg
                                   0000B3F4        decode_IR (IR)

    -------------------------------------------------------------------------
  LIBRARY MODULE, NAME : ?low_level_init

  SEGMENTS IN THE MODULE
  ======================
CODE
  Relative segment, address: CODE 0000B3F4 - 0000B3F7 (0x4 bytes), align: 1
  Segment part 3.
           ENTRY                   ADDRESS         REF BY
           =====                   =======         ======
           __low_level_init        0000B3F4        ?call_low_level_init (?C_STARTUP)
               stack 1 = 00000000 ( 00000000 )
               stack 2 = 00000000 ( 00000002 )

    -------------------------------------------------------------------------
  LIBRARY MODULE, NAME : ?segment_init

  SEGMENTS IN THE MODULE
  ======================
CODE
  Relative segment, address: CODE 0000B3F8 - 0000B3FF (0x8 bytes), align: 1
  Segment part 3.             Intra module refs:   __segment_init
           LOCAL                   ADDRESS         
           =====                   =======         
           __memclr                0000B3F8 
               stack 1 = 00000000 ( 00000000 )
               stack 2 = 00000000 ( 00000002 )
    -------------------------------------------------------------------------
CODE
  Relative segment, address: CODE 0000B400 - 0000B407 (0x8 bytes), align: 1
  Segment part 4.             Intra module refs:   __segment_init
           LOCAL                   ADDRESS         
           =====                   =======         
           __flashcpy              0000B400 
               stack 1 = 00000000 ( 00000000 )
               stack 2 = 00000000 ( 00000002 )
    -------------------------------------------------------------------------
CODE
  Relative segment, address: CODE 0000B408 - 0000B413 (0xc bytes), align: 1
  Segment part 5.             Intra module refs:   __flashcpy
                                                   __memclr
    -------------------------------------------------------------------------
CODE
  Relative segment, address: CODE 0000B414 - 0000B447 (0x34 bytes), align: 1
  Segment part 6.
           ENTRY                   ADDRESS         REF BY
           =====                   =======         ======
           __segment_init          0000B414        ?need_segment_init (?C_STARTUP)
               calls direct
               stack 1 = 00000000 ( 00000000 )
               stack 2 = 00000000 ( 00000002 )

    -------------------------------------------------------------------------
  LIBRARY MODULE, NAME : ?strcmp

  SEGMENTS IN THE MODULE
  ======================
CODE
  Relative segment, address: CODE 0000B448 - 0000B473 (0x2c bytes), align: 1
  Segment part 3.
           ENTRY                   ADDRESS         REF BY
           =====                   =======         ======
           strcmp                  0000B448        id_frame (decode_scs_next)
                                                   usart0_rx_ser (usart)
               stack 1 = 00000000 ( 00000000 )
               stack 2 = 00000000 ( 00000002 )

    -------------------------------------------------------------------------
  LIBRARY MODULE, NAME : ?strncpy

  SEGMENTS IN THE MODULE
  ======================
CODE
  Relative segment, address: CODE 0000B474 - 0000B49F (0x2c bytes), align: 1
  Segment part 3.
           ENTRY                   ADDRESS         REF BY
           =====                   =======         ======
           strncpy                 0000B474        KO_answer_frame (decode_scs_next)
                                                   PnL_ad_end (application)
                                                   configuration_answer_frame (decode_scs_next)
                                                   configuration_procedure (decode_scs_next)
                                                   configuration_setting_frame (decode_scs_next)
                                                   decode_IR (IR)
                                                   decode_SCS (decode_scs)
                                                   id_frame (decode_scs_next)
                                                   ir_pnl (IR)
                                                   scs_pnl_advance_master (application)
               stack 1 = 00000000 ( 00000004 )
               stack 2 = 00000000 ( 00000002 )
    -------------------------------------------------------------------------
CODE
  Relative segment, address: CODE 0000B4A0 - 0000B4A9 (0xa bytes), align: 1
  Segment part 4.             Intra module refs:   strncpy

    *************************************************************************

  DEFINED ABSOLUTE ENTRIES
  PROGRAM MODULE, NAME : ?FILLER_BYTES

  SEGMENTS IN THE MODULE
  ======================
INTVEC
  Common segment, address: CODE 00000000 - 0000007B (0x7c bytes), align: 0
  Segment part 0.




                ****************************************
                *                                      *
                *      SEGMENTS IN ADDRESS ORDER       *
                *                                      *
                ****************************************


SEGMENT              SPACE    START ADDRESS   END ADDRESS     SIZE  TYPE  ALIGN
=======              =====    =============   ===========     ====  ====  =====
INTVEC               CODE          00000000 - 0000007B          7C   com    1
NEAR_F               CODE          0000007C - 000002B8         23D   rel    0
SWITCH               CODE          000002BA - 000004BD         204   rel    1
INITTAB              CODE          000004BE - 000004C9           C   rel    0
CODE                 CODE          000004CA - 0000B4A9        AFE0   rel    1
TINY_ID              CODE               0000B4AA                     dse    0
NEAR_ID              CODE          0000B4AA - 0000B766         2BD   rel    0
ABSOLUTE             DATA               0000001F                     rel    0
                     DATA               00000020                   
                     DATA               00000021                   
                     DATA          00000027 - 00000028           2 
                     DATA          0000002A - 0000002B           2 
                     DATA          00000035 - 00000035           1 
                     DATA          00000044 - 00000045           2 
                     DATA          00000047 - 00000047           1 
                     DATA          00000054 - 00000054           1 
                     DATA          00000060 - 00000060           1 
                     DATA          0000006E - 0000006E           1 
                     DATA          00000070 - 00000070           1 
                     DATA          00000078 - 0000007A           3 
                     DATA          0000007C - 0000007C           1 
                     DATA          0000007E - 0000007E           1 
                     DATA          00000080 - 00000081           2 
                     DATA          00000086 - 0000008B           6 
                     DATA          000000B0 - 000000B4           5 
                     DATA          000000B6 - 000000B6           1 
                     DATA          000000C0 - 000000C2           3 
                     DATA          000000C4 - 000000C6           3 
                     DATA          000000C8 - 000000CA           3 
                     DATA          000000CC - 000000CE           3 
NEAR_I               DATA          00000100 - 000003BC         2BD   rel    0
NEAR_Z               DATA          000003BD - 00000748         38C   rel    0
RSTACK               DATA          00000749 - 00000788          40   dse    0
CSTACK               DATA          00000789 - 00000888         100   dse    0
EEPROM_I             XDATA         00000000 - 000000E3          E4   rel    0

                ****************************************
                *                                      *
                *        END OF CROSS REFERENCE        *
                *                                      *
                ****************************************

 46 950 bytes of CODE  memory
  1 929 bytes of DATA  memory (+ 48 absolute )
    228 bytes of XDATA memory

Errors: none
Warnings: none

